rfid-rc522.c:69:21:TM_MFRC522_Compare	8	static
rfid-rc522.c:79:6:handleError	8	static
rfid-rc522.c:443:6:TM_MFRC522_CS_Write	0	static
rfid-rc522.c:88:6:TM_MFRC522_WriteRegister	16	static
rfid-rc522.c:158:6:TM_MFRC522_Reset	8	static
rfid-rc522.c:111:9:TM_MFRC522_ReadRegister	32	static
rfid-rc522.c:137:6:TM_MFRC522_SetBitMask	16	static
rfid-rc522.c:141:6:TM_MFRC522_ClearBitMask	16	static
rfid-rc522.c:154:6:TM_MFRC522_AntennaOff	0	static
rfid-rc522.c:145:6:TM_MFRC522_AntennaOn	8	static
rfid-rc522.c:179:21:TM_MFRC522_ToCard	32	static
rfid-rc522.c:163:21:TM_MFRC522_Request	32	static
rfid-rc522.c:335:21:TM_MFRC522_Anticoll	32	static
rfid-rc522.c:359:21:TM_MFRC522_CalculateCRC	24	static
rfid-rc522.c:390:21:TM_MFRC522_SelectTag	40	static
rfid-rc522.c:432:6:TM_MFRC522_Halt	24	static
rfid-rc522.c:48:21:TM_MFRC522_Check	16	static
rfid-rc522.c:28:6:RFID_RC522_Init	8	static
rfid-rc522.c:447:6:bin_to_strhex	48	static
