rfid-rc522.c:64:21:TM_MFRC522_Compare	8	static
rfid-rc522.c:74:6:handleError	8	static
rfid-rc522.c:427:6:TM_MFRC522_CS_Write	0	static
rfid-rc522.c:83:6:TM_MFRC522_WriteRegister	16	static
rfid-rc522.c:153:6:TM_MFRC522_Reset	8	static
rfid-rc522.c:106:9:TM_MFRC522_ReadRegister	32	static
rfid-rc522.c:132:6:TM_MFRC522_SetBitMask	16	static
rfid-rc522.c:136:6:TM_MFRC522_ClearBitMask	16	static
rfid-rc522.c:149:6:TM_MFRC522_AntennaOff	0	static
rfid-rc522.c:140:6:TM_MFRC522_AntennaOn	8	static
rfid-rc522.c:173:21:TM_MFRC522_ToCard	32	static
rfid-rc522.c:158:21:TM_MFRC522_Request	32	static
rfid-rc522.c:319:21:TM_MFRC522_Anticoll	32	static
rfid-rc522.c:343:21:TM_MFRC522_CalculateCRC	24	static
rfid-rc522.c:374:21:TM_MFRC522_SelectTag	40	static
rfid-rc522.c:416:6:TM_MFRC522_Halt	24	static
rfid-rc522.c:44:21:TM_MFRC522_Check	16	static
rfid-rc522.c:24:6:RFID_RC522_Init	8	static
rfid-rc522.c:431:6:bin_to_strhex	48	static
