Archive member included to satisfy reference by file (symbol)

/opt/Atollic_TrueSTUDIO_for_STM32_x86_64_9.2.0/ARMTools/bin/../lib/gcc/arm-atollic-eabi/6.3.1/../../../../arm-atollic-eabi/lib/armv7e-m/fpu/fpv5-sp-d16/libc_nano.a(lib_a-init.o)
                              startup/startup_stm32f746xx.o (__libc_init_array)
/opt/Atollic_TrueSTUDIO_for_STM32_x86_64_9.2.0/ARMTools/bin/../lib/gcc/arm-atollic-eabi/6.3.1/../../../../arm-atollic-eabi/lib/armv7e-m/fpu/fpv5-sp-d16/libc_nano.a(lib_a-malloc.o)
                              Src/rfid-rc522.o (malloc)
/opt/Atollic_TrueSTUDIO_for_STM32_x86_64_9.2.0/ARMTools/bin/../lib/gcc/arm-atollic-eabi/6.3.1/../../../../arm-atollic-eabi/lib/armv7e-m/fpu/fpv5-sp-d16/libc_nano.a(lib_a-memcmp.o)
                              Middlewares/Third_Party/LwIP/src/netif/ethernet.o (memcmp)
/opt/Atollic_TrueSTUDIO_for_STM32_x86_64_9.2.0/ARMTools/bin/../lib/gcc/arm-atollic-eabi/6.3.1/../../../../arm-atollic-eabi/lib/armv7e-m/fpu/fpv5-sp-d16/libc_nano.a(lib_a-memcpy-stub.o)
                              Middlewares/Third_Party/FreeRTOS/Source/queue.o (memcpy)
/opt/Atollic_TrueSTUDIO_for_STM32_x86_64_9.2.0/ARMTools/bin/../lib/gcc/arm-atollic-eabi/6.3.1/../../../../arm-atollic-eabi/lib/armv7e-m/fpu/fpv5-sp-d16/libc_nano.a(lib_a-memset.o)
                              Middlewares/Third_Party/LwIP/src/api/netbuf.o (memset)
/opt/Atollic_TrueSTUDIO_for_STM32_x86_64_9.2.0/ARMTools/bin/../lib/gcc/arm-atollic-eabi/6.3.1/../../../../arm-atollic-eabi/lib/armv7e-m/fpu/fpv5-sp-d16/libc_nano.a(lib_a-nano-freer.o)
                              /opt/Atollic_TrueSTUDIO_for_STM32_x86_64_9.2.0/ARMTools/bin/../lib/gcc/arm-atollic-eabi/6.3.1/../../../../arm-atollic-eabi/lib/armv7e-m/fpu/fpv5-sp-d16/libc_nano.a(lib_a-malloc.o) (_free_r)
/opt/Atollic_TrueSTUDIO_for_STM32_x86_64_9.2.0/ARMTools/bin/../lib/gcc/arm-atollic-eabi/6.3.1/../../../../arm-atollic-eabi/lib/armv7e-m/fpu/fpv5-sp-d16/libc_nano.a(lib_a-nano-mallocr.o)
                              /opt/Atollic_TrueSTUDIO_for_STM32_x86_64_9.2.0/ARMTools/bin/../lib/gcc/arm-atollic-eabi/6.3.1/../../../../arm-atollic-eabi/lib/armv7e-m/fpu/fpv5-sp-d16/libc_nano.a(lib_a-malloc.o) (_malloc_r)
/opt/Atollic_TrueSTUDIO_for_STM32_x86_64_9.2.0/ARMTools/bin/../lib/gcc/arm-atollic-eabi/6.3.1/../../../../arm-atollic-eabi/lib/armv7e-m/fpu/fpv5-sp-d16/libc_nano.a(lib_a-printf.o)
                              Middlewares/Third_Party/LwIP/src/api/api_lib.o (printf)
/opt/Atollic_TrueSTUDIO_for_STM32_x86_64_9.2.0/ARMTools/bin/../lib/gcc/arm-atollic-eabi/6.3.1/../../../../arm-atollic-eabi/lib/armv7e-m/fpu/fpv5-sp-d16/libc_nano.a(lib_a-rand.o)
                              Middlewares/Third_Party/LwIP/src/core/ipv4/dhcp.o (rand)
/opt/Atollic_TrueSTUDIO_for_STM32_x86_64_9.2.0/ARMTools/bin/../lib/gcc/arm-atollic-eabi/6.3.1/../../../../arm-atollic-eabi/lib/armv7e-m/fpu/fpv5-sp-d16/libc_nano.a(lib_a-sbrkr.o)
                              /opt/Atollic_TrueSTUDIO_for_STM32_x86_64_9.2.0/ARMTools/bin/../lib/gcc/arm-atollic-eabi/6.3.1/../../../../arm-atollic-eabi/lib/armv7e-m/fpu/fpv5-sp-d16/libc_nano.a(lib_a-nano-mallocr.o) (_sbrk_r)
/opt/Atollic_TrueSTUDIO_for_STM32_x86_64_9.2.0/ARMTools/bin/../lib/gcc/arm-atollic-eabi/6.3.1/../../../../arm-atollic-eabi/lib/armv7e-m/fpu/fpv5-sp-d16/libc_nano.a(lib_a-strlen.o)
                              Middlewares/Third_Party/LwIP/src/apps/mqtt/mqtt.o (strlen)
/opt/Atollic_TrueSTUDIO_for_STM32_x86_64_9.2.0/ARMTools/bin/../lib/gcc/arm-atollic-eabi/6.3.1/../../../../arm-atollic-eabi/lib/armv7e-m/fpu/fpv5-sp-d16/libc_nano.a(lib_a-strncmp.o)
                              Middlewares/Third_Party/LwIP/src/core/def.o (strncmp)
/opt/Atollic_TrueSTUDIO_for_STM32_x86_64_9.2.0/ARMTools/bin/../lib/gcc/arm-atollic-eabi/6.3.1/../../../../arm-atollic-eabi/lib/armv7e-m/fpu/fpv5-sp-d16/libc_nano.a(lib_a-findfp.o)
                              /opt/Atollic_TrueSTUDIO_for_STM32_x86_64_9.2.0/ARMTools/bin/../lib/gcc/arm-atollic-eabi/6.3.1/../../../../arm-atollic-eabi/lib/armv7e-m/fpu/fpv5-sp-d16/libc_nano.a(lib_a-printf.o) (__sinit)
/opt/Atollic_TrueSTUDIO_for_STM32_x86_64_9.2.0/ARMTools/bin/../lib/gcc/arm-atollic-eabi/6.3.1/../../../../arm-atollic-eabi/lib/armv7e-m/fpu/fpv5-sp-d16/libc_nano.a(lib_a-fwalk.o)
                              /opt/Atollic_TrueSTUDIO_for_STM32_x86_64_9.2.0/ARMTools/bin/../lib/gcc/arm-atollic-eabi/6.3.1/../../../../arm-atollic-eabi/lib/armv7e-m/fpu/fpv5-sp-d16/libc_nano.a(lib_a-findfp.o) (_fwalk)
/opt/Atollic_TrueSTUDIO_for_STM32_x86_64_9.2.0/ARMTools/bin/../lib/gcc/arm-atollic-eabi/6.3.1/../../../../arm-atollic-eabi/lib/armv7e-m/fpu/fpv5-sp-d16/libc_nano.a(lib_a-impure.o)
                              /opt/Atollic_TrueSTUDIO_for_STM32_x86_64_9.2.0/ARMTools/bin/../lib/gcc/arm-atollic-eabi/6.3.1/../../../../arm-atollic-eabi/lib/armv7e-m/fpu/fpv5-sp-d16/libc_nano.a(lib_a-findfp.o) (_global_impure_ptr)
[...]
Memory Configuration

Name             Origin             Length             Attributes
RAM              0x0000000020000000 0x0000000000050000 xrw
FLASH            0x0000000008000000 0x0000000000100000 xr
*default*        0x0000000000000000 0xffffffffffffffff

Linker script and memory map

LOAD /opt/Atollic_TrueSTUDIO_for_STM32_x86_64_9.2.0/ARMTools/bin/../lib/gcc/arm-atollic-eabi/6.3.1/armv7e-m/fpu/fpv5-sp-d16/crti.o
LOAD /opt/Atollic_TrueSTUDIO_for_STM32_x86_64_9.2.0/ARMTools/bin/../lib/gcc/arm-atollic-eabi/6.3.1/armv7e-m/fpu/fpv5-sp-d16/crtbegin.o
LOAD Drivers/STM32F7xx_HAL_Driver/Src/stm32f7xx_hal.o
LOAD Drivers/STM32F7xx_HAL_Driver/Src/stm32f7xx_hal_cortex.o
LOAD Drivers/STM32F7xx_HAL_Driver/Src/stm32f7xx_hal_dma.o
LOAD Drivers/STM32F7xx_HAL_Driver/Src/stm32f7xx_hal_dma_ex.o
LOAD Drivers/STM32F7xx_HAL_Driver/Src/stm32f7xx_hal_eth.o
LOAD Drivers/STM32F7xx_HAL_Driver/Src/stm32f7xx_hal_flash.o
LOAD Drivers/STM32F7xx_HAL_Driver/Src/stm32f7xx_hal_flash_ex.o
LOAD Drivers/STM32F7xx_HAL_Driver/Src/stm32f7xx_hal_gpio.o
LOAD Drivers/STM32F7xx_HAL_Driver/Src/stm32f7xx_hal_i2c.o
LOAD Drivers/STM32F7xx_HAL_Driver/Src/stm32f7xx_hal_i2c_ex.o
LOAD Drivers/STM32F7xx_HAL_Driver/Src/stm32f7xx_hal_pcd.o
LOAD Drivers/STM32F7xx_HAL_Driver/Src/stm32f7xx_hal_pcd_ex.o
LOAD Drivers/STM32F7xx_HAL_Driver/Src/stm32f7xx_hal_pwr.o
LOAD Drivers/STM32F7xx_HAL_Driver/Src/stm32f7xx_hal_pwr_ex.o
LOAD Drivers/STM32F7xx_HAL_Driver/Src/stm32f7xx_hal_rcc.o
LOAD Drivers/STM32F7xx_HAL_Driver/Src/stm32f7xx_hal_rcc_ex.o
LOAD Drivers/STM32F7xx_HAL_Driver/Src/stm32f7xx_hal_spi.o
LOAD Drivers/STM32F7xx_HAL_Driver/Src/stm32f7xx_hal_tim.o
LOAD Drivers/STM32F7xx_HAL_Driver/Src/stm32f7xx_hal_tim_ex.o
LOAD Drivers/STM32F7xx_HAL_Driver/Src/stm32f7xx_hal_uart.o
LOAD Drivers/STM32F7xx_HAL_Driver/Src/stm32f7xx_ll_usb.o
LOAD Middlewares/Third_Party/FreeRTOS/Source/CMSIS_RTOS/cmsis_os.o
LOAD Middlewares/Third_Party/FreeRTOS/Source/croutine.o
LOAD Middlewares/Third_Party/FreeRTOS/Source/event_groups.o
LOAD Middlewares/Third_Party/FreeRTOS/Source/list.o
LOAD Middlewares/Third_Party/FreeRTOS/Source/portable/GCC/ARM_CM7/r0p1/port.o
LOAD Middlewares/Third_Party/FreeRTOS/Source/portable/MemMang/heap_4.o
LOAD Middlewares/Third_Party/FreeRTOS/Source/queue.o
LOAD Middlewares/Third_Party/FreeRTOS/Source/tasks.o
LOAD Middlewares/Third_Party/FreeRTOS/Source/timers.o
LOAD Middlewares/Third_Party/LwIP/src/api/api_lib.o
LOAD Middlewares/Third_Party/LwIP/src/api/api_msg.o
LOAD Middlewares/Third_Party/LwIP/src/api/err.o
LOAD Middlewares/Third_Party/LwIP/src/api/netbuf.o
LOAD Middlewares/Third_Party/LwIP/src/api/netdb.o
LOAD Middlewares/Third_Party/LwIP/src/api/netifapi.o
LOAD Middlewares/Third_Party/LwIP/src/api/sockets.o
LOAD Middlewares/Third_Party/LwIP/src/api/tcpip.o
LOAD Middlewares/Third_Party/LwIP/src/apps/mqtt/mqtt.o
LOAD Middlewares/Third_Party/LwIP/src/core/def.o
LOAD Middlewares/Third_Party/LwIP/src/core/dns.o
LOAD Middlewares/Third_Party/LwIP/src/core/inet_chksum.o
LOAD Middlewares/Third_Party/LwIP/src/core/init.o
LOAD Middlewares/Third_Party/LwIP/src/core/ip.o
LOAD Middlewares/Third_Party/LwIP/src/core/ipv4/autoip.o
LOAD Middlewares/Third_Party/LwIP/src/core/ipv4/dhcp.o
LOAD Middlewares/Third_Party/LwIP/src/core/ipv4/etharp.o
LOAD Middlewares/Third_Party/LwIP/src/core/ipv4/icmp.o
LOAD Middlewares/Third_Party/LwIP/src/core/ipv4/igmp.o
LOAD Middlewares/Third_Party/LwIP/src/core/ipv4/ip4.o
LOAD Middlewares/Third_Party/LwIP/src/core/ipv4/ip4_addr.o
LOAD Middlewares/Third_Party/LwIP/src/core/ipv4/ip4_frag.o
LOAD Middlewares/Third_Party/LwIP/src/core/ipv6/dhcp6.o
LOAD Middlewares/Third_Party/LwIP/src/core/ipv6/ethip6.o
LOAD Middlewares/Third_Party/LwIP/src/core/ipv6/icmp6.o
LOAD Middlewares/Third_Party/LwIP/src/core/ipv6/inet6.o
LOAD Middlewares/Third_Party/LwIP/src/core/ipv6/ip6.o
LOAD Middlewares/Third_Party/LwIP/src/core/ipv6/ip6_addr.o
LOAD Middlewares/Third_Party/LwIP/src/core/ipv6/ip6_frag.o
LOAD Middlewares/Third_Party/LwIP/src/core/ipv6/mld6.o
LOAD Middlewares/Third_Party/LwIP/src/core/ipv6/nd6.o
LOAD Middlewares/Third_Party/LwIP/src/core/mem.o
LOAD Middlewares/Third_Party/LwIP/src/core/memp.o
LOAD Middlewares/Third_Party/LwIP/src/core/netif.o
LOAD Middlewares/Third_Party/LwIP/src/core/pbuf.o
LOAD Middlewares/Third_Party/LwIP/src/core/raw.o
LOAD Middlewares/Third_Party/LwIP/src/core/stats.o
LOAD Middlewares/Third_Party/LwIP/src/core/sys.o
LOAD Middlewares/Third_Party/LwIP/src/core/tcp.o
LOAD Middlewares/Third_Party/LwIP/src/core/tcp_in.o
LOAD Middlewares/Third_Party/LwIP/src/core/tcp_out.o
LOAD Middlewares/Third_Party/LwIP/src/core/timeouts.o
LOAD Middlewares/Third_Party/LwIP/src/core/udp.o
LOAD Middlewares/Third_Party/LwIP/src/netif/ethernet.o
LOAD Middlewares/Third_Party/LwIP/src/netif/lowpan6.o
LOAD Middlewares/Third_Party/LwIP/src/netif/ppp/auth.o
LOAD Middlewares/Third_Party/LwIP/src/netif/ppp/ccp.o
LOAD Middlewares/Third_Party/LwIP/src/netif/ppp/chap-md5.o
LOAD Middlewares/Third_Party/LwIP/src/netif/ppp/chap-new.o
LOAD Middlewares/Third_Party/LwIP/src/netif/ppp/chap_ms.o
LOAD Middlewares/Third_Party/LwIP/src/netif/ppp/demand.o
LOAD Middlewares/Third_Party/LwIP/src/netif/ppp/eap.o
LOAD Middlewares/Third_Party/LwIP/src/netif/ppp/ecp.o
LOAD Middlewares/Third_Party/LwIP/src/netif/ppp/eui64.o
LOAD Middlewares/Third_Party/LwIP/src/netif/ppp/fsm.o
LOAD Middlewares/Third_Party/LwIP/src/netif/ppp/ipcp.o
LOAD Middlewares/Third_Party/LwIP/src/netif/ppp/ipv6cp.o
LOAD Middlewares/Third_Party/LwIP/src/netif/ppp/lcp.o
LOAD Middlewares/Third_Party/LwIP/src/netif/ppp/magic.o
LOAD Middlewares/Third_Party/LwIP/src/netif/ppp/mppe.o
LOAD Middlewares/Third_Party/LwIP/src/netif/ppp/multilink.o
LOAD Middlewares/Third_Party/LwIP/src/netif/ppp/ppp.o
LOAD Middlewares/Third_Party/LwIP/src/netif/ppp/pppapi.o
LOAD Middlewares/Third_Party/LwIP/src/netif/ppp/pppcrypt.o
LOAD Middlewares/Third_Party/LwIP/src/netif/ppp/pppoe.o
LOAD Middlewares/Third_Party/LwIP/src/netif/ppp/pppol2tp.o
LOAD Middlewares/Third_Party/LwIP/src/netif/ppp/pppos.o
LOAD Middlewares/Third_Party/LwIP/src/netif/ppp/upap.o
LOAD Middlewares/Third_Party/LwIP/src/netif/ppp/utils.o
LOAD Middlewares/Third_Party/LwIP/src/netif/ppp/vj.o
LOAD Middlewares/Third_Party/LwIP/src/netif/slipif.o
LOAD Middlewares/Third_Party/LwIP/system/OS/sys_arch.o
LOAD Src/dbgu.o
LOAD Src/ethernetif.o
LOAD Src/freertos.o
LOAD Src/lwip.o
LOAD Src/main.o
LOAD Src/rfid-rc522.o
LOAD Src/stm32f7xx_hal_msp.o
LOAD Src/stm32f7xx_hal_timebase_TIM.o
LOAD Src/stm32f7xx_it.o
LOAD Src/syscalls.o
LOAD Src/system_stm32f7xx.o
LOAD Src/term_io.o
LOAD Src/tm_stm32f4_mfrc522.o
LOAD startup/startup_stm32f746xx.o
                0x0000000000000080                malloc_getpagesize_P = 0x80
START GROUP
LOAD /opt/Atollic_TrueSTUDIO_for_STM32_x86_64_9.2.0/ARMTools/bin/../lib/gcc/arm-atollic-eabi/6.3.1/../../../../arm-atollic-eabi/lib/armv7e-m/fpu/fpv5-sp-d16/libc_nano.a
LOAD /opt/Atollic_TrueSTUDIO_for_STM32_x86_64_9.2.0/ARMTools/bin/../lib/gcc/arm-atollic-eabi/6.3.1/../../../../arm-atollic-eabi/lib/armv7e-m/fpu/fpv5-sp-d16/libm.a
END GROUP
START GROUP
LOAD /opt/Atollic_TrueSTUDIO_for_STM32_x86_64_9.2.0/ARMTools/bin/../lib/gcc/arm-atollic-eabi/6.3.1/armv7e-m/fpu/fpv5-sp-d16/libgcc.a
LOAD /opt/Atollic_TrueSTUDIO_for_STM32_x86_64_9.2.0/ARMTools/bin/../lib/gcc/arm-atollic-eabi/6.3.1/../../../../arm-atollic-eabi/lib/armv7e-m/fpu/fpv5-sp-d16/libc_nano.a
END GROUP
START GROUP
LOAD /opt/Atollic_TrueSTUDIO_for_STM32_x86_64_9.2.0/ARMTools/bin/../lib/gcc/arm-atollic-eabi/6.3.1/armv7e-m/fpu/fpv5-sp-d16/libgcc.a
LOAD /opt/Atollic_TrueSTUDIO_for_STM32_x86_64_9.2.0/ARMTools/bin/../lib/gcc/arm-atollic-eabi/6.3.1/../../../../arm-atollic-eabi/lib/armv7e-m/fpu/fpv5-sp-d16/libc_nano.a
LOAD /opt/Atollic_TrueSTUDIO_for_STM32_x86_64_9.2.0/ARMTools/bin/../lib/gcc/arm-atollic-eabi/6.3.1/../../../../arm-atollic-eabi/lib/armv7e-m/fpu/fpv5-sp-d16/libnosys.a
END GROUP
START GROUP
LOAD /opt/Atollic_TrueSTUDIO_for_STM32_x86_64_9.2.0/ARMTools/bin/../lib/gcc/arm-atollic-eabi/6.3.1/armv7e-m/fpu/fpv5-sp-d16/libgcc.a
LOAD /opt/Atollic_TrueSTUDIO_for_STM32_x86_64_9.2.0/ARMTools/bin/../lib/gcc/arm-atollic-eabi/6.3.1/../../../../arm-atollic-eabi/lib/armv7e-m/fpu/fpv5-sp-d16/libc_nano.a
LOAD /opt/Atollic_TrueSTUDIO_for_STM32_x86_64_9.2.0/ARMTools/bin/../lib/gcc/arm-atollic-eabi/6.3.1/../../../../arm-atollic-eabi/lib/armv7e-m/fpu/fpv5-sp-d16/libnosys.a
END GROUP
LOAD /opt/Atollic_TrueSTUDIO_for_STM32_x86_64_9.2.0/ARMTools/bin/../lib/gcc/arm-atollic-eabi/6.3.1/armv7e-m/fpu/fpv5-sp-d16/crtend.o
LOAD /opt/Atollic_TrueSTUDIO_for_STM32_x86_64_9.2.0/ARMTools/bin/../lib/gcc/arm-atollic-eabi/6.3.1/armv7e-m/fpu/fpv5-sp-d16/crtn.o
                0x0000000020050000                _estack = 0x20050000
                0x0000000000000200                _Min_Heap_Size = 0x200
                0x0000000000000400                _Min_Stack_Size = 0x400

.isr_vector     0x0000000008000000      0x1c8
                0x0000000008000000                . = ALIGN (0x4)
 *(.isr_vector)
 .isr_vector    0x0000000008000000      0x1c8 startup/startup_stm32f746xx.o
                0x0000000008000000                g_pfnVectors
                0x00000000080001c8                . = ALIGN (0x4)

.text           0x00000000080001d0     0xc8bc
                0x00000000080001d0                . = ALIGN (0x4)
 *(.text)
 .text          0x00000000080001d0       0x40 /opt/Atollic_TrueSTUDIO_for_STM32_x86_64_9.2.0/ARMTools/bin/../lib/gcc/arm-atollic-eabi/6.3.1/armv7e-m/fpu/fpv5-sp-d16/crtbegin.o
 .text          0x0000000008000210       0xa0 /opt/Atollic_TrueSTUDIO_for_STM32_x86_64_9.2.0/ARMTools/bin/../lib/gcc/arm-atollic-eabi/6.3.1/../../../../arm-atollic-eabi/lib/armv7e-m/fpu/fpv5-sp-d16/libc_nano.a(lib_a-memchr.o)
                0x0000000008000210                memchr
 .text          0x00000000080002b0       0x30 /opt/Atollic_TrueSTUDIO_for_STM32_x86_64_9.2.0/ARMTools/bin/../lib/gcc/arm-atollic-eabi/6.3.1/armv7e-m/fpu/fpv5-sp-d16/libgcc.a(_aeabi_uldivmod.o)
                0x00000000080002b0                __aeabi_uldivmod
 .text          0x00000000080002e0      0x2dc /opt/Atollic_TrueSTUDIO_for_STM32_x86_64_9.2.0/ARMTools/bin/../lib/gcc/arm-atollic-eabi/6.3.1/armv7e-m/fpu/fpv5-sp-d16/libgcc.a(_udivmoddi4.o)
                0x00000000080002e0                __udivmoddi4
 .text          0x00000000080005bc        0x4 /opt/Atollic_TrueSTUDIO_for_STM32_x86_64_9.2.0/ARMTools/bin/../lib/gcc/arm-atollic-eabi/6.3.1/armv7e-m/fpu/fpv5-sp-d16/libgcc.a(_dvmd_tls.o)
                0x00000000080005bc                __aeabi_ldiv0
                0x00000000080005bc                __aeabi_idiv0
 *(.text*)
 .text.HAL_Init
                0x00000000080005c0       0x16 Drivers/STM32F7xx_HAL_Driver/Src/stm32f7xx_hal.o
                0x00000000080005c0                HAL_Init
 *fill*         0x00000000080005d6        0x2 
 .text.HAL_IncTick
                0x00000000080005d8       0x18 Drivers/STM32F7xx_HAL_Driver/Src/stm32f7xx_hal.o
                0x00000000080005d8                HAL_IncTick
 .text.HAL_GetTick
                0x00000000080005f0        0xc Drivers/STM32F7xx_HAL_Driver/Src/stm32f7xx_hal.o
                0x00000000080005f0                HAL_GetTick
 .text.HAL_Delay
                0x00000000080005fc       0x24 Drivers/STM32F7xx_HAL_Driver/Src/stm32f7xx_hal.o
                0x00000000080005fc                HAL_Delay
 .text.HAL_NVIC_SetPriorityGrouping
                0x0000000008000620       0x24 Drivers/STM32F7xx_HAL_Driver/Src/stm32f7xx_hal_cortex.o
                0x0000000008000620                HAL_NVIC_SetPriorityGrouping
 .text.HAL_NVIC_SetPriority
                0x0000000008000644       0x70 Drivers/STM32F7xx_HAL_Driver/Src/stm32f7xx_hal_cortex.o
                0x0000000008000644                HAL_NVIC_SetPriority
 .text.HAL_NVIC_EnableIRQ
                0x00000000080006b4       0x18 Drivers/STM32F7xx_HAL_Driver/Src/stm32f7xx_hal_cortex.o
                0x00000000080006b4                HAL_NVIC_EnableIRQ
 .text.HAL_SYSTICK_Config
                0x00000000080006cc       0x2c Drivers/STM32F7xx_HAL_Driver/Src/stm32f7xx_hal_cortex.o
                0x00000000080006cc                HAL_SYSTICK_Config
 .text.HAL_SYSTICK_CLKSourceConfig
                0x00000000080006f8       0x18 Drivers/STM32F7xx_HAL_Driver/Src/stm32f7xx_hal_cortex.o
                0x00000000080006f8                HAL_SYSTICK_CLKSourceConfig
 .text.ETH_FlushTransmitFIFO
                0x0000000008000710       0x2a Drivers/STM32F7xx_HAL_Driver/Src/stm32f7xx_hal_eth.o
 *fill*         0x000000000800073a        0x2 
 .text.ETH_MACDMAConfig
                0x000000000800073c       0xf8 Drivers/STM32F7xx_HAL_Driver/Src/stm32f7xx_hal_eth.o
 .text.HAL_ETH_DMATxDescListInit
                0x0000000008000834       0x7a Drivers/STM32F7xx_HAL_Driver/Src/stm32f7xx_hal_eth.o
                0x0000000008000834                HAL_ETH_DMATxDescListInit
 .text.HAL_ETH_DMARxDescListInit
                0x00000000080008ae       0x78 Drivers/STM32F7xx_HAL_Driver/Src/stm32f7xx_hal_eth.o
                0x00000000080008ae                HAL_ETH_DMARxDescListInit
 *fill*         0x0000000008000926        0x2 
 .text.HAL_ETH_TransmitFrame
                0x0000000008000928       0xe4 Drivers/STM32F7xx_HAL_Driver/Src/stm32f7xx_hal_eth.o
                0x0000000008000928                HAL_ETH_TransmitFrame
 .text.HAL_ETH_GetReceivedFrame_IT
                0x0000000008000a0c       0x8a Drivers/STM32F7xx_HAL_Driver/Src/stm32f7xx_hal_eth.o
                0x0000000008000a0c                HAL_ETH_GetReceivedFrame_IT
 .text.HAL_ETH_TxCpltCallback
                0x0000000008000a96        0x2 Drivers/STM32F7xx_HAL_Driver/Src/stm32f7xx_hal_eth.o
                0x0000000008000a96                HAL_ETH_TxCpltCallback
 .text.HAL_ETH_ErrorCallback
                0x0000000008000a98        0x2 Drivers/STM32F7xx_HAL_Driver/Src/stm32f7xx_hal_eth.o
                0x0000000008000a98                HAL_ETH_ErrorCallback
 .text.HAL_ETH_IRQHandler
                0x0000000008000a9a       0x70 Drivers/STM32F7xx_HAL_Driver/Src/stm32f7xx_hal_eth.o
                0x0000000008000a9a                HAL_ETH_IRQHandler
 .text.HAL_ETH_ReadPHYRegister
                0x0000000008000b0a       0x74 Drivers/STM32F7xx_HAL_Driver/Src/stm32f7xx_hal_eth.o
                0x0000000008000b0a                HAL_ETH_ReadPHYRegister
 .text.HAL_ETH_WritePHYRegister
                0x0000000008000b7e       0x6e Drivers/STM32F7xx_HAL_Driver/Src/stm32f7xx_hal_eth.o
                0x0000000008000b7e                HAL_ETH_WritePHYRegister
 .text.HAL_ETH_Init
                0x0000000008000bec      0x1f4 Drivers/STM32F7xx_HAL_Driver/Src/stm32f7xx_hal_eth.o
                0x0000000008000bec                HAL_ETH_Init
 .text.HAL_ETH_Start
                0x0000000008000de0       0x7c Drivers/STM32F7xx_HAL_Driver/Src/stm32f7xx_hal_eth.o
                0x0000000008000de0                HAL_ETH_Start
 .text.HAL_GPIO_Init
                0x0000000008000e5c      0x1d4 Drivers/STM32F7xx_HAL_Driver/Src/stm32f7xx_hal_gpio.o
                0x0000000008000e5c                HAL_GPIO_Init
 .text.HAL_GPIO_WritePin
                0x0000000008001030        0xa Drivers/STM32F7xx_HAL_Driver/Src/stm32f7xx_hal_gpio.o
                0x0000000008001030                HAL_GPIO_WritePin
 .text.HAL_GPIO_TogglePin
                0x000000000800103a        0x8 Drivers/STM32F7xx_HAL_Driver/Src/stm32f7xx_hal_gpio.o
                0x000000000800103a                HAL_GPIO_TogglePin
 .text.HAL_PCD_Init
                0x0000000008001042       0xe8 Drivers/STM32F7xx_HAL_Driver/Src/stm32f7xx_hal_pcd.o
                0x0000000008001042                HAL_PCD_Init
 .text.HAL_PCDEx_ActivateLPM
                0x000000000800112a       0x26 Drivers/STM32F7xx_HAL_Driver/Src/stm32f7xx_hal_pcd_ex.o
                0x000000000800112a                HAL_PCDEx_ActivateLPM
 .text.HAL_RCC_OscConfig
                0x0000000008001150      0x328 Drivers/STM32F7xx_HAL_Driver/Src/stm32f7xx_hal_rcc.o
                0x0000000008001150                HAL_RCC_OscConfig
 .text.HAL_RCC_GetSysClockFreq
                0x0000000008001478       0x5c Drivers/STM32F7xx_HAL_Driver/Src/stm32f7xx_hal_rcc.o
                0x0000000008001478                HAL_RCC_GetSysClockFreq
 .text.HAL_RCC_ClockConfig
                0x00000000080014d4      0x13c Drivers/STM32F7xx_HAL_Driver/Src/stm32f7xx_hal_rcc.o
                0x00000000080014d4                HAL_RCC_ClockConfig
 .text.HAL_RCC_GetHCLKFreq
                0x0000000008001610        0xc Drivers/STM32F7xx_HAL_Driver/Src/stm32f7xx_hal_rcc.o
                0x0000000008001610                HAL_RCC_GetHCLKFreq
 .text.HAL_RCC_GetPCLK1Freq
                0x000000000800161c       0x20 Drivers/STM32F7xx_HAL_Driver/Src/stm32f7xx_hal_rcc.o
                0x000000000800161c                HAL_RCC_GetPCLK1Freq
 .text.HAL_RCC_GetPCLK2Freq
                0x000000000800163c       0x20 Drivers/STM32F7xx_HAL_Driver/Src/stm32f7xx_hal_rcc.o
                0x000000000800163c                HAL_RCC_GetPCLK2Freq
 .text.HAL_RCC_GetClockConfig
                0x000000000800165c       0x3c Drivers/STM32F7xx_HAL_Driver/Src/stm32f7xx_hal_rcc.o
                0x000000000800165c                HAL_RCC_GetClockConfig
 .text.HAL_RCCEx_PeriphCLKConfig
                0x0000000008001698      0x514 Drivers/STM32F7xx_HAL_Driver/Src/stm32f7xx_hal_rcc_ex.o
                0x0000000008001698                HAL_RCCEx_PeriphCLKConfig
 .text.SPI_WaitFifoStateUntilTimeout.part.1
                0x0000000008001bac       0x54 Drivers/STM32F7xx_HAL_Driver/Src/stm32f7xx_hal_spi.o
 .text.SPI_WaitFlagStateUntilTimeout.constprop.10
                0x0000000008001c00       0x30 Drivers/STM32F7xx_HAL_Driver/Src/stm32f7xx_hal_spi.o
 .text.SPI_WaitFifoStateUntilTimeout.constprop.11
                0x0000000008001c30       0x40 Drivers/STM32F7xx_HAL_Driver/Src/stm32f7xx_hal_spi.o
 .text.SPI_EndRxTxTransaction
                0x0000000008001c70       0x44 Drivers/STM32F7xx_HAL_Driver/Src/stm32f7xx_hal_spi.o
 .text.HAL_SPI_Init
                0x0000000008001cb4       0xaa Drivers/STM32F7xx_HAL_Driver/Src/stm32f7xx_hal_spi.o
                0x0000000008001cb4                HAL_SPI_Init
 .text.HAL_SPI_Transmit
                0x0000000008001d5e      0x148 Drivers/STM32F7xx_HAL_Driver/Src/stm32f7xx_hal_spi.o
                0x0000000008001d5e                HAL_SPI_Transmit
 .text.HAL_SPI_TransmitReceive
                0x0000000008001ea6      0x242 Drivers/STM32F7xx_HAL_Driver/Src/stm32f7xx_hal_spi.o
                0x0000000008001ea6                HAL_SPI_TransmitReceive
 .text.HAL_TIM_Base_MspInit
                0x00000000080020e8        0x2 Drivers/STM32F7xx_HAL_Driver/Src/stm32f7xx_hal_tim.o
                0x00000000080020e8                HAL_TIM_Base_MspInit
 .text.HAL_TIM_Base_Start_IT
                0x00000000080020ea       0x16 Drivers/STM32F7xx_HAL_Driver/Src/stm32f7xx_hal_tim.o
                0x00000000080020ea                HAL_TIM_Base_Start_IT
 .text.HAL_TIM_OC_DelayElapsedCallback
                0x0000000008002100        0x2 Drivers/STM32F7xx_HAL_Driver/Src/stm32f7xx_hal_tim.o
                0x0000000008002100                HAL_TIM_OC_DelayElapsedCallback
 .text.HAL_TIM_IC_CaptureCallback
                0x0000000008002102        0x2 Drivers/STM32F7xx_HAL_Driver/Src/stm32f7xx_hal_tim.o
                0x0000000008002102                HAL_TIM_IC_CaptureCallback
 .text.HAL_TIM_PWM_PulseFinishedCallback
                0x0000000008002104        0x2 Drivers/STM32F7xx_HAL_Driver/Src/stm32f7xx_hal_tim.o
                0x0000000008002104                HAL_TIM_PWM_PulseFinishedCallback
 .text.HAL_TIM_TriggerCallback
                0x0000000008002106        0x2 Drivers/STM32F7xx_HAL_Driver/Src/stm32f7xx_hal_tim.o
                0x0000000008002106                HAL_TIM_TriggerCallback
 .text.HAL_TIM_IRQHandler
                0x0000000008002108      0x160 Drivers/STM32F7xx_HAL_Driver/Src/stm32f7xx_hal_tim.o
                0x0000000008002108                HAL_TIM_IRQHandler
 .text.TIM_Base_SetConfig
                0x0000000008002268       0xd0 Drivers/STM32F7xx_HAL_Driver/Src/stm32f7xx_hal_tim.o
                0x0000000008002268                TIM_Base_SetConfig
 .text.HAL_TIM_Base_Init
                0x0000000008002338       0x34 Drivers/STM32F7xx_HAL_Driver/Src/stm32f7xx_hal_tim.o
                0x0000000008002338                HAL_TIM_Base_Init
 .text.HAL_TIMEx_CommutationCallback
                0x000000000800236c        0x2 Drivers/STM32F7xx_HAL_Driver/Src/stm32f7xx_hal_tim_ex.o
                0x000000000800236c                HAL_TIMEx_CommutationCallback
 .text.HAL_TIMEx_BreakCallback
                0x000000000800236e        0x2 Drivers/STM32F7xx_HAL_Driver/Src/stm32f7xx_hal_tim_ex.o
                0x000000000800236e                HAL_TIMEx_BreakCallback
 .text.UART_WaitOnFlagUntilTimeout
                0x0000000008002370       0x62 Drivers/STM32F7xx_HAL_Driver/Src/stm32f7xx_hal_uart.o
                0x0000000008002370                UART_WaitOnFlagUntilTimeout
 *fill*         0x00000000080023d2        0x2 
 .text.UART_SetConfig
                0x00000000080023d4      0x290 Drivers/STM32F7xx_HAL_Driver/Src/stm32f7xx_hal_uart.o
                0x00000000080023d4                UART_SetConfig
 .text.UART_AdvFeatureConfig
                0x0000000008002664       0xaa Drivers/STM32F7xx_HAL_Driver/Src/stm32f7xx_hal_uart.o
                0x0000000008002664                UART_AdvFeatureConfig
 .text.UART_CheckIdleState
                0x000000000800270e       0x44 Drivers/STM32F7xx_HAL_Driver/Src/stm32f7xx_hal_uart.o
                0x000000000800270e                UART_CheckIdleState
 .text.HAL_UART_Init
                0x0000000008002752       0x64 Drivers/STM32F7xx_HAL_Driver/Src/stm32f7xx_hal_uart.o
                0x0000000008002752                HAL_UART_Init
 *fill*         0x00000000080027b6        0x2 
 .text.USB_CoreReset
                0x00000000080027b8       0x30 Drivers/STM32F7xx_HAL_Driver/Src/stm32f7xx_ll_usb.o
 .text.USB_CoreInit
                0x00000000080027e8       0x76 Drivers/STM32F7xx_HAL_Driver/Src/stm32f7xx_ll_usb.o
                0x00000000080027e8                USB_CoreInit
 .text.USB_DisableGlobalInt
                0x000000000800285e        0xc Drivers/STM32F7xx_HAL_Driver/Src/stm32f7xx_ll_usb.o
                0x000000000800285e                USB_DisableGlobalInt
 .text.USB_SetCurrentMode
                0x000000000800286a       0x2e Drivers/STM32F7xx_HAL_Driver/Src/stm32f7xx_ll_usb.o
                0x000000000800286a                USB_SetCurrentMode
 .text.USB_FlushTxFifo
                0x0000000008002898       0x24 Drivers/STM32F7xx_HAL_Driver/Src/stm32f7xx_ll_usb.o
                0x0000000008002898                USB_FlushTxFifo
 .text.USB_FlushRxFifo
                0x00000000080028bc       0x20 Drivers/STM32F7xx_HAL_Driver/Src/stm32f7xx_ll_usb.o
                0x00000000080028bc                USB_FlushRxFifo
 .text.USB_SetDevSpeed
                0x00000000080028dc        0xe Drivers/STM32F7xx_HAL_Driver/Src/stm32f7xx_ll_usb.o
                0x00000000080028dc                USB_SetDevSpeed
 *fill*         0x00000000080028ea        0x2 
 .text.USB_DevInit
                0x00000000080028ec      0x170 Drivers/STM32F7xx_HAL_Driver/Src/stm32f7xx_ll_usb.o
                0x00000000080028ec                USB_DevInit
 .text.USB_DevDisconnect
                0x0000000008002a5c       0x18 Drivers/STM32F7xx_HAL_Driver/Src/stm32f7xx_ll_usb.o
                0x0000000008002a5c                USB_DevDisconnect
 .text.osKernelStart
                0x0000000008002a74        0xa Middlewares/Third_Party/FreeRTOS/Source/CMSIS_RTOS/cmsis_os.o
                0x0000000008002a74                osKernelStart
 .text.osKernelSysTick
                0x0000000008002a7e        0xe Middlewares/Third_Party/FreeRTOS/Source/CMSIS_RTOS/cmsis_os.o
                0x0000000008002a7e                osKernelSysTick
 .text.osThreadCreate
                0x0000000008002a8c       0x30 Middlewares/Third_Party/FreeRTOS/Source/CMSIS_RTOS/cmsis_os.o
                0x0000000008002a8c                osThreadCreate
 .text.osDelay  0x0000000008002abc       0x10 Middlewares/Third_Party/FreeRTOS/Source/CMSIS_RTOS/cmsis_os.o
                0x0000000008002abc                osDelay
 .text.osMutexCreate
                0x0000000008002acc        0x6 Middlewares/Third_Party/FreeRTOS/Source/CMSIS_RTOS/cmsis_os.o
                0x0000000008002acc                osMutexCreate
 *fill*         0x0000000008002ad2        0x2 
 .text.osMutexWait
                0x0000000008002ad4       0x50 Middlewares/Third_Party/FreeRTOS/Source/CMSIS_RTOS/cmsis_os.o
                0x0000000008002ad4                osMutexWait
 .text.osSemaphoreCreate
                0x0000000008002b24       0x26 Middlewares/Third_Party/FreeRTOS/Source/CMSIS_RTOS/cmsis_os.o
                0x0000000008002b24                osSemaphoreCreate
 *fill*         0x0000000008002b4a        0x2 
 .text.osSemaphoreWait
                0x0000000008002b4c       0x50 Middlewares/Third_Party/FreeRTOS/Source/CMSIS_RTOS/cmsis_os.o
                0x0000000008002b4c                osSemaphoreWait
 .text.osSemaphoreRelease
                0x0000000008002b9c       0x48 Middlewares/Third_Party/FreeRTOS/Source/CMSIS_RTOS/cmsis_os.o
                0x0000000008002b9c                osSemaphoreRelease
 .text.osMutexRelease
                0x0000000008002be4        0x4 Middlewares/Third_Party/FreeRTOS/Source/CMSIS_RTOS/cmsis_os.o
                0x0000000008002be4                osMutexRelease
 .text.osMessageCreate
                0x0000000008002be8        0x8 Middlewares/Third_Party/FreeRTOS/Source/CMSIS_RTOS/cmsis_os.o
                0x0000000008002be8                osMessageCreate
 .text.osMessagePut
                0x0000000008002bf0       0x50 Middlewares/Third_Party/FreeRTOS/Source/CMSIS_RTOS/cmsis_os.o
                0x0000000008002bf0                osMessagePut
 .text.osMessageGet
                0x0000000008002c40       0x74 Middlewares/Third_Party/FreeRTOS/Source/CMSIS_RTOS/cmsis_os.o
                0x0000000008002c40                osMessageGet
 .text.osSystickHandler
                0x0000000008002cb4       0x14 Middlewares/Third_Party/FreeRTOS/Source/CMSIS_RTOS/cmsis_os.o
                0x0000000008002cb4                osSystickHandler
 .text.vListInitialise
                0x0000000008002cc8       0x16 Middlewares/Third_Party/FreeRTOS/Source/list.o
                0x0000000008002cc8                vListInitialise
 .text.vListInitialiseItem
                0x0000000008002cde        0x6 Middlewares/Third_Party/FreeRTOS/Source/list.o
                0x0000000008002cde                vListInitialiseItem
 .text.vListInsertEnd
                0x0000000008002ce4       0x18 Middlewares/Third_Party/FreeRTOS/Source/list.o
                0x0000000008002ce4                vListInsertEnd
 .text.vListInsert
                0x0000000008002cfc       0x2e Middlewares/Third_Party/FreeRTOS/Source/list.o
                0x0000000008002cfc                vListInsert
 .text.uxListRemove
                0x0000000008002d2a       0x20 Middlewares/Third_Party/FreeRTOS/Source/list.o
                0x0000000008002d2a                uxListRemove
 *fill*         0x0000000008002d4a        0x2 
 .text.prvTaskExitError
                0x0000000008002d4c       0x38 Middlewares/Third_Party/FreeRTOS/Source/portable/GCC/ARM_CM7/r0p1/port.o
 .text.prvPortStartFirstTask
                0x0000000008002d84       0x20 Middlewares/Third_Party/FreeRTOS/Source/portable/GCC/ARM_CM7/r0p1/port.o
 .text.vPortEnableVFP
                0x0000000008002da4       0x14 Middlewares/Third_Party/FreeRTOS/Source/portable/GCC/ARM_CM7/r0p1/port.o
 .text.pxPortInitialiseStack
                0x0000000008002db8       0x24 Middlewares/Third_Party/FreeRTOS/Source/portable/GCC/ARM_CM7/r0p1/port.o
                0x0000000008002db8                pxPortInitialiseStack
 *fill*         0x0000000008002ddc        0x4 
 .text.SVC_Handler
                0x0000000008002de0       0x24 Middlewares/Third_Party/FreeRTOS/Source/portable/GCC/ARM_CM7/r0p1/port.o
                0x0000000008002de0                SVC_Handler
 .text.vPortEnterCritical
                0x0000000008002e04       0x4c Middlewares/Third_Party/FreeRTOS/Source/portable/GCC/ARM_CM7/r0p1/port.o
                0x0000000008002e04                vPortEnterCritical
 .text.vPortExitCritical
                0x0000000008002e50       0x2c Middlewares/Third_Party/FreeRTOS/Source/portable/GCC/ARM_CM7/r0p1/port.o
                0x0000000008002e50                vPortExitCritical
 *fill*         0x0000000008002e7c        0x4 
 .text.PendSV_Handler
                0x0000000008002e80       0x64 Middlewares/Third_Party/FreeRTOS/Source/portable/GCC/ARM_CM7/r0p1/port.o
                0x0000000008002e80                PendSV_Handler
 .text.xPortSysTickHandler
                0x0000000008002ee4       0x30 Middlewares/Third_Party/FreeRTOS/Source/portable/GCC/ARM_CM7/r0p1/port.o
                0x0000000008002ee4                xPortSysTickHandler
 .text.vPortSetupTimerInterrupt
                0x0000000008002f14       0x28 Middlewares/Third_Party/FreeRTOS/Source/portable/GCC/ARM_CM7/r0p1/port.o
                0x0000000008002f14                vPortSetupTimerInterrupt
 .text.xPortStartScheduler
                0x0000000008002f3c       0xa8 Middlewares/Third_Party/FreeRTOS/Source/portable/GCC/ARM_CM7/r0p1/port.o
                0x0000000008002f3c                xPortStartScheduler
 .text.vPortValidateInterruptPriority
                0x0000000008002fe4       0x64 Middlewares/Third_Party/FreeRTOS/Source/portable/GCC/ARM_CM7/r0p1/port.o
                0x0000000008002fe4                vPortValidateInterruptPriority
 .text.unlikely.prvInsertBlockIntoFreeList
                0x0000000008003048       0x48 Middlewares/Third_Party/FreeRTOS/Source/portable/MemMang/heap_4.o
 .text.pvPortMalloc
                0x0000000008003090      0x124 Middlewares/Third_Party/FreeRTOS/Source/portable/MemMang/heap_4.o
                0x0000000008003090                pvPortMalloc
 .text.vPortFree
                0x00000000080031b4       0x78 Middlewares/Third_Party/FreeRTOS/Source/portable/MemMang/heap_4.o
                0x00000000080031b4                vPortFree
 .text.unlikely.prvCopyDataToQueue
                0x000000000800322c       0x66 Middlewares/Third_Party/FreeRTOS/Source/queue.o
 .text.unlikely.prvCopyDataFromQueue
                0x0000000008003292       0x2a Middlewares/Third_Party/FreeRTOS/Source/queue.o
 .text.prvUnlockQueue
                0x00000000080032bc       0x70 Middlewares/Third_Party/FreeRTOS/Source/queue.o
 .text.xQueueGenericReset
                0x000000000800332c       0x84 Middlewares/Third_Party/FreeRTOS/Source/queue.o
                0x000000000800332c                xQueueGenericReset
 .text.xQueueGenericCreate
                0x00000000080033b0       0x46 Middlewares/Third_Party/FreeRTOS/Source/queue.o
                0x00000000080033b0                xQueueGenericCreate
 *fill*         0x00000000080033f6        0x2 
 .text.xQueueGenericSend
                0x00000000080033f8      0x17c Middlewares/Third_Party/FreeRTOS/Source/queue.o
                0x00000000080033f8                xQueueGenericSend
 .text.xQueueCreateMutex
                0x0000000008003574       0x24 Middlewares/Third_Party/FreeRTOS/Source/queue.o
                0x0000000008003574                xQueueCreateMutex
 .text.xQueueGenericSendFromISR
                0x0000000008003598       0xd4 Middlewares/Third_Party/FreeRTOS/Source/queue.o
                0x0000000008003598                xQueueGenericSendFromISR
 .text.xQueueGiveFromISR
                0x000000000800366c       0xba Middlewares/Third_Party/FreeRTOS/Source/queue.o
                0x000000000800366c                xQueueGiveFromISR
 *fill*         0x0000000008003726        0x2 
 .text.xQueueGenericReceive
                0x0000000008003728      0x194 Middlewares/Third_Party/FreeRTOS/Source/queue.o
                0x0000000008003728                xQueueGenericReceive
 .text.xQueueReceiveFromISR
                0x00000000080038bc       0xac Middlewares/Third_Party/FreeRTOS/Source/queue.o
                0x00000000080038bc                xQueueReceiveFromISR
 .text.prvResetNextTaskUnblockTime
                0x0000000008003968       0x24 Middlewares/Third_Party/FreeRTOS/Source/tasks.o
 .text.prvAddCurrentTaskToDelayedList
                0x000000000800398c       0x8c Middlewares/Third_Party/FreeRTOS/Source/tasks.o
 .text.vTaskSetTimeOutState.part.5
                0x0000000008003a18       0x16 Middlewares/Third_Party/FreeRTOS/Source/tasks.o
 *fill*         0x0000000008003a2e        0x2 
 .text.xTaskCreate
                0x0000000008003a30      0x1a0 Middlewares/Third_Party/FreeRTOS/Source/tasks.o
                0x0000000008003a30                xTaskCreate
 .text.vTaskStartScheduler
                0x0000000008003bd0       0x80 Middlewares/Third_Party/FreeRTOS/Source/tasks.o
                0x0000000008003bd0                vTaskStartScheduler
 .text.vTaskSuspendAll
                0x0000000008003c50       0x10 Middlewares/Third_Party/FreeRTOS/Source/tasks.o
                0x0000000008003c50                vTaskSuspendAll
 .text.xTaskGetTickCount
                0x0000000008003c60        0xc Middlewares/Third_Party/FreeRTOS/Source/tasks.o
                0x0000000008003c60                xTaskGetTickCount
 .text.xTaskGetTickCountFromISR
                0x0000000008003c6c       0x10 Middlewares/Third_Party/FreeRTOS/Source/tasks.o
                0x0000000008003c6c                xTaskGetTickCountFromISR
 .text.xTaskIncrementTick
                0x0000000008003c7c      0x128 Middlewares/Third_Party/FreeRTOS/Source/tasks.o
                0x0000000008003c7c                xTaskIncrementTick
 .text.xTaskResumeAll
                0x0000000008003da4       0xf4 Middlewares/Third_Party/FreeRTOS/Source/tasks.o
                0x0000000008003da4                xTaskResumeAll
 .text.vTaskDelay
                0x0000000008003e98       0x4c Middlewares/Third_Party/FreeRTOS/Source/tasks.o
                0x0000000008003e98                vTaskDelay
 .text.prvIdleTask
                0x0000000008003ee4       0x74 Middlewares/Third_Party/FreeRTOS/Source/tasks.o
 .text.vTaskSwitchContext
                0x0000000008003f58       0x78 Middlewares/Third_Party/FreeRTOS/Source/tasks.o
                0x0000000008003f58                vTaskSwitchContext
 .text.vTaskPlaceOnEventList
                0x0000000008003fd0       0x38 Middlewares/Third_Party/FreeRTOS/Source/tasks.o
                0x0000000008003fd0                vTaskPlaceOnEventList
 .text.xTaskRemoveFromEventList
                0x0000000008004008       0x88 Middlewares/Third_Party/FreeRTOS/Source/tasks.o
                0x0000000008004008                xTaskRemoveFromEventList
 .text.vTaskSetTimeOutState
                0x0000000008004090       0x20 Middlewares/Third_Party/FreeRTOS/Source/tasks.o
                0x0000000008004090                vTaskSetTimeOutState
 .text.xTaskCheckForTimeOut
                0x00000000080040b0       0x7c Middlewares/Third_Party/FreeRTOS/Source/tasks.o
                0x00000000080040b0                xTaskCheckForTimeOut
 .text.vTaskMissedYield
                0x000000000800412c        0xc Middlewares/Third_Party/FreeRTOS/Source/tasks.o
                0x000000000800412c                vTaskMissedYield
 .text.xTaskGetSchedulerState
                0x0000000008004138       0x20 Middlewares/Third_Party/FreeRTOS/Source/tasks.o
                0x0000000008004138                xTaskGetSchedulerState
 .text.vTaskPriorityInherit
                0x0000000008004158       0x8c Middlewares/Third_Party/FreeRTOS/Source/tasks.o
                0x0000000008004158                vTaskPriorityInherit
 .text.xTaskPriorityDisinherit
                0x00000000080041e4       0xa8 Middlewares/Third_Party/FreeRTOS/Source/tasks.o
                0x00000000080041e4                xTaskPriorityDisinherit
 .text.pvTaskIncrementMutexHeldCount
                0x000000000800428c       0x18 Middlewares/Third_Party/FreeRTOS/Source/tasks.o
                0x000000000800428c                pvTaskIncrementMutexHeldCount
 .text.tcpip_thread
                0x00000000080042a4       0x94 Middlewares/Third_Party/LwIP/src/api/tcpip.o
 .text.tcpip_inpkt
                0x0000000008004338       0x58 Middlewares/Third_Party/LwIP/src/api/tcpip.o
                0x0000000008004338                tcpip_inpkt
 .text.tcpip_input
                0x0000000008004390       0x1c Middlewares/Third_Party/LwIP/src/api/tcpip.o
                0x0000000008004390                tcpip_input
 .text.tcpip_callback_with_block
                0x00000000080043ac       0x60 Middlewares/Third_Party/LwIP/src/api/tcpip.o
                0x00000000080043ac                tcpip_callback_with_block
 .text.tcpip_init
                0x000000000800440c       0x80 Middlewares/Third_Party/LwIP/src/api/tcpip.o
                0x000000000800440c                tcpip_init
 .text.lwip_htons
                0x000000000800448c        0x6 Middlewares/Third_Party/LwIP/src/core/def.o
                0x000000000800448c                lwip_htons
 .text.lwip_htonl
                0x0000000008004492        0x4 Middlewares/Third_Party/LwIP/src/core/def.o
                0x0000000008004492                lwip_htonl
 .text.lwip_init
                0x0000000008004496       0x22 Middlewares/Third_Party/LwIP/src/core/init.o
                0x0000000008004496                lwip_init
 .text.dhcp_set_state
                0x00000000080044b8       0x10 Middlewares/Third_Party/LwIP/src/core/ipv4/dhcp.o
 .text.dhcp_option_short
                0x00000000080044c8       0x44 Middlewares/Third_Party/LwIP/src/core/ipv4/dhcp.o
 .text.dhcp_option
                0x000000000800450c       0x48 Middlewares/Third_Party/LwIP/src/core/ipv4/dhcp.o
 .text.dhcp_option_byte
                0x0000000008004554       0x38 Middlewares/Third_Party/LwIP/src/core/ipv4/dhcp.o
 .text.dhcp_option_long
                0x000000000800458c       0x5c Middlewares/Third_Party/LwIP/src/core/ipv4/dhcp.o
 .text.dhcp_create_msg
                0x00000000080045e8      0x1b8 Middlewares/Third_Party/LwIP/src/core/ipv4/dhcp.o
 .text.dhcp_check
                0x00000000080047a0       0x2a Middlewares/Third_Party/LwIP/src/core/ipv4/dhcp.o
 *fill*         0x00000000080047ca        0x2 
 .text.dhcp_bind
                0x00000000080047cc      0x100 Middlewares/Third_Party/LwIP/src/core/ipv4/dhcp.o
 .text.dhcp_inc_pcb_refcount
                0x00000000080048cc       0x74 Middlewares/Third_Party/LwIP/src/core/ipv4/dhcp.o
 .text.dhcp_option_trailer
                0x0000000008004940       0x78 Middlewares/Third_Party/LwIP/src/core/ipv4/dhcp.o
 .text.unlikely.dhcp_handle_ack.isra.1
                0x00000000080049b8       0x6c Middlewares/Third_Party/LwIP/src/core/ipv4/dhcp.o
 .text.dhcp_delete_msg
                0x0000000008004a24       0x60 Middlewares/Third_Party/LwIP/src/core/ipv4/dhcp.o
 .text.dhcp_discover
                0x0000000008004a84       0xbc Middlewares/Third_Party/LwIP/src/core/ipv4/dhcp.o
 .text.dhcp_select
                0x0000000008004b40       0xe8 Middlewares/Third_Party/LwIP/src/core/ipv4/dhcp.o
 .text.dhcp_reboot
                0x0000000008004c28       0xd4 Middlewares/Third_Party/LwIP/src/core/ipv4/dhcp.o
 .text.dhcp_dec_pcb_refcount
                0x0000000008004cfc       0x40 Middlewares/Third_Party/LwIP/src/core/ipv4/dhcp.o
 .text.dhcp_recv
                0x0000000008004d3c      0x40c Middlewares/Third_Party/LwIP/src/core/ipv4/dhcp.o
 .text.dhcp_arp_reply
                0x0000000008005148       0xb0 Middlewares/Third_Party/LwIP/src/core/ipv4/dhcp.o
                0x0000000008005148                dhcp_arp_reply
 .text.dhcp_renew
                0x00000000080051f8       0xb4 Middlewares/Third_Party/LwIP/src/core/ipv4/dhcp.o
                0x00000000080051f8                dhcp_renew
 .text.dhcp_stop
                0x00000000080052ac       0x54 Middlewares/Third_Party/LwIP/src/core/ipv4/dhcp.o
                0x00000000080052ac                dhcp_stop
 .text.dhcp_start
                0x0000000008005300       0xbc Middlewares/Third_Party/LwIP/src/core/ipv4/dhcp.o
                0x0000000008005300                dhcp_start
 .text.dhcp_supplied_address
                0x00000000080053bc       0x1c Middlewares/Third_Party/LwIP/src/core/ipv4/dhcp.o
                0x00000000080053bc                dhcp_supplied_address
 .text.dhcp_release
                0x00000000080053d8       0xac Middlewares/Third_Party/LwIP/src/core/ipv4/dhcp.o
                0x00000000080053d8                dhcp_release
 .text.dhcp_coarse_tmr
                0x0000000008005484      0x154 Middlewares/Third_Party/LwIP/src/core/ipv4/dhcp.o
                0x0000000008005484                dhcp_coarse_tmr
 .text.dhcp_fine_tmr
                0x00000000080055d8       0x7c Middlewares/Third_Party/LwIP/src/core/ipv4/dhcp.o
                0x00000000080055d8                dhcp_fine_tmr
 .text.etharp_free_entry
                0x0000000008005654       0x28 Middlewares/Third_Party/LwIP/src/core/ipv4/etharp.o
 .text.etharp_raw
                0x000000000800567c       0xd8 Middlewares/Third_Party/LwIP/src/core/ipv4/etharp.o
 .text.etharp_find_entry.isra.0
                0x0000000008005754      0x114 Middlewares/Third_Party/LwIP/src/core/ipv4/etharp.o
 .text.etharp_cleanup_netif
                0x0000000008005868       0x28 Middlewares/Third_Party/LwIP/src/core/ipv4/etharp.o
                0x0000000008005868                etharp_cleanup_netif
 .text.etharp_input
                0x0000000008005890      0x14c Middlewares/Third_Party/LwIP/src/core/ipv4/etharp.o
                0x0000000008005890                etharp_input
 .text.etharp_request
                0x00000000080059dc       0x2c Middlewares/Third_Party/LwIP/src/core/ipv4/etharp.o
                0x00000000080059dc                etharp_request
 .text.etharp_tmr
                0x0000000008005a08       0x54 Middlewares/Third_Party/LwIP/src/core/ipv4/etharp.o
                0x0000000008005a08                etharp_tmr
 .text.etharp_output_to_arp_index
                0x0000000008005a5c       0xb8 Middlewares/Third_Party/LwIP/src/core/ipv4/etharp.o
 .text.etharp_query
                0x0000000008005b14      0x150 Middlewares/Third_Party/LwIP/src/core/ipv4/etharp.o
                0x0000000008005b14                etharp_query
 .text.etharp_output
                0x0000000008005c64      0x128 Middlewares/Third_Party/LwIP/src/core/ipv4/etharp.o
                0x0000000008005c64                etharp_output
 .text.icmp_send_response.isra.0
                0x0000000008005d8c       0x94 Middlewares/Third_Party/LwIP/src/core/ipv4/icmp.o
 .text.icmp_input
                0x0000000008005e20      0x130 Middlewares/Third_Party/LwIP/src/core/ipv4/icmp.o
                0x0000000008005e20                icmp_input
 .text.icmp_dest_unreach
                0x0000000008005f50        0xa Middlewares/Third_Party/LwIP/src/core/ipv4/icmp.o
                0x0000000008005f50                icmp_dest_unreach
 .text.icmp_time_exceeded
                0x0000000008005f5a        0xa Middlewares/Third_Party/LwIP/src/core/ipv4/icmp.o
                0x0000000008005f5a                icmp_time_exceeded
 .text.ip4_route
                0x0000000008005f64       0x58 Middlewares/Third_Party/LwIP/src/core/ipv4/ip4.o
                0x0000000008005f64                ip4_route
 .text.ip4_input
                0x0000000008005fbc      0x19c Middlewares/Third_Party/LwIP/src/core/ipv4/ip4.o
                0x0000000008005fbc                ip4_input
 .text.ip4_output_if_src
                0x0000000008006158       0xf0 Middlewares/Third_Party/LwIP/src/core/ipv4/ip4.o
                0x0000000008006158                ip4_output_if_src
 .text.ip4_output_if
                0x0000000008006248       0x22 Middlewares/Third_Party/LwIP/src/core/ipv4/ip4.o
                0x0000000008006248                ip4_output_if
 .text.ip4_addr_isbroadcast_u32
                0x000000000800626a       0x32 Middlewares/Third_Party/LwIP/src/core/ipv4/ip4_addr.o
                0x000000000800626a                ip4_addr_isbroadcast_u32
 .text.ip_reass_dequeue_datagram
                0x000000000800629c       0x44 Middlewares/Third_Party/LwIP/src/core/ipv4/ip4_frag.o
 .text.ip_reass_free_complete_datagram
                0x00000000080062e0       0xe8 Middlewares/Third_Party/LwIP/src/core/ipv4/ip4_frag.o
 .text.ip_reass_remove_oldest_datagram
                0x00000000080063c8       0x78 Middlewares/Third_Party/LwIP/src/core/ipv4/ip4_frag.o
 .text.ip_frag_free_pbuf_custom_ref
                0x0000000008006440       0x2c Middlewares/Third_Party/LwIP/src/core/ipv4/ip4_frag.o
 .text.ipfrag_free_pbuf_custom
                0x000000000800646c       0x34 Middlewares/Third_Party/LwIP/src/core/ipv4/ip4_frag.o
 .text.ip_reass_tmr
                0x00000000080064a0       0x28 Middlewares/Third_Party/LwIP/src/core/ipv4/ip4_frag.o
                0x00000000080064a0                ip_reass_tmr
 .text.ip4_reass
                0x00000000080064c8      0x354 Middlewares/Third_Party/LwIP/src/core/ipv4/ip4_frag.o
                0x00000000080064c8                ip4_reass
 .text.ip4_frag
                0x000000000800681c      0x1b4 Middlewares/Third_Party/LwIP/src/core/ipv4/ip4_frag.o
                0x000000000800681c                ip4_frag
 .text.mem_init
                0x00000000080069d0       0x6c Middlewares/Third_Party/LwIP/src/core/mem.o
                0x00000000080069d0                mem_init
 .text.mem_free
                0x0000000008006a3c      0x174 Middlewares/Third_Party/LwIP/src/core/mem.o
                0x0000000008006a3c                mem_free
 .text.mem_trim
                0x0000000008006bb0      0x118 Middlewares/Third_Party/LwIP/src/core/mem.o
                0x0000000008006bb0                mem_trim
 .text.mem_malloc
                0x0000000008006cc8      0x13c Middlewares/Third_Party/LwIP/src/core/mem.o
                0x0000000008006cc8                mem_malloc
 .text.do_memp_malloc_pool.isra.0
                0x0000000008006e04       0x3c Middlewares/Third_Party/LwIP/src/core/memp.o
 .text.do_memp_free_pool.isra.1
                0x0000000008006e40       0x38 Middlewares/Third_Party/LwIP/src/core/memp.o
 .text.memp_init_pool
                0x0000000008006e78       0x26 Middlewares/Third_Party/LwIP/src/core/memp.o
                0x0000000008006e78                memp_init_pool
 *fill*         0x0000000008006e9e        0x2 
 .text.memp_init
                0x0000000008006ea0       0x1c Middlewares/Third_Party/LwIP/src/core/memp.o
                0x0000000008006ea0                memp_init
 .text.memp_malloc
                0x0000000008006ebc       0x38 Middlewares/Third_Party/LwIP/src/core/memp.o
                0x0000000008006ebc                memp_malloc
 .text.memp_free
                0x0000000008006ef4       0x34 Middlewares/Third_Party/LwIP/src/core/memp.o
                0x0000000008006ef4                memp_free
 .text.netif_issue_reports.part.0
                0x0000000008006f28       0x12 Middlewares/Third_Party/LwIP/src/core/netif.o
 .text.netif_init
                0x0000000008006f3a        0x2 Middlewares/Third_Party/LwIP/src/core/netif.o
                0x0000000008006f3a                netif_init
 .text.netif_set_ipaddr
                0x0000000008006f3c       0x44 Middlewares/Third_Party/LwIP/src/core/netif.o
                0x0000000008006f3c                netif_set_ipaddr
 .text.netif_set_addr
                0x0000000008006f80       0x38 Middlewares/Third_Party/LwIP/src/core/netif.o
                0x0000000008006f80                netif_set_addr
 .text.netif_add
                0x0000000008006fb8       0x7c Middlewares/Third_Party/LwIP/src/core/netif.o
                0x0000000008006fb8                netif_add
 .text.netif_set_default
                0x0000000008007034        0xc Middlewares/Third_Party/LwIP/src/core/netif.o
                0x0000000008007034                netif_set_default
 .text.netif_set_up
                0x0000000008007040       0x1e Middlewares/Third_Party/LwIP/src/core/netif.o
                0x0000000008007040                netif_set_up
 .text.netif_set_down
                0x000000000800705e       0x1a Middlewares/Third_Party/LwIP/src/core/netif.o
                0x000000000800705e                netif_set_down
 .text.pbuf_free_ooseq_callback
                0x0000000008007078       0x34 Middlewares/Third_Party/LwIP/src/core/pbuf.o
 .text.pbuf_header_impl
                0x00000000080070ac       0x9c Middlewares/Third_Party/LwIP/src/core/pbuf.o
 .text.pbuf_pool_is_empty
                0x0000000008007148       0x3c Middlewares/Third_Party/LwIP/src/core/pbuf.o
 .text.pbuf_alloced_custom
                0x0000000008007184       0x70 Middlewares/Third_Party/LwIP/src/core/pbuf.o
                0x0000000008007184                pbuf_alloced_custom
 .text.pbuf_header
                0x00000000080071f4        0x6 Middlewares/Third_Party/LwIP/src/core/pbuf.o
                0x00000000080071f4                pbuf_header
 .text.pbuf_header_force
                0x00000000080071fa        0x6 Middlewares/Third_Party/LwIP/src/core/pbuf.o
                0x00000000080071fa                pbuf_header_force
 .text.pbuf_free
                0x0000000008007200       0xd4 Middlewares/Third_Party/LwIP/src/core/pbuf.o
                0x0000000008007200                pbuf_free
 .text.pbuf_alloc
                0x00000000080072d4      0x1b8 Middlewares/Third_Party/LwIP/src/core/pbuf.o
                0x00000000080072d4                pbuf_alloc
 .text.pbuf_realloc
                0x000000000800748c       0xe0 Middlewares/Third_Party/LwIP/src/core/pbuf.o
                0x000000000800748c                pbuf_realloc
 .text.pbuf_clen
                0x000000000800756c       0x10 Middlewares/Third_Party/LwIP/src/core/pbuf.o
                0x000000000800756c                pbuf_clen
 .text.pbuf_ref
                0x000000000800757c       0x38 Middlewares/Third_Party/LwIP/src/core/pbuf.o
                0x000000000800757c                pbuf_ref
 .text.pbuf_cat
                0x00000000080075b4       0x74 Middlewares/Third_Party/LwIP/src/core/pbuf.o
                0x00000000080075b4                pbuf_cat
 .text.pbuf_chain
                0x0000000008007628       0x12 Middlewares/Third_Party/LwIP/src/core/pbuf.o
                0x0000000008007628                pbuf_chain
 *fill*         0x000000000800763a        0x2 
 .text.pbuf_copy
                0x000000000800763c      0x114 Middlewares/Third_Party/LwIP/src/core/pbuf.o
                0x000000000800763c                pbuf_copy
 .text.pbuf_copy_partial
                0x0000000008007750       0x8c Middlewares/Third_Party/LwIP/src/core/pbuf.o
                0x0000000008007750                pbuf_copy_partial
 .text.tcp_close_shutdown_fin
                0x00000000080077dc       0x60 Middlewares/Third_Party/LwIP/src/core/tcp.o
 .text.tcp_init
                0x000000000800783c        0x2 Middlewares/Third_Party/LwIP/src/core/tcp.o
                0x000000000800783c                tcp_init
 *fill*         0x000000000800783e        0x2 
 .text.tcp_update_rcv_ann_wnd
                0x0000000008007840       0x58 Middlewares/Third_Party/LwIP/src/core/tcp.o
                0x0000000008007840                tcp_update_rcv_ann_wnd
 .text.tcp_recved
                0x0000000008007898       0x7c Middlewares/Third_Party/LwIP/src/core/tcp.o
                0x0000000008007898                tcp_recved
 .text.tcp_seg_free
                0x0000000008007914       0x1c Middlewares/Third_Party/LwIP/src/core/tcp.o
                0x0000000008007914                tcp_seg_free
 .text.tcp_segs_free
                0x0000000008007930       0x10 Middlewares/Third_Party/LwIP/src/core/tcp.o
                0x0000000008007930                tcp_segs_free
 .text.tcp_seg_copy
                0x0000000008007940       0x2c Middlewares/Third_Party/LwIP/src/core/tcp.o
                0x0000000008007940                tcp_seg_copy
 .text.tcp_pcb_purge
                0x000000000800796c       0x40 Middlewares/Third_Party/LwIP/src/core/tcp.o
                0x000000000800796c                tcp_pcb_purge
 .text.tcp_slowtmr
                0x00000000080079ac      0x3c4 Middlewares/Third_Party/LwIP/src/core/tcp.o
                0x00000000080079ac                tcp_slowtmr
 .text.tcp_pcb_remove
                0x0000000008007d70       0xa0 Middlewares/Third_Party/LwIP/src/core/tcp.o
                0x0000000008007d70                tcp_pcb_remove
 .text.tcp_close_shutdown
                0x0000000008007e10      0x14c Middlewares/Third_Party/LwIP/src/core/tcp.o
 .text.tcp_close
                0x0000000008007f5c       0x14 Middlewares/Third_Party/LwIP/src/core/tcp.o
                0x0000000008007f5c                tcp_close
 .text.tcp_recv_null
                0x0000000008007f70       0x24 Middlewares/Third_Party/LwIP/src/core/tcp.o
                0x0000000008007f70                tcp_recv_null
 .text.tcp_process_refused_data
                0x0000000008007f94       0x66 Middlewares/Third_Party/LwIP/src/core/tcp.o
                0x0000000008007f94                tcp_process_refused_data
 *fill*         0x0000000008007ffa        0x2 
 .text.tcp_fasttmr
                0x0000000008007ffc       0x80 Middlewares/Third_Party/LwIP/src/core/tcp.o
                0x0000000008007ffc                tcp_fasttmr
 .text.tcp_tmr  0x000000000800807c       0x24 Middlewares/Third_Party/LwIP/src/core/tcp.o
                0x000000000800807c                tcp_tmr
 .text.tcp_abandon
                0x00000000080080a0       0xec Middlewares/Third_Party/LwIP/src/core/tcp.o
                0x00000000080080a0                tcp_abandon
 .text.tcp_abort
                0x000000000800818c        0x6 Middlewares/Third_Party/LwIP/src/core/tcp.o
                0x000000000800818c                tcp_abort
 .text.tcp_netif_ip_addr_changed_pcblist
                0x0000000008008192       0x1c Middlewares/Third_Party/LwIP/src/core/tcp.o
 *fill*         0x00000000080081ae        0x2 
 .text.tcp_kill_state
                0x00000000080081b0       0x60 Middlewares/Third_Party/LwIP/src/core/tcp.o
 .text.tcp_alloc
                0x0000000008008210      0x110 Middlewares/Third_Party/LwIP/src/core/tcp.o
                0x0000000008008210                tcp_alloc
 .text.tcp_next_iss
                0x0000000008008320       0x18 Middlewares/Third_Party/LwIP/src/core/tcp.o
                0x0000000008008320                tcp_next_iss
 .text.tcp_eff_send_mss_impl
                0x0000000008008338       0x1e Middlewares/Third_Party/LwIP/src/core/tcp.o
                0x0000000008008338                tcp_eff_send_mss_impl
 *fill*         0x0000000008008356        0x2 
 .text.tcp_netif_ip_addr_changed
                0x0000000008008358       0x4c Middlewares/Third_Party/LwIP/src/core/tcp.o
                0x0000000008008358                tcp_netif_ip_addr_changed
 .text.tcp_oos_insert_segment
                0x00000000080083a4       0x7c Middlewares/Third_Party/LwIP/src/core/tcp_in.o
 .text.tcp_receive
                0x0000000008008420      0x9a8 Middlewares/Third_Party/LwIP/src/core/tcp_in.o
 .text.tcp_getoptbyte
                0x0000000008008dc8       0x40 Middlewares/Third_Party/LwIP/src/core/tcp_in.o
 .text.tcp_parseopt.isra.1.part.2
                0x0000000008008e08       0x70 Middlewares/Third_Party/LwIP/src/core/tcp_in.o
 .text.tcp_input_delayed_close
                0x0000000008008e78       0x40 Middlewares/Third_Party/LwIP/src/core/tcp_in.o
 .text.tcp_input
                0x0000000008008eb8      0x9fc Middlewares/Third_Party/LwIP/src/core/tcp_in.o
                0x0000000008008eb8                tcp_input
 .text.tcp_trigger_input_pcb_close
                0x00000000080098b4       0x10 Middlewares/Third_Party/LwIP/src/core/tcp_in.o
                0x00000000080098b4                tcp_trigger_input_pcb_close
 .text.tcp_create_segment
                0x00000000080098c4       0xcc Middlewares/Third_Party/LwIP/src/core/tcp_out.o
 .text.tcp_output_alloc_header.constprop.0
                0x0000000008009990       0x78 Middlewares/Third_Party/LwIP/src/core/tcp_out.o
 .text.tcp_enqueue_flags
                0x0000000008009a08      0x12c Middlewares/Third_Party/LwIP/src/core/tcp_out.o
                0x0000000008009a08                tcp_enqueue_flags
 .text.tcp_send_fin
                0x0000000008009b34       0x44 Middlewares/Third_Party/LwIP/src/core/tcp_out.o
                0x0000000008009b34                tcp_send_fin
 .text.tcp_send_empty_ack
                0x0000000008009b78       0x6a Middlewares/Third_Party/LwIP/src/core/tcp_out.o
                0x0000000008009b78                tcp_send_empty_ack
 *fill*         0x0000000008009be2        0x2 
 .text.tcp_output
                0x0000000008009be4      0x2fc Middlewares/Third_Party/LwIP/src/core/tcp_out.o
                0x0000000008009be4                tcp_output
 .text.tcp_rst  0x0000000008009ee0       0xb4 Middlewares/Third_Party/LwIP/src/core/tcp_out.o
                0x0000000008009ee0                tcp_rst
 .text.tcp_rexmit_rto
                0x0000000008009f94       0x38 Middlewares/Third_Party/LwIP/src/core/tcp_out.o
                0x0000000008009f94                tcp_rexmit_rto
 .text.tcp_rexmit
                0x0000000008009fcc       0x52 Middlewares/Third_Party/LwIP/src/core/tcp_out.o
                0x0000000008009fcc                tcp_rexmit
 .text.tcp_rexmit_fast
                0x000000000800a01e       0x4e Middlewares/Third_Party/LwIP/src/core/tcp_out.o
                0x000000000800a01e                tcp_rexmit_fast
 .text.tcp_keepalive
                0x000000000800a06c       0x54 Middlewares/Third_Party/LwIP/src/core/tcp_out.o
                0x000000000800a06c                tcp_keepalive
 .text.tcp_zero_window_probe
                0x000000000800a0c0       0xbe Middlewares/Third_Party/LwIP/src/core/tcp_out.o
                0x000000000800a0c0                tcp_zero_window_probe
 *fill*         0x000000000800a17e        0x2 
 .text.sys_timeout
                0x000000000800a180       0xa4 Middlewares/Third_Party/LwIP/src/core/timeouts.o
                0x000000000800a180                sys_timeout
 .text.tcp_timer_needed
                0x000000000800a224       0x34 Middlewares/Third_Party/LwIP/src/core/timeouts.o
                0x000000000800a224                tcp_timer_needed
 .text.tcpip_tcp_timer
                0x000000000800a258       0x38 Middlewares/Third_Party/LwIP/src/core/timeouts.o
 .text.sys_timeouts_init
                0x000000000800a290       0x54 Middlewares/Third_Party/LwIP/src/core/timeouts.o
                0x000000000800a290                sys_timeouts_init
 .text.cyclic_timer
                0x000000000800a2e4       0x1c Middlewares/Third_Party/LwIP/src/core/timeouts.o
 .text.sys_timeouts_mbox_fetch
                0x000000000800a300       0xa4 Middlewares/Third_Party/LwIP/src/core/timeouts.o
                0x000000000800a300                sys_timeouts_mbox_fetch
 .text.udp_init
                0x000000000800a3a4        0x2 Middlewares/Third_Party/LwIP/src/core/udp.o
                0x000000000800a3a4                udp_init
 *fill*         0x000000000800a3a6        0x2 
 .text.udp_input
                0x000000000800a3a8      0x130 Middlewares/Third_Party/LwIP/src/core/udp.o
                0x000000000800a3a8                udp_input
 .text.udp_bind
                0x000000000800a4d8       0xa8 Middlewares/Third_Party/LwIP/src/core/udp.o
                0x000000000800a4d8                udp_bind
 .text.udp_sendto_if_src
                0x000000000800a580       0xcc Middlewares/Third_Party/LwIP/src/core/udp.o
                0x000000000800a580                udp_sendto_if_src
 .text.udp_sendto_if
                0x000000000800a64c       0x38 Middlewares/Third_Party/LwIP/src/core/udp.o
                0x000000000800a64c                udp_sendto_if
 .text.udp_connect
                0x000000000800a684       0x50 Middlewares/Third_Party/LwIP/src/core/udp.o
                0x000000000800a684                udp_connect
 .text.udp_recv
                0x000000000800a6d4        0x6 Middlewares/Third_Party/LwIP/src/core/udp.o
                0x000000000800a6d4                udp_recv
 *fill*         0x000000000800a6da        0x2 
 .text.udp_remove
                0x000000000800a6dc       0x30 Middlewares/Third_Party/LwIP/src/core/udp.o
                0x000000000800a6dc                udp_remove
 .text.udp_new  0x000000000800a70c       0x1c Middlewares/Third_Party/LwIP/src/core/udp.o
                0x000000000800a70c                udp_new
 .text.udp_netif_ip_addr_changed
                0x000000000800a728       0x2c Middlewares/Third_Party/LwIP/src/core/udp.o
                0x000000000800a728                udp_netif_ip_addr_changed
 .text.ethernet_input
                0x000000000800a754       0x98 Middlewares/Third_Party/LwIP/src/netif/ethernet.o
                0x000000000800a754                ethernet_input
 .text.ethernet_output
                0x000000000800a7ec       0x70 Middlewares/Third_Party/LwIP/src/netif/ethernet.o
                0x000000000800a7ec                ethernet_output
 .text.sys_mbox_new
                0x000000000800a85c       0x20 Middlewares/Third_Party/LwIP/system/OS/sys_arch.o
                0x000000000800a85c                sys_mbox_new
 .text.sys_mbox_post
                0x000000000800a87c       0x18 Middlewares/Third_Party/LwIP/system/OS/sys_arch.o
                0x000000000800a87c                sys_mbox_post
 .text.sys_mbox_trypost
                0x000000000800a894       0x14 Middlewares/Third_Party/LwIP/system/OS/sys_arch.o
                0x000000000800a894                sys_mbox_trypost
 .text.sys_arch_mbox_fetch
                0x000000000800a8a8       0x44 Middlewares/Third_Party/LwIP/system/OS/sys_arch.o
                0x000000000800a8a8                sys_arch_mbox_fetch
 .text.sys_mbox_valid
                0x000000000800a8ec        0xa Middlewares/Third_Party/LwIP/system/OS/sys_arch.o
                0x000000000800a8ec                sys_mbox_valid
 *fill*         0x000000000800a8f6        0x2 
 .text.sys_init
                0x000000000800a8f8       0x18 Middlewares/Third_Party/LwIP/system/OS/sys_arch.o
                0x000000000800a8f8                sys_init
 .text.sys_mutex_new
                0x000000000800a910       0x1e Middlewares/Third_Party/LwIP/system/OS/sys_arch.o
                0x000000000800a910                sys_mutex_new
 .text.sys_mutex_lock
                0x000000000800a92e        0xa Middlewares/Third_Party/LwIP/system/OS/sys_arch.o
                0x000000000800a92e                sys_mutex_lock
 .text.sys_mutex_unlock
                0x000000000800a938        0x6 Middlewares/Third_Party/LwIP/system/OS/sys_arch.o
                0x000000000800a938                sys_mutex_unlock
 .text.sys_thread_new
                0x000000000800a93e       0x20 Middlewares/Third_Party/LwIP/system/OS/sys_arch.o
                0x000000000800a93e                sys_thread_new
 *fill*         0x000000000800a95e        0x2 
 .text.sys_arch_protect
                0x000000000800a960       0x18 Middlewares/Third_Party/LwIP/system/OS/sys_arch.o
                0x000000000800a960                sys_arch_protect
 .text.sys_arch_unprotect
                0x000000000800a978        0xc Middlewares/Third_Party/LwIP/system/OS/sys_arch.o
                0x000000000800a978                sys_arch_unprotect
 .text.debug_init
                0x000000000800a984        0xc Src/dbgu.o
                0x000000000800a984                debug_init
 .text.debug_chr
                0x000000000800a990       0x14 Src/dbgu.o
                0x000000000800a990                debug_chr
 .text.low_level_output
                0x000000000800a9a4       0xa0 Src/ethernetif.o
 .text.ethernetif_input
                0x000000000800aa44       0xec Src/ethernetif.o
                0x000000000800aa44                ethernetif_input
 .text.HAL_ETH_MspInit
                0x000000000800ab30       0xcc Src/ethernetif.o
                0x000000000800ab30                HAL_ETH_MspInit
 .text.HAL_ETH_RxCpltCallback
                0x000000000800abfc        0xc Src/ethernetif.o
                0x000000000800abfc                HAL_ETH_RxCpltCallback
 .text.ethernetif_init
                0x000000000800ac08      0x158 Src/ethernetif.o
                0x000000000800ac08                ethernetif_init
 .text.sys_now  0x000000000800ad60        0x4 Src/ethernetif.o
                0x000000000800ad60                sys_now
 .text.MX_LWIP_Init
                0x000000000800ad64       0x6c Src/lwip.o
                0x000000000800ad64                MX_LWIP_Init
 .text.StartDefaultTask
                0x000000000800add0       0x9c Src/main.o
                0x000000000800add0                StartDefaultTask
 .text.SystemClock_Config
                0x000000000800ae6c       0xc0 Src/main.o
                0x000000000800ae6c                SystemClock_Config
 .text.startup.main
                0x000000000800af2c      0x1ec Src/main.o
                0x000000000800af2c                main
 .text.HAL_TIM_PeriodElapsedCallback
                0x000000000800b118       0x14 Src/main.o
                0x000000000800b118                HAL_TIM_PeriodElapsedCallback
 .text.handleError
                0x000000000800b12c       0x2c Src/rfid-rc522.o
                0x000000000800b12c                handleError
 .text.TM_MFRC522_CS_Write
                0x000000000800b158       0x10 Src/rfid-rc522.o
                0x000000000800b158                TM_MFRC522_CS_Write
 .text.TM_MFRC522_WriteRegister
                0x000000000800b168       0x58 Src/rfid-rc522.o
                0x000000000800b168                TM_MFRC522_WriteRegister
 .text.TM_MFRC522_Reset
                0x000000000800b1c0       0x14 Src/rfid-rc522.o
                0x000000000800b1c0                TM_MFRC522_Reset
 .text.TM_MFRC522_ReadRegister
                0x000000000800b1d4       0x64 Src/rfid-rc522.o
                0x000000000800b1d4                TM_MFRC522_ReadRegister
 .text.TM_MFRC522_SetBitMask
                0x000000000800b238       0x1a Src/rfid-rc522.o
                0x000000000800b238                TM_MFRC522_SetBitMask
 .text.TM_MFRC522_ClearBitMask
                0x000000000800b252       0x1a Src/rfid-rc522.o
                0x000000000800b252                TM_MFRC522_ClearBitMask
 .text.TM_MFRC522_AntennaOn
                0x000000000800b26c       0x1a Src/rfid-rc522.o
                0x000000000800b26c                TM_MFRC522_AntennaOn
 *fill*         0x000000000800b286        0x2 
 .text.TM_MFRC522_ToCard
                0x000000000800b288      0x168 Src/rfid-rc522.o
                0x000000000800b288                TM_MFRC522_ToCard
 .text.TM_MFRC522_Request
                0x000000000800b3f0       0x40 Src/rfid-rc522.o
                0x000000000800b3f0                TM_MFRC522_Request
 .text.TM_MFRC522_Anticoll
                0x000000000800b430       0x48 Src/rfid-rc522.o
                0x000000000800b430                TM_MFRC522_Anticoll
 .text.TM_MFRC522_CalculateCRC
                0x000000000800b478       0x6a Src/rfid-rc522.o
                0x000000000800b478                TM_MFRC522_CalculateCRC
 .text.TM_MFRC522_SelectTag
                0x000000000800b4e2       0x7c Src/rfid-rc522.o
                0x000000000800b4e2                TM_MFRC522_SelectTag
 .text.TM_MFRC522_Halt
                0x000000000800b55e       0x32 Src/rfid-rc522.o
                0x000000000800b55e                TM_MFRC522_Halt
 .text.TM_MFRC522_Check
                0x000000000800b590       0x34 Src/rfid-rc522.o
                0x000000000800b590                TM_MFRC522_Check
 .text.RFID_RC522_Init
                0x000000000800b5c4       0x4c Src/rfid-rc522.o
                0x000000000800b5c4                RFID_RC522_Init
 .text.bin_to_strhex
                0x000000000800b610       0x7c Src/rfid-rc522.o
                0x000000000800b610                bin_to_strhex
 .text.HAL_MspInit
                0x000000000800b68c       0x8c Src/stm32f7xx_hal_msp.o
                0x000000000800b68c                HAL_MspInit
 .text.HAL_SPI_MspInit
                0x000000000800b718       0x64 Src/stm32f7xx_hal_msp.o
                0x000000000800b718                HAL_SPI_MspInit
 .text.HAL_UART_MspInit
                0x000000000800b77c       0x4c Src/stm32f7xx_hal_msp.o
                0x000000000800b77c                HAL_UART_MspInit
 .text.HAL_PCD_MspInit
                0x000000000800b7c8       0x70 Src/stm32f7xx_hal_msp.o
                0x000000000800b7c8                HAL_PCD_MspInit
 .text.HAL_InitTick
                0x000000000800b838       0x78 Src/stm32f7xx_hal_timebase_TIM.o
                0x000000000800b838                HAL_InitTick
 .text.NMI_Handler
                0x000000000800b8b0        0x2 Src/stm32f7xx_it.o
                0x000000000800b8b0                NMI_Handler
 .text.HardFault_Handler
                0x000000000800b8b2        0x2 Src/stm32f7xx_it.o
                0x000000000800b8b2                HardFault_Handler
 .text.MemManage_Handler
                0x000000000800b8b4        0x2 Src/stm32f7xx_it.o
                0x000000000800b8b4                MemManage_Handler
 .text.BusFault_Handler
                0x000000000800b8b6        0x2 Src/stm32f7xx_it.o
                0x000000000800b8b6                BusFault_Handler
 .text.UsageFault_Handler
                0x000000000800b8b8        0x2 Src/stm32f7xx_it.o
                0x000000000800b8b8                UsageFault_Handler
 .text.DebugMon_Handler
                0x000000000800b8ba        0x2 Src/stm32f7xx_it.o
                0x000000000800b8ba                DebugMon_Handler
 .text.SysTick_Handler
                0x000000000800b8bc        0x4 Src/stm32f7xx_it.o
                0x000000000800b8bc                SysTick_Handler
 .text.TIM1_UP_TIM10_IRQHandler
                0x000000000800b8c0        0xc Src/stm32f7xx_it.o
                0x000000000800b8c0                TIM1_UP_TIM10_IRQHandler
 .text.ETH_IRQHandler
                0x000000000800b8cc        0xc Src/stm32f7xx_it.o
                0x000000000800b8cc                ETH_IRQHandler
 .text._sbrk    0x000000000800b8d8       0x40 Src/syscalls.o
                0x000000000800b8d8                _sbrk
 .text._write   0x000000000800b918       0x1c Src/syscalls.o
                0x000000000800b918                _write
 .text._close   0x000000000800b934        0x6 Src/syscalls.o
                0x000000000800b934                _close
 .text._fstat   0x000000000800b93a        0xa Src/syscalls.o
                0x000000000800b93a                _fstat
 .text._isatty  0x000000000800b944        0x4 Src/syscalls.o
                0x000000000800b944                _isatty
 .text._lseek   0x000000000800b948        0x4 Src/syscalls.o
                0x000000000800b948                _lseek
 .text._read    0x000000000800b94c       0x1c Src/syscalls.o
                0x000000000800b94c                _read
 .text.SystemInit
                0x000000000800b968       0x4c Src/system_stm32f7xx.o
                0x000000000800b968                SystemInit
 .text.xputs    0x000000000800b9b4       0x12 Src/term_io.o
                0x000000000800b9b4                xputs
 .text.xitoa    0x000000000800b9c6       0x92 Src/term_io.o
                0x000000000800b9c6                xitoa
 .text.xprintf  0x000000000800ba58       0xc6 Src/term_io.o
                0x000000000800ba58                xprintf
 *fill*         0x000000000800bb1e        0x2 
 .text.Reset_Handler
                0x000000000800bb20       0x50 startup/startup_stm32f746xx.o
                0x000000000800bb20                Reset_Handler
 .text.Default_Handler
                0x000000000800bb70        0x2 startup/startup_stm32f746xx.o
                0x000000000800bb70                RTC_Alarm_IRQHandler
                0x000000000800bb70                EXTI2_IRQHandler
                0x000000000800bb70                TIM8_CC_IRQHandler
                0x000000000800bb70                UART8_IRQHandler
                0x000000000800bb70                SPI4_IRQHandler
                0x000000000800bb70                TIM1_CC_IRQHandler
                0x000000000800bb70                DMA2_Stream5_IRQHandler
                0x000000000800bb70                DMA1_Stream5_IRQHandler
                0x000000000800bb70                PVD_IRQHandler
                0x000000000800bb70                TAMP_STAMP_IRQHandler
                0x000000000800bb70                CAN2_RX1_IRQHandler
                0x000000000800bb70                EXTI3_IRQHandler
                0x000000000800bb70                TIM8_TRG_COM_TIM14_IRQHandler
                0x000000000800bb70                TIM8_UP_TIM13_IRQHandler
                0x000000000800bb70                I2C3_ER_IRQHandler
                0x000000000800bb70                EXTI0_IRQHandler
                0x000000000800bb70                I2C2_EV_IRQHandler
                0x000000000800bb70                DMA1_Stream2_IRQHandler
                0x000000000800bb70                CAN1_RX0_IRQHandler
                0x000000000800bb70                FPU_IRQHandler
                0x000000000800bb70                OTG_HS_WKUP_IRQHandler
                0x000000000800bb70                LTDC_ER_IRQHandler
                0x000000000800bb70                CAN2_SCE_IRQHandler
                0x000000000800bb70                DMA2_Stream2_IRQHandler
                0x000000000800bb70                SPI1_IRQHandler
                0x000000000800bb70                TIM6_DAC_IRQHandler
                0x000000000800bb70                TIM1_BRK_TIM9_IRQHandler
                0x000000000800bb70                DCMI_IRQHandler
                0x000000000800bb70                CAN2_RX0_IRQHandler
                0x000000000800bb70                DMA2_Stream3_IRQHandler
                0x000000000800bb70                SAI2_IRQHandler
                0x000000000800bb70                USART6_IRQHandler
                0x000000000800bb70                USART3_IRQHandler
                0x000000000800bb70                CAN1_RX1_IRQHandler
                0x000000000800bb70                UART5_IRQHandler
                0x000000000800bb70                DMA2_Stream0_IRQHandler
                0x000000000800bb70                TIM4_IRQHandler
                0x000000000800bb70                QUADSPI_IRQHandler
                0x000000000800bb70                I2C1_EV_IRQHandler
                0x000000000800bb70                DMA1_Stream6_IRQHandler
                0x000000000800bb70                DMA1_Stream1_IRQHandler
                0x000000000800bb70                UART4_IRQHandler
                0x000000000800bb70                TIM3_IRQHandler
                0x000000000800bb70                RCC_IRQHandler
                0x000000000800bb70                TIM8_BRK_TIM12_IRQHandler
                0x000000000800bb70                Default_Handler
                0x000000000800bb70                CEC_IRQHandler
                0x000000000800bb70                EXTI15_10_IRQHandler
                0x000000000800bb70                ADC_IRQHandler
                0x000000000800bb70                DMA1_Stream7_IRQHandler
                0x000000000800bb70                SPI5_IRQHandler
                0x000000000800bb70                TIM7_IRQHandler
                0x000000000800bb70                SDMMC1_IRQHandler
                0x000000000800bb70                CAN2_TX_IRQHandler
                0x000000000800bb70                TIM5_IRQHandler
                0x000000000800bb70                DMA2_Stream7_IRQHandler
                0x000000000800bb70                I2C3_EV_IRQHandler
                0x000000000800bb70                EXTI9_5_IRQHandler
                0x000000000800bb70                RTC_WKUP_IRQHandler
                0x000000000800bb70                LTDC_IRQHandler
                0x000000000800bb70                ETH_WKUP_IRQHandler
                0x000000000800bb70                SPDIF_RX_IRQHandler
                0x000000000800bb70                SPI2_IRQHandler
                0x000000000800bb70                OTG_HS_EP1_IN_IRQHandler
                0x000000000800bb70                DMA1_Stream0_IRQHandler
                0x000000000800bb70                CAN1_TX_IRQHandler
                0x000000000800bb70                EXTI4_IRQHandler
                0x000000000800bb70                RNG_IRQHandler
                0x000000000800bb70                OTG_HS_EP1_OUT_IRQHandler
                0x000000000800bb70                WWDG_IRQHandler
                0x000000000800bb70                SPI6_IRQHandler
                0x000000000800bb70                I2C4_EV_IRQHandler
                0x000000000800bb70                TIM2_IRQHandler
                0x000000000800bb70                OTG_FS_WKUP_IRQHandler
                0x000000000800bb70                TIM1_TRG_COM_TIM11_IRQHandler
                0x000000000800bb70                OTG_HS_IRQHandler
                0x000000000800bb70                DMA2D_IRQHandler
                0x000000000800bb70                EXTI1_IRQHandler
                0x000000000800bb70                UART7_IRQHandler
                0x000000000800bb70                USART2_IRQHandler
                0x000000000800bb70                I2C2_ER_IRQHandler
                0x000000000800bb70                DMA2_Stream1_IRQHandler
                0x000000000800bb70                CAN1_SCE_IRQHandler
                0x000000000800bb70                FLASH_IRQHandler
                0x000000000800bb70                DMA2_Stream4_IRQHandler
                0x000000000800bb70                USART1_IRQHandler
                0x000000000800bb70                OTG_FS_IRQHandler
                0x000000000800bb70                SPI3_IRQHandler
                0x000000000800bb70                DMA1_Stream4_IRQHandler
                0x000000000800bb70                I2C1_ER_IRQHandler
                0x000000000800bb70                FMC_IRQHandler
                0x000000000800bb70                LPTIM1_IRQHandler
                0x000000000800bb70                I2C4_ER_IRQHandler
                0x000000000800bb70                DMA2_Stream6_IRQHandler
                0x000000000800bb70                SAI1_IRQHandler
                0x000000000800bb70                DMA1_Stream3_IRQHandler
 *fill*         0x000000000800bb72        0x2 
 .text.__libc_init_array
                0x000000000800bb74       0x48 /opt/Atollic_TrueSTUDIO_for_STM32_x86_64_9.2.0/ARMTools/bin/../lib/gcc/arm-atollic-eabi/6.3.1/../../../../arm-atollic-eabi/lib/armv7e-m/fpu/fpv5-sp-d16/libc_nano.a(lib_a-init.o)
                0x000000000800bb74                __libc_init_array
 .text.malloc   0x000000000800bbbc       0x10 /opt/Atollic_TrueSTUDIO_for_STM32_x86_64_9.2.0/ARMTools/bin/../lib/gcc/arm-atollic-eabi/6.3.1/../../../../arm-atollic-eabi/lib/armv7e-m/fpu/fpv5-sp-d16/libc_nano.a(lib_a-malloc.o)
                0x000000000800bbbc                malloc
 .text.memcmp   0x000000000800bbcc       0x1e /opt/Atollic_TrueSTUDIO_for_STM32_x86_64_9.2.0/ARMTools/bin/../lib/gcc/arm-atollic-eabi/6.3.1/../../../../arm-atollic-eabi/lib/armv7e-m/fpu/fpv5-sp-d16/libc_nano.a(lib_a-memcmp.o)
                0x000000000800bbcc                memcmp
 .text.memcpy   0x000000000800bbea       0x16 /opt/Atollic_TrueSTUDIO_for_STM32_x86_64_9.2.0/ARMTools/bin/../lib/gcc/arm-atollic-eabi/6.3.1/../../../../arm-atollic-eabi/lib/armv7e-m/fpu/fpv5-sp-d16/libc_nano.a(lib_a-memcpy-stub.o)
                0x000000000800bbea                memcpy
 .text.memset   0x000000000800bc00       0x10 /opt/Atollic_TrueSTUDIO_for_STM32_x86_64_9.2.0/ARMTools/bin/../lib/gcc/arm-atollic-eabi/6.3.1/../../../../arm-atollic-eabi/lib/armv7e-m/fpu/fpv5-sp-d16/libc_nano.a(lib_a-memset.o)
                0x000000000800bc00                memset
 .text._free_r  0x000000000800bc10       0x9c /opt/Atollic_TrueSTUDIO_for_STM32_x86_64_9.2.0/ARMTools/bin/../lib/gcc/arm-atollic-eabi/6.3.1/../../../../arm-atollic-eabi/lib/armv7e-m/fpu/fpv5-sp-d16/libc_nano.a(lib_a-nano-freer.o)
                0x000000000800bc10                _free_r
 .text._malloc_r
                0x000000000800bcac       0xbc /opt/Atollic_TrueSTUDIO_for_STM32_x86_64_9.2.0/ARMTools/bin/../lib/gcc/arm-atollic-eabi/6.3.1/../../../../arm-atollic-eabi/lib/armv7e-m/fpu/fpv5-sp-d16/libc_nano.a(lib_a-nano-mallocr.o)
                0x000000000800bcac                _malloc_r
 .text.printf   0x000000000800bd68       0x30 /opt/Atollic_TrueSTUDIO_for_STM32_x86_64_9.2.0/ARMTools/bin/../lib/gcc/arm-atollic-eabi/6.3.1/../../../../arm-atollic-eabi/lib/armv7e-m/fpu/fpv5-sp-d16/libc_nano.a(lib_a-printf.o)
                0x000000000800bd68                printf
                0x000000000800bd68                iprintf
 .text.rand     0x000000000800bd98       0x74 /opt/Atollic_TrueSTUDIO_for_STM32_x86_64_9.2.0/ARMTools/bin/../lib/gcc/arm-atollic-eabi/6.3.1/../../../../arm-atollic-eabi/lib/armv7e-m/fpu/fpv5-sp-d16/libc_nano.a(lib_a-rand.o)
                0x000000000800bd98                rand
 .text._sbrk_r  0x000000000800be0c       0x20 /opt/Atollic_TrueSTUDIO_for_STM32_x86_64_9.2.0/ARMTools/bin/../lib/gcc/arm-atollic-eabi/6.3.1/../../../../arm-atollic-eabi/lib/armv7e-m/fpu/fpv5-sp-d16/libc_nano.a(lib_a-sbrkr.o)
                0x000000000800be0c                _sbrk_r
 .text._cleanup_r
                0x000000000800be2c        0xc /opt/Atollic_TrueSTUDIO_for_STM32_x86_64_9.2.0/ARMTools/bin/../lib/gcc/arm-atollic-eabi/6.3.1/../../../../arm-atollic-eabi/lib/armv7e-m/fpu/fpv5-sp-d16/libc_nano.a(lib_a-findfp.o)
                0x000000000800be2c                _cleanup_r
 .text.std.isra.0
                0x000000000800be38       0x48 /opt/Atollic_TrueSTUDIO_for_STM32_x86_64_9.2.0/ARMTools/bin/../lib/gcc/arm-atollic-eabi/6.3.1/../../../../arm-atollic-eabi/lib/armv7e-m/fpu/fpv5-sp-d16/libc_nano.a(lib_a-findfp.o)
 .text.__sfmoreglue
                0x000000000800be80       0x2c /opt/Atollic_TrueSTUDIO_for_STM32_x86_64_9.2.0/ARMTools/bin/../lib/gcc/arm-atollic-eabi/6.3.1/../../../../arm-atollic-eabi/lib/armv7e-m/fpu/fpv5-sp-d16/libc_nano.a(lib_a-findfp.o)
                0x000000000800be80                __sfmoreglue
 .text.__sinit  0x000000000800beac       0x60 /opt/Atollic_TrueSTUDIO_for_STM32_x86_64_9.2.0/ARMTools/bin/../lib/gcc/arm-atollic-eabi/6.3.1/../../../../arm-atollic-eabi/lib/armv7e-m/fpu/fpv5-sp-d16/libc_nano.a(lib_a-findfp.o)
                0x000000000800beac                __sinit
 .text.__sfp    0x000000000800bf0c       0x78 /opt/Atollic_TrueSTUDIO_for_STM32_x86_64_9.2.0/ARMTools/bin/../lib/gcc/arm-atollic-eabi/6.3.1/../../../../arm-atollic-eabi/lib/armv7e-m/fpu/fpv5-sp-d16/libc_nano.a(lib_a-findfp.o)
                0x000000000800bf0c                __sfp
 .text._fwalk_reent
                0x000000000800bf84       0x3c /opt/Atollic_TrueSTUDIO_for_STM32_x86_64_9.2.0/ARMTools/bin/../lib/gcc/arm-atollic-eabi/6.3.1/../../../../arm-atollic-eabi/lib/armv7e-m/fpu/fpv5-sp-d16/libc_nano.a(lib_a-fwalk.o)
                0x000000000800bf84                _fwalk_reent
 .text.__malloc_lock
                0x000000000800bfc0        0x2 /opt/Atollic_TrueSTUDIO_for_STM32_x86_64_9.2.0/ARMTools/bin/../lib/gcc/arm-atollic-eabi/6.3.1/../../../../arm-atollic-eabi/lib/armv7e-m/fpu/fpv5-sp-d16/libc_nano.a(lib_a-mlock.o)
                0x000000000800bfc0                __malloc_lock
 .text.__malloc_unlock
                0x000000000800bfc2        0x2 /opt/Atollic_TrueSTUDIO_for_STM32_x86_64_9.2.0/ARMTools/bin/../lib/gcc/arm-atollic-eabi/6.3.1/../../../../arm-atollic-eabi/lib/armv7e-m/fpu/fpv5-sp-d16/libc_nano.a(lib_a-mlock.o)
                0x000000000800bfc2                __malloc_unlock
 .text.__sfputc_r
                0x000000000800bfc4       0x30 /opt/Atollic_TrueSTUDIO_for_STM32_x86_64_9.2.0/ARMTools/bin/../lib/gcc/arm-atollic-eabi/6.3.1/../../../../arm-atollic-eabi/lib/armv7e-m/fpu/fpv5-sp-d16/libc_nano.a(lib_a-nano-vfprintf.o)
 .text.__sfputs_r
                0x000000000800bff4       0x24 /opt/Atollic_TrueSTUDIO_for_STM32_x86_64_9.2.0/ARMTools/bin/../lib/gcc/arm-atollic-eabi/6.3.1/../../../../arm-atollic-eabi/lib/armv7e-m/fpu/fpv5-sp-d16/libc_nano.a(lib_a-nano-vfprintf.o)
                0x000000000800bff4                __sfputs_r
 .text._vfprintf_r
                0x000000000800c018      0x22c /opt/Atollic_TrueSTUDIO_for_STM32_x86_64_9.2.0/ARMTools/bin/../lib/gcc/arm-atollic-eabi/6.3.1/../../../../arm-atollic-eabi/lib/armv7e-m/fpu/fpv5-sp-d16/libc_nano.a(lib_a-nano-vfprintf.o)
                0x000000000800c018                _vfiprintf_r
                0x000000000800c018                _vfprintf_r
 .text._printf_common
                0x000000000800c244       0xec /opt/Atollic_TrueSTUDIO_for_STM32_x86_64_9.2.0/ARMTools/bin/../lib/gcc/arm-atollic-eabi/6.3.1/../../../../arm-atollic-eabi/lib/armv7e-m/fpu/fpv5-sp-d16/libc_nano.a(lib_a-nano-vfprintf_i.o)
                0x000000000800c244                _printf_common
 .text._printf_i
                0x000000000800c330      0x240 /opt/Atollic_TrueSTUDIO_for_STM32_x86_64_9.2.0/ARMTools/bin/../lib/gcc/arm-atollic-eabi/6.3.1/../../../../arm-atollic-eabi/lib/armv7e-m/fpu/fpv5-sp-d16/libc_nano.a(lib_a-nano-vfprintf_i.o)
                0x000000000800c330                _printf_i
 .text.__sread  0x000000000800c570       0x22 /opt/Atollic_TrueSTUDIO_for_STM32_x86_64_9.2.0/ARMTools/bin/../lib/gcc/arm-atollic-eabi/6.3.1/../../../../arm-atollic-eabi/lib/armv7e-m/fpu/fpv5-sp-d16/libc_nano.a(lib_a-stdio.o)
                0x000000000800c570                __sread
 .text.__swrite
                0x000000000800c592       0x38 /opt/Atollic_TrueSTUDIO_for_STM32_x86_64_9.2.0/ARMTools/bin/../lib/gcc/arm-atollic-eabi/6.3.1/../../../../arm-atollic-eabi/lib/armv7e-m/fpu/fpv5-sp-d16/libc_nano.a(lib_a-stdio.o)
                0x000000000800c592                __swrite
 .text.__sseek  0x000000000800c5ca       0x24 /opt/Atollic_TrueSTUDIO_for_STM32_x86_64_9.2.0/ARMTools/bin/../lib/gcc/arm-atollic-eabi/6.3.1/../../../../arm-atollic-eabi/lib/armv7e-m/fpu/fpv5-sp-d16/libc_nano.a(lib_a-stdio.o)
                0x000000000800c5ca                __sseek
 .text.__sclose
                0x000000000800c5ee        0x8 /opt/Atollic_TrueSTUDIO_for_STM32_x86_64_9.2.0/ARMTools/bin/../lib/gcc/arm-atollic-eabi/6.3.1/../../../../arm-atollic-eabi/lib/armv7e-m/fpu/fpv5-sp-d16/libc_nano.a(lib_a-stdio.o)
                0x000000000800c5ee                __sclose
 *fill*         0x000000000800c5f6        0x2 
 .text.__swbuf_r
                0x000000000800c5f8       0xa4 /opt/Atollic_TrueSTUDIO_for_STM32_x86_64_9.2.0/ARMTools/bin/../lib/gcc/arm-atollic-eabi/6.3.1/../../../../arm-atollic-eabi/lib/armv7e-m/fpu/fpv5-sp-d16/libc_nano.a(lib_a-wbuf.o)
                0x000000000800c5f8                __swbuf_r
 .text._write_r
                0x000000000800c69c       0x24 /opt/Atollic_TrueSTUDIO_for_STM32_x86_64_9.2.0/ARMTools/bin/../lib/gcc/arm-atollic-eabi/6.3.1/../../../../arm-atollic-eabi/lib/armv7e-m/fpu/fpv5-sp-d16/libc_nano.a(lib_a-writer.o)
                0x000000000800c69c                _write_r
 .text.__swsetup_r
                0x000000000800c6c0       0xdc /opt/Atollic_TrueSTUDIO_for_STM32_x86_64_9.2.0/ARMTools/bin/../lib/gcc/arm-atollic-eabi/6.3.1/../../../../arm-atollic-eabi/lib/armv7e-m/fpu/fpv5-sp-d16/libc_nano.a(lib_a-wsetup.o)
                0x000000000800c6c0                __swsetup_r
 .text._close_r
                0x000000000800c79c       0x20 /opt/Atollic_TrueSTUDIO_for_STM32_x86_64_9.2.0/ARMTools/bin/../lib/gcc/arm-atollic-eabi/6.3.1/../../../../arm-atollic-eabi/lib/armv7e-m/fpu/fpv5-sp-d16/libc_nano.a(lib_a-closer.o)
                0x000000000800c79c                _close_r
 .text.__sflush_r
                0x000000000800c7bc      0x110 /opt/Atollic_TrueSTUDIO_for_STM32_x86_64_9.2.0/ARMTools/bin/../lib/gcc/arm-atollic-eabi/6.3.1/../../../../arm-atollic-eabi/lib/armv7e-m/fpu/fpv5-sp-d16/libc_nano.a(lib_a-fflush.o)
                0x000000000800c7bc                __sflush_r
 .text._fflush_r
                0x000000000800c8cc       0x54 /opt/Atollic_TrueSTUDIO_for_STM32_x86_64_9.2.0/ARMTools/bin/../lib/gcc/arm-atollic-eabi/6.3.1/../../../../arm-atollic-eabi/lib/armv7e-m/fpu/fpv5-sp-d16/libc_nano.a(lib_a-fflush.o)
                0x000000000800c8cc                _fflush_r
 .text._lseek_r
                0x000000000800c920       0x24 /opt/Atollic_TrueSTUDIO_for_STM32_x86_64_9.2.0/ARMTools/bin/../lib/gcc/arm-atollic-eabi/6.3.1/../../../../arm-atollic-eabi/lib/armv7e-m/fpu/fpv5-sp-d16/libc_nano.a(lib_a-lseekr.o)
                0x000000000800c920                _lseek_r
 .text.__swhatbuf_r
                0x000000000800c944       0x48 /opt/Atollic_TrueSTUDIO_for_STM32_x86_64_9.2.0/ARMTools/bin/../lib/gcc/arm-atollic-eabi/6.3.1/../../../../arm-atollic-eabi/lib/armv7e-m/fpu/fpv5-sp-d16/libc_nano.a(lib_a-makebuf.o)
                0x000000000800c944                __swhatbuf_r
 .text.__smakebuf_r
                0x000000000800c98c       0x80 /opt/Atollic_TrueSTUDIO_for_STM32_x86_64_9.2.0/ARMTools/bin/../lib/gcc/arm-atollic-eabi/6.3.1/../../../../arm-atollic-eabi/lib/armv7e-m/fpu/fpv5-sp-d16/libc_nano.a(lib_a-makebuf.o)
                0x000000000800c98c                __smakebuf_r
 .text._read_r  0x000000000800ca0c       0x24 /opt/Atollic_TrueSTUDIO_for_STM32_x86_64_9.2.0/ARMTools/bin/../lib/gcc/arm-atollic-eabi/6.3.1/../../../../arm-atollic-eabi/lib/armv7e-m/fpu/fpv5-sp-d16/libc_nano.a(lib_a-readr.o)
                0x000000000800ca0c                _read_r
 .text._fstat_r
                0x000000000800ca30       0x24 /opt/Atollic_TrueSTUDIO_for_STM32_x86_64_9.2.0/ARMTools/bin/../lib/gcc/arm-atollic-eabi/6.3.1/../../../../arm-atollic-eabi/lib/armv7e-m/fpu/fpv5-sp-d16/libc_nano.a(lib_a-fstatr.o)
                0x000000000800ca30                _fstat_r
 .text._isatty_r
                0x000000000800ca54       0x20 /opt/Atollic_TrueSTUDIO_for_STM32_x86_64_9.2.0/ARMTools/bin/../lib/gcc/arm-atollic-eabi/6.3.1/../../../../arm-atollic-eabi/lib/armv7e-m/fpu/fpv5-sp-d16/libc_nano.a(lib_a-isattyr.o)
                0x000000000800ca54                _isatty_r
 *(.glue_7)
 .glue_7        0x000000000800ca74        0x0 linker stubs
 *(.glue_7t)
 .glue_7t       0x000000000800ca74        0x0 linker stubs
 *(.eh_frame)
 .eh_frame      0x000000000800ca74        0x0 /opt/Atollic_TrueSTUDIO_for_STM32_x86_64_9.2.0/ARMTools/bin/../lib/gcc/arm-atollic-eabi/6.3.1/armv7e-m/fpu/fpv5-sp-d16/crtbegin.o
 *(.init)
 .init          0x000000000800ca74        0x4 /opt/Atollic_TrueSTUDIO_for_STM32_x86_64_9.2.0/ARMTools/bin/../lib/gcc/arm-atollic-eabi/6.3.1/armv7e-m/fpu/fpv5-sp-d16/crti.o
                0x000000000800ca74                _init
 .init          0x000000000800ca78        0x8 /opt/Atollic_TrueSTUDIO_for_STM32_x86_64_9.2.0/ARMTools/bin/../lib/gcc/arm-atollic-eabi/6.3.1/armv7e-m/fpu/fpv5-sp-d16/crtn.o
 *(.fini)
 .fini          0x000000000800ca80        0x4 /opt/Atollic_TrueSTUDIO_for_STM32_x86_64_9.2.0/ARMTools/bin/../lib/gcc/arm-atollic-eabi/6.3.1/armv7e-m/fpu/fpv5-sp-d16/crti.o
                0x000000000800ca80                _fini
 .fini          0x000000000800ca84        0x8 /opt/Atollic_TrueSTUDIO_for_STM32_x86_64_9.2.0/ARMTools/bin/../lib/gcc/arm-atollic-eabi/6.3.1/armv7e-m/fpu/fpv5-sp-d16/crtn.o
                0x000000000800ca8c                . = ALIGN (0x4)
                0x000000000800ca8c                _etext = .

.vfp11_veneer   0x000000000800ca8c        0x0
 .vfp11_veneer  0x000000000800ca8c        0x0 linker stubs

.v4_bx          0x000000000800ca8c        0x0
 .v4_bx         0x000000000800ca8c        0x0 linker stubs

.iplt           0x000000000800ca8c        0x0
 .iplt          0x000000000800ca8c        0x0 /opt/Atollic_TrueSTUDIO_for_STM32_x86_64_9.2.0/ARMTools/bin/../lib/gcc/arm-atollic-eabi/6.3.1/armv7e-m/fpu/fpv5-sp-d16/crtbegin.o

.rodata         0x000000000800ca8c     0x1be4
                0x000000000800ca8c                . = ALIGN (0x4)
 *(.rodata)
 .rodata        0x000000000800ca8c       0x14 Src/ethernetif.o
 .rodata        0x000000000800caa0       0x14 Src/main.o
 *(.rodata*)
 .rodata.CSWTCH.38
                0x000000000800cab4        0x4 Drivers/STM32F7xx_HAL_Driver/Src/stm32f7xx_hal_uart.o
 .rodata.CSWTCH.39
                0x000000000800cab8        0xd Drivers/STM32F7xx_HAL_Driver/Src/stm32f7xx_hal_uart.o
 .rodata.vTaskStartScheduler.str1.1
                0x000000000800cac5        0x5 Middlewares/Third_Party/FreeRTOS/Source/tasks.o
 .rodata.tcpip_init.str1.1
                0x000000000800caca       0x51 Middlewares/Third_Party/LwIP/src/api/tcpip.o
 .rodata.tcpip_inpkt.str1.1
                0x000000000800cb1b        0xd Middlewares/Third_Party/LwIP/src/api/tcpip.o
 .rodata.tcpip_thread.str1.1
                0x000000000800cb28       0x76 Middlewares/Third_Party/LwIP/src/api/tcpip.o
 .rodata.dhcp_bind.str1.1
                0x000000000800cb9e       0x31 Middlewares/Third_Party/LwIP/src/core/ipv4/dhcp.o
 .rodata.dhcp_create_msg.str1.1
                0x000000000800cbcf       0xc9 Middlewares/Third_Party/LwIP/src/core/ipv4/dhcp.o
 .rodata.dhcp_dec_pcb_refcount.str1.1
                0x000000000800cc98       0x24 Middlewares/Third_Party/LwIP/src/core/ipv4/dhcp.o
 .rodata.dhcp_delete_msg.str1.1
                0x000000000800ccbc       0x6a Middlewares/Third_Party/LwIP/src/core/ipv4/dhcp.o
 .rodata.dhcp_inc_pcb_refcount.str1.1
                0x000000000800cd26       0x25 Middlewares/Third_Party/LwIP/src/core/ipv4/dhcp.o
 .rodata.dhcp_option.str1.1
                0x000000000800cd4b       0x48 Middlewares/Third_Party/LwIP/src/core/ipv4/dhcp.o
 .rodata.dhcp_option_byte.str1.1
                0x000000000800cd93       0x3b Middlewares/Third_Party/LwIP/src/core/ipv4/dhcp.o
 .rodata.dhcp_option_long.str1.1
                0x000000000800cdce       0x40 Middlewares/Third_Party/LwIP/src/core/ipv4/dhcp.o
 .rodata.dhcp_option_short.str1.1
                0x000000000800ce0e       0x76 Middlewares/Third_Party/LwIP/src/core/ipv4/dhcp.o
                                         0x9e (size before relaxing)
 .rodata.dhcp_option_trailer.str1.1
                0x000000000800ce84       0x8d Middlewares/Third_Party/LwIP/src/core/ipv4/dhcp.o
 .rodata.dhcp_recv.str1.1
                0x000000000800cf11       0x85 Middlewares/Third_Party/LwIP/src/core/ipv4/dhcp.o
 .rodata.dhcp_set_struct.str1.1