Archive member included to satisfy reference by file (symbol)

/opt/Atollic_TrueSTUDIO_for_STM32_x86_64_9.2.0/ARMTools/bin/../lib/gcc/arm-atollic-eabi/6.3.1/../../../../arm-atollic-eabi/lib/armv7e-m/fpu/fpv5-sp-d16/libc_nano.a(lib_a-init.o)
                              startup/startup_stm32f746xx.o (__libc_init_array)
/opt/Atollic_TrueSTUDIO_for_STM32_x86_64_9.2.0/ARMTools/bin/../lib/gcc/arm-atollic-eabi/6.3.1/../../../../arm-atollic-eabi/lib/armv7e-m/fpu/fpv5-sp-d16/libc_nano.a(lib_a-memcmp.o)
                              Middlewares/Third_Party/LwIP/src/netif/ethernet.o (memcmp)
/opt/Atollic_TrueSTUDIO_for_STM32_x86_64_9.2.0/ARMTools/bin/../lib/gcc/arm-atollic-eabi/6.3.1/../../../../arm-atollic-eabi/lib/armv7e-m/fpu/fpv5-sp-d16/libc_nano.a(lib_a-memcpy-stub.o)
                              Middlewares/Third_Party/FreeRTOS/Source/queue.o (memcpy)
/opt/Atollic_TrueSTUDIO_for_STM32_x86_64_9.2.0/ARMTools/bin/../lib/gcc/arm-atollic-eabi/6.3.1/../../../../arm-atollic-eabi/lib/armv7e-m/fpu/fpv5-sp-d16/libc_nano.a(lib_a-memset.o)
                              Middlewares/Third_Party/LwIP/src/api/netbuf.o (memset)
/opt/Atollic_TrueSTUDIO_for_STM32_x86_64_9.2.0/ARMTools/bin/../lib/gcc/arm-atollic-eabi/6.3.1/../../../../arm-atollic-eabi/lib/armv7e-m/fpu/fpv5-sp-d16/libc_nano.a(lib_a-printf.o)
                              Middlewares/Third_Party/LwIP/src/api/api_lib.o (printf)
/opt/Atollic_TrueSTUDIO_for_STM32_x86_64_9.2.0/ARMTools/bin/../lib/gcc/arm-atollic-eabi/6.3.1/../../../../arm-atollic-eabi/lib/armv7e-m/fpu/fpv5-sp-d16/libc_nano.a(lib_a-rand.o)
                              Middlewares/Third_Party/LwIP/src/core/ipv4/dhcp.o (rand)
/opt/Atollic_TrueSTUDIO_for_STM32_x86_64_9.2.0/ARMTools/bin/../lib/gcc/arm-atollic-eabi/6.3.1/../../../../arm-atollic-eabi/lib/armv7e-m/fpu/fpv5-sp-d16/libc_nano.a(lib_a-strlen.o)
                              Middlewares/Third_Party/LwIP/src/apps/mqtt/mqtt.o (strlen)
/opt/Atollic_TrueSTUDIO_for_STM32_x86_64_9.2.0/ARMTools/bin/../lib/gcc/arm-atollic-eabi/6.3.1/../../../../arm-atollic-eabi/lib/armv7e-m/fpu/fpv5-sp-d16/libc_nano.a(lib_a-strncmp.o)
                              Middlewares/Third_Party/LwIP/src/core/def.o (strncmp)
/opt/Atollic_TrueSTUDIO_for_STM32_x86_64_9.2.0/ARMTools/bin/../lib/gcc/arm-atollic-eabi/6.3.1/../../../../arm-atollic-eabi/lib/armv7e-m/fpu/fpv5-sp-d16/libc_nano.a(lib_a-findfp.o)
                              /opt/Atollic_TrueSTUDIO_for_STM32_x86_64_9.2.0/ARMTools/bin/../lib/gcc/arm-atollic-eabi/6.3.1/../../../../arm-atollic-eabi/lib/armv7e-m/fpu/fpv5-sp-d16/libc_nano.a(lib_a-printf.o) (__sinit)
/opt/Atollic_TrueSTUDIO_for_STM32_x86_64_9.2.0/ARMTools/bin/../lib/gcc/arm-atollic-eabi/6.3.1/../../../../arm-atollic-eabi/lib/armv7e-m/fpu/fpv5-sp-d16/libc_nano.a(lib_a-fwalk.o)
                              /opt/Atollic_TrueSTUDIO_for_STM32_x86_64_9.2.0/ARMTools/bin/../lib/gcc/arm-atollic-eabi/6.3.1/../../../../arm-atollic-eabi/lib/armv7e-m/fpu/fpv5-sp-d16/libc_nano.a(lib_a-findfp.o) (_fwalk)
/opt/Atollic_TrueSTUDIO_for_STM32_x86_64_9.2.0/ARMTools/bin/../lib/gcc/arm-atollic-eabi/6.3.1/../../../../arm-atollic-eabi/lib/armv7e-m/fpu/fpv5-sp-d16/libc_nano.a(lib_a-impure.o)
                              /opt/Atollic_TrueSTUDIO_for_STM32_x86_64_9.2.0/ARMTools/bin/../lib/gcc/arm-atollic-eabi/6.3.1/../../../../arm-atollic-eabi/lib/armv7e-m/fpu/fpv5-sp-d16/libc_nano.a(lib_a-findfp.o) (_global_impure_ptr)
/opt/Atollic_TrueSTUDIO_for_STM32_x86_64_9.2.0/ARMTools/bin/../lib/gcc/arm-atollic-eabi/6.3.1/../../../../arm-atollic-eabi/lib/armv7e-m/fpu/fpv5-sp-d16/libc_nano.a(lib_a-malloc.o)
                              /opt/Atollic_TrueSTUDIO_for_STM32_x86_64_9.2.0/ARMTools/bin/../lib/gcc/arm-atollic-eabi/6.3.1/../../../../arm-atollic-eabi/lib/armv7e-m/fpu/fpv5-sp-d16/libc_nano.a(lib_a-rand.o) (malloc)
/opt/Atollic_TrueSTUDIO_for_STM32_x86_64_9.2.0/ARMTools/bin/../lib/gcc/arm-atollic-eabi/6.3.1/../../../../arm-atollic-eabi/lib/armv7e-m/fpu/fpv5-sp-d16/libc_nano.a(lib_a-nano-freer.o)
                              /opt/Atollic_TrueSTUDIO_for_STM32_x86_64_9.2.0/ARMTools/bin/../lib/gcc/arm-atollic-eabi/6.3.1/../../../../arm-atollic-eabi/lib/armv7e-m/fpu/fpv5-sp-d16/libc_nano.a(lib_a-malloc.o) (_free_r)
/opt/Atollic_TrueSTUDIO_for_STM32_x86_64_9.2.0/ARMTools/bin/../lib/gcc/arm-atollic-eabi/6.3.1/../../../../arm-atollic-eabi/lib/armv7e-m/fpu/fpv5-sp-d16/libc_nano.a(lib_a-nano-mallocr.o)
                              /opt/Atollic_TrueSTUDIO_for_STM32_x86_64_9.2.0/ARMTools/bin/../lib/gcc/arm-atollic-eabi/6.3.1/../../../../arm-atollic-eabi/lib/armv7e-m/fpu/fpv5-sp-d16/libc_nano.a(lib_a-findfp.o) (_malloc_r)
/opt/Atollic_TrueSTUDIO_for_STM32_x86_64_9.2.0/ARMTools/bin/../lib/gcc/arm-atollic-eabi/6.3.1/../../../../arm-atollic-eabi/lib/armv7e-m/fpu/fpv5-sp-d16/libc_nano.a(lib_a-nano-vfprintf.o)
[...]
Memory Configuration

Name             Origin             Length             Attributes
RAM              0x0000000020000000 0x0000000000050000 xrw
FLASH            0x0000000008000000 0x0000000000100000 xr
*default*        0x0000000000000000 0xffffffffffffffff

Linker script and memory map

LOAD /opt/Atollic_TrueSTUDIO_for_STM32_x86_64_9.2.0/ARMTools/bin/../lib/gcc/arm-atollic-eabi/6.3.1/armv7e-m/fpu/fpv5-sp-d16/crti.o
LOAD /opt/Atollic_TrueSTUDIO_for_STM32_x86_64_9.2.0/ARMTools/bin/../lib/gcc/arm-atollic-eabi/6.3.1/armv7e-m/fpu/fpv5-sp-d16/crtbegin.o
LOAD Drivers/STM32F7xx_HAL_Driver/Src/stm32f7xx_hal.o
LOAD Drivers/STM32F7xx_HAL_Driver/Src/stm32f7xx_hal_cortex.o
LOAD Drivers/STM32F7xx_HAL_Driver/Src/stm32f7xx_hal_dma.o
LOAD Drivers/STM32F7xx_HAL_Driver/Src/stm32f7xx_hal_dma_ex.o
LOAD Drivers/STM32F7xx_HAL_Driver/Src/stm32f7xx_hal_eth.o
LOAD Drivers/STM32F7xx_HAL_Driver/Src/stm32f7xx_hal_flash.o
LOAD Drivers/STM32F7xx_HAL_Driver/Src/stm32f7xx_hal_flash_ex.o
LOAD Drivers/STM32F7xx_HAL_Driver/Src/stm32f7xx_hal_gpio.o
LOAD Drivers/STM32F7xx_HAL_Driver/Src/stm32f7xx_hal_i2c.o
LOAD Drivers/STM32F7xx_HAL_Driver/Src/stm32f7xx_hal_i2c_ex.o
LOAD Drivers/STM32F7xx_HAL_Driver/Src/stm32f7xx_hal_pcd.o
LOAD Drivers/STM32F7xx_HAL_Driver/Src/stm32f7xx_hal_pcd_ex.o
LOAD Drivers/STM32F7xx_HAL_Driver/Src/stm32f7xx_hal_pwr.o
LOAD Drivers/STM32F7xx_HAL_Driver/Src/stm32f7xx_hal_pwr_ex.o
LOAD Drivers/STM32F7xx_HAL_Driver/Src/stm32f7xx_hal_rcc.o
LOAD Drivers/STM32F7xx_HAL_Driver/Src/stm32f7xx_hal_rcc_ex.o
LOAD Drivers/STM32F7xx_HAL_Driver/Src/stm32f7xx_hal_spi.o
LOAD Drivers/STM32F7xx_HAL_Driver/Src/stm32f7xx_hal_tim.o
LOAD Drivers/STM32F7xx_HAL_Driver/Src/stm32f7xx_hal_tim_ex.o
LOAD Drivers/STM32F7xx_HAL_Driver/Src/stm32f7xx_hal_uart.o
LOAD Drivers/STM32F7xx_HAL_Driver/Src/stm32f7xx_ll_usb.o
LOAD Middlewares/Third_Party/FreeRTOS/Source/CMSIS_RTOS/cmsis_os.o
LOAD Middlewares/Third_Party/FreeRTOS/Source/croutine.o
LOAD Middlewares/Third_Party/FreeRTOS/Source/event_groups.o
LOAD Middlewares/Third_Party/FreeRTOS/Source/list.o
LOAD Middlewares/Third_Party/FreeRTOS/Source/portable/GCC/ARM_CM7/r0p1/port.o
LOAD Middlewares/Third_Party/FreeRTOS/Source/portable/MemMang/heap_4.o
LOAD Middlewares/Third_Party/FreeRTOS/Source/queue.o
LOAD Middlewares/Third_Party/FreeRTOS/Source/tasks.o
LOAD Middlewares/Third_Party/FreeRTOS/Source/timers.o
LOAD Middlewares/Third_Party/LwIP/src/api/api_lib.o
LOAD Middlewares/Third_Party/LwIP/src/api/api_msg.o
LOAD Middlewares/Third_Party/LwIP/src/api/err.o
LOAD Middlewares/Third_Party/LwIP/src/api/netbuf.o
LOAD Middlewares/Third_Party/LwIP/src/api/netdb.o
LOAD Middlewares/Third_Party/LwIP/src/api/netifapi.o
LOAD Middlewares/Third_Party/LwIP/src/api/sockets.o
LOAD Middlewares/Third_Party/LwIP/src/api/tcpip.o
LOAD Middlewares/Third_Party/LwIP/src/apps/mqtt/mqtt.o
LOAD Middlewares/Third_Party/LwIP/src/core/def.o
LOAD Middlewares/Third_Party/LwIP/src/core/dns.o
LOAD Middlewares/Third_Party/LwIP/src/core/inet_chksum.o
LOAD Middlewares/Third_Party/LwIP/src/core/init.o
LOAD Middlewares/Third_Party/LwIP/src/core/ip.o
LOAD Middlewares/Third_Party/LwIP/src/core/ipv4/autoip.o
LOAD Middlewares/Third_Party/LwIP/src/core/ipv4/dhcp.o
LOAD Middlewares/Third_Party/LwIP/src/core/ipv4/etharp.o
LOAD Middlewares/Third_Party/LwIP/src/core/ipv4/icmp.o
LOAD Middlewares/Third_Party/LwIP/src/core/ipv4/igmp.o
LOAD Middlewares/Third_Party/LwIP/src/core/ipv4/ip4.o
LOAD Middlewares/Third_Party/LwIP/src/core/ipv4/ip4_addr.o
LOAD Middlewares/Third_Party/LwIP/src/core/ipv4/ip4_frag.o
LOAD Middlewares/Third_Party/LwIP/src/core/ipv6/dhcp6.o
LOAD Middlewares/Third_Party/LwIP/src/core/ipv6/ethip6.o
LOAD Middlewares/Third_Party/LwIP/src/core/ipv6/icmp6.o
LOAD Middlewares/Third_Party/LwIP/src/core/ipv6/inet6.o
LOAD Middlewares/Third_Party/LwIP/src/core/ipv6/ip6.o
LOAD Middlewares/Third_Party/LwIP/src/core/ipv6/ip6_addr.o
LOAD Middlewares/Third_Party/LwIP/src/core/ipv6/ip6_frag.o
LOAD Middlewares/Third_Party/LwIP/src/core/ipv6/mld6.o
LOAD Middlewares/Third_Party/LwIP/src/core/ipv6/nd6.o
LOAD Middlewares/Third_Party/LwIP/src/core/mem.o
LOAD Middlewares/Third_Party/LwIP/src/core/memp.o
LOAD Middlewares/Third_Party/LwIP/src/core/netif.o
LOAD Middlewares/Third_Party/LwIP/src/core/pbuf.o
LOAD Middlewares/Third_Party/LwIP/src/core/raw.o
LOAD Middlewares/Third_Party/LwIP/src/core/stats.o
LOAD Middlewares/Third_Party/LwIP/src/core/sys.o
LOAD Middlewares/Third_Party/LwIP/src/core/tcp.o
LOAD Middlewares/Third_Party/LwIP/src/core/tcp_in.o
LOAD Middlewares/Third_Party/LwIP/src/core/tcp_out.o
LOAD Middlewares/Third_Party/LwIP/src/core/timeouts.o
LOAD Middlewares/Third_Party/LwIP/src/core/udp.o
LOAD Middlewares/Third_Party/LwIP/src/netif/ethernet.o
LOAD Middlewares/Third_Party/LwIP/src/netif/lowpan6.o
LOAD Middlewares/Third_Party/LwIP/src/netif/ppp/auth.o
LOAD Middlewares/Third_Party/LwIP/src/netif/ppp/ccp.o
LOAD Middlewares/Third_Party/LwIP/src/netif/ppp/chap-md5.o
LOAD Middlewares/Third_Party/LwIP/src/netif/ppp/chap-new.o
LOAD Middlewares/Third_Party/LwIP/src/netif/ppp/chap_ms.o
LOAD Middlewares/Third_Party/LwIP/src/netif/ppp/demand.o
LOAD Middlewares/Third_Party/LwIP/src/netif/ppp/eap.o
LOAD Middlewares/Third_Party/LwIP/src/netif/ppp/ecp.o
LOAD Middlewares/Third_Party/LwIP/src/netif/ppp/eui64.o
LOAD Middlewares/Third_Party/LwIP/src/netif/ppp/fsm.o
LOAD Middlewares/Third_Party/LwIP/src/netif/ppp/ipcp.o
LOAD Middlewares/Third_Party/LwIP/src/netif/ppp/ipv6cp.o
LOAD Middlewares/Third_Party/LwIP/src/netif/ppp/lcp.o
LOAD Middlewares/Third_Party/LwIP/src/netif/ppp/magic.o
LOAD Middlewares/Third_Party/LwIP/src/netif/ppp/mppe.o
LOAD Middlewares/Third_Party/LwIP/src/netif/ppp/multilink.o
LOAD Middlewares/Third_Party/LwIP/src/netif/ppp/ppp.o
LOAD Middlewares/Third_Party/LwIP/src/netif/ppp/pppapi.o
LOAD Middlewares/Third_Party/LwIP/src/netif/ppp/pppcrypt.o
LOAD Middlewares/Third_Party/LwIP/src/netif/ppp/pppoe.o
LOAD Middlewares/Third_Party/LwIP/src/netif/ppp/pppol2tp.o
LOAD Middlewares/Third_Party/LwIP/src/netif/ppp/pppos.o
LOAD Middlewares/Third_Party/LwIP/src/netif/ppp/upap.o
LOAD Middlewares/Third_Party/LwIP/src/netif/ppp/utils.o
LOAD Middlewares/Third_Party/LwIP/src/netif/ppp/vj.o
LOAD Middlewares/Third_Party/LwIP/src/netif/slipif.o
LOAD Middlewares/Third_Party/LwIP/system/OS/sys_arch.o
LOAD Src/dbgu.o
LOAD Src/ethernetif.o
LOAD Src/freertos.o
LOAD Src/lwip.o
LOAD Src/main.o
LOAD Src/stm32f7xx_hal_msp.o
LOAD Src/stm32f7xx_hal_timebase_TIM.o
LOAD Src/stm32f7xx_it.o
LOAD Src/syscalls.o
LOAD Src/system_stm32f7xx.o
LOAD Src/term_io.o
LOAD startup/startup_stm32f746xx.o
                0x0000000000000080                malloc_getpagesize_P = 0x80
START GROUP
LOAD /opt/Atollic_TrueSTUDIO_for_STM32_x86_64_9.2.0/ARMTools/bin/../lib/gcc/arm-atollic-eabi/6.3.1/../../../../arm-atollic-eabi/lib/armv7e-m/fpu/fpv5-sp-d16/libc_nano.a
LOAD /opt/Atollic_TrueSTUDIO_for_STM32_x86_64_9.2.0/ARMTools/bin/../lib/gcc/arm-atollic-eabi/6.3.1/../../../../arm-atollic-eabi/lib/armv7e-m/fpu/fpv5-sp-d16/libm.a
END GROUP
START GROUP
LOAD /opt/Atollic_TrueSTUDIO_for_STM32_x86_64_9.2.0/ARMTools/bin/../lib/gcc/arm-atollic-eabi/6.3.1/armv7e-m/fpu/fpv5-sp-d16/libgcc.a
LOAD /opt/Atollic_TrueSTUDIO_for_STM32_x86_64_9.2.0/ARMTools/bin/../lib/gcc/arm-atollic-eabi/6.3.1/../../../../arm-atollic-eabi/lib/armv7e-m/fpu/fpv5-sp-d16/libc_nano.a
END GROUP
START GROUP
LOAD /opt/Atollic_TrueSTUDIO_for_STM32_x86_64_9.2.0/ARMTools/bin/../lib/gcc/arm-atollic-eabi/6.3.1/armv7e-m/fpu/fpv5-sp-d16/libgcc.a
LOAD /opt/Atollic_TrueSTUDIO_for_STM32_x86_64_9.2.0/ARMTools/bin/../lib/gcc/arm-atollic-eabi/6.3.1/../../../../arm-atollic-eabi/lib/armv7e-m/fpu/fpv5-sp-d16/libc_nano.a
LOAD /opt/Atollic_TrueSTUDIO_for_STM32_x86_64_9.2.0/ARMTools/bin/../lib/gcc/arm-atollic-eabi/6.3.1/../../../../arm-atollic-eabi/lib/armv7e-m/fpu/fpv5-sp-d16/libnosys.a
END GROUP
START GROUP
LOAD /opt/Atollic_TrueSTUDIO_for_STM32_x86_64_9.2.0/ARMTools/bin/../lib/gcc/arm-atollic-eabi/6.3.1/armv7e-m/fpu/fpv5-sp-d16/libgcc.a
LOAD /opt/Atollic_TrueSTUDIO_for_STM32_x86_64_9.2.0/ARMTools/bin/../lib/gcc/arm-atollic-eabi/6.3.1/../../../../arm-atollic-eabi/lib/armv7e-m/fpu/fpv5-sp-d16/libc_nano.a
LOAD /opt/Atollic_TrueSTUDIO_for_STM32_x86_64_9.2.0/ARMTools/bin/../lib/gcc/arm-atollic-eabi/6.3.1/../../../../arm-atollic-eabi/lib/armv7e-m/fpu/fpv5-sp-d16/libnosys.a
END GROUP
LOAD /opt/Atollic_TrueSTUDIO_for_STM32_x86_64_9.2.0/ARMTools/bin/../lib/gcc/arm-atollic-eabi/6.3.1/armv7e-m/fpu/fpv5-sp-d16/crtend.o
LOAD /opt/Atollic_TrueSTUDIO_for_STM32_x86_64_9.2.0/ARMTools/bin/../lib/gcc/arm-atollic-eabi/6.3.1/armv7e-m/fpu/fpv5-sp-d16/crtn.o
                0x0000000020050000                _estack = 0x20050000
                0x0000000000000200                _Min_Heap_Size = 0x200
                0x0000000000000400                _Min_Stack_Size = 0x400

.isr_vector     0x0000000008000000      0x1c8
                0x0000000008000000                . = ALIGN (0x4)
 *(.isr_vector)
 .isr_vector    0x0000000008000000      0x1c8 startup/startup_stm32f746xx.o
                0x0000000008000000                g_pfnVectors
                0x00000000080001c8                . = ALIGN (0x4)

.text           0x00000000080001d0     0xbe4c
                0x00000000080001d0                . = ALIGN (0x4)
 *(.text)
 .text          0x00000000080001d0       0x40 /opt/Atollic_TrueSTUDIO_for_STM32_x86_64_9.2.0/ARMTools/bin/../lib/gcc/arm-atollic-eabi/6.3.1/armv7e-m/fpu/fpv5-sp-d16/crtbegin.o
 .text          0x0000000008000210       0xa0 /opt/Atollic_TrueSTUDIO_for_STM32_x86_64_9.2.0/ARMTools/bin/../lib/gcc/arm-atollic-eabi/6.3.1/../../../../arm-atollic-eabi/lib/armv7e-m/fpu/fpv5-sp-d16/libc_nano.a(lib_a-memchr.o)
                0x0000000008000210                memchr
 .text          0x00000000080002b0       0x30 /opt/Atollic_TrueSTUDIO_for_STM32_x86_64_9.2.0/ARMTools/bin/../lib/gcc/arm-atollic-eabi/6.3.1/armv7e-m/fpu/fpv5-sp-d16/libgcc.a(_aeabi_uldivmod.o)
                0x00000000080002b0                __aeabi_uldivmod
 .text          0x00000000080002e0      0x2dc /opt/Atollic_TrueSTUDIO_for_STM32_x86_64_9.2.0/ARMTools/bin/../lib/gcc/arm-atollic-eabi/6.3.1/armv7e-m/fpu/fpv5-sp-d16/libgcc.a(_udivmoddi4.o)
                0x00000000080002e0                __udivmoddi4
 .text          0x00000000080005bc        0x4 /opt/Atollic_TrueSTUDIO_for_STM32_x86_64_9.2.0/ARMTools/bin/../lib/gcc/arm-atollic-eabi/6.3.1/armv7e-m/fpu/fpv5-sp-d16/libgcc.a(_dvmd_tls.o)
                0x00000000080005bc                __aeabi_ldiv0
                0x00000000080005bc                __aeabi_idiv0
 *(.text*)
 .text.HAL_Init
                0x00000000080005c0       0x16 Drivers/STM32F7xx_HAL_Driver/Src/stm32f7xx_hal.o
                0x00000000080005c0                HAL_Init
 *fill*         0x00000000080005d6        0x2 
 .text.HAL_IncTick
                0x00000000080005d8       0x18 Drivers/STM32F7xx_HAL_Driver/Src/stm32f7xx_hal.o
                0x00000000080005d8                HAL_IncTick
 .text.HAL_GetTick
                0x00000000080005f0        0xc Drivers/STM32F7xx_HAL_Driver/Src/stm32f7xx_hal.o
                0x00000000080005f0                HAL_GetTick
 .text.HAL_Delay
                0x00000000080005fc       0x24 Drivers/STM32F7xx_HAL_Driver/Src/stm32f7xx_hal.o
                0x00000000080005fc                HAL_Delay
 .text.HAL_NVIC_SetPriorityGrouping
                0x0000000008000620       0x24 Drivers/STM32F7xx_HAL_Driver/Src/stm32f7xx_hal_cortex.o
                0x0000000008000620                HAL_NVIC_SetPriorityGrouping
 .text.HAL_NVIC_SetPriority
                0x0000000008000644       0x70 Drivers/STM32F7xx_HAL_Driver/Src/stm32f7xx_hal_cortex.o
                0x0000000008000644                HAL_NVIC_SetPriority
 .text.HAL_NVIC_EnableIRQ
                0x00000000080006b4       0x18 Drivers/STM32F7xx_HAL_Driver/Src/stm32f7xx_hal_cortex.o
                0x00000000080006b4                HAL_NVIC_EnableIRQ
 .text.HAL_SYSTICK_Config
                0x00000000080006cc       0x2c Drivers/STM32F7xx_HAL_Driver/Src/stm32f7xx_hal_cortex.o
                0x00000000080006cc                HAL_SYSTICK_Config
 .text.HAL_SYSTICK_CLKSourceConfig
                0x00000000080006f8       0x18 Drivers/STM32F7xx_HAL_Driver/Src/stm32f7xx_hal_cortex.o
                0x00000000080006f8                HAL_SYSTICK_CLKSourceConfig
 .text.ETH_FlushTransmitFIFO
                0x0000000008000710       0x2a Drivers/STM32F7xx_HAL_Driver/Src/stm32f7xx_hal_eth.o
 *fill*         0x000000000800073a        0x2 
 .text.ETH_MACDMAConfig
                0x000000000800073c       0xf8 Drivers/STM32F7xx_HAL_Driver/Src/stm32f7xx_hal_eth.o
 .text.HAL_ETH_DMATxDescListInit
                0x0000000008000834       0x7a Drivers/STM32F7xx_HAL_Driver/Src/stm32f7xx_hal_eth.o
                0x0000000008000834                HAL_ETH_DMATxDescListInit
 .text.HAL_ETH_DMARxDescListInit
                0x00000000080008ae       0x78 Drivers/STM32F7xx_HAL_Driver/Src/stm32f7xx_hal_eth.o
                0x00000000080008ae                HAL_ETH_DMARxDescListInit
 *fill*         0x0000000008000926        0x2 
 .text.HAL_ETH_TransmitFrame
                0x0000000008000928       0xe4 Drivers/STM32F7xx_HAL_Driver/Src/stm32f7xx_hal_eth.o
                0x0000000008000928                HAL_ETH_TransmitFrame
 .text.HAL_ETH_GetReceivedFrame_IT
                0x0000000008000a0c       0x8a Drivers/STM32F7xx_HAL_Driver/Src/stm32f7xx_hal_eth.o
                0x0000000008000a0c                HAL_ETH_GetReceivedFrame_IT
 .text.HAL_ETH_TxCpltCallback
                0x0000000008000a96        0x2 Drivers/STM32F7xx_HAL_Driver/Src/stm32f7xx_hal_eth.o
                0x0000000008000a96                HAL_ETH_TxCpltCallback
 .text.HAL_ETH_ErrorCallback
                0x0000000008000a98        0x2 Drivers/STM32F7xx_HAL_Driver/Src/stm32f7xx_hal_eth.o
                0x0000000008000a98                HAL_ETH_ErrorCallback
 .text.HAL_ETH_IRQHandler
                0x0000000008000a9a       0x70 Drivers/STM32F7xx_HAL_Driver/Src/stm32f7xx_hal_eth.o
                0x0000000008000a9a                HAL_ETH_IRQHandler
 .text.HAL_ETH_ReadPHYRegister
                0x0000000008000b0a       0x74 Drivers/STM32F7xx_HAL_Driver/Src/stm32f7xx_hal_eth.o
                0x0000000008000b0a                HAL_ETH_ReadPHYRegister
 .text.HAL_ETH_WritePHYRegister
                0x0000000008000b7e       0x6e Drivers/STM32F7xx_HAL_Driver/Src/stm32f7xx_hal_eth.o
                0x0000000008000b7e                HAL_ETH_WritePHYRegister
 .text.HAL_ETH_Init
                0x0000000008000bec      0x1f4 Drivers/STM32F7xx_HAL_Driver/Src/stm32f7xx_hal_eth.o
                0x0000000008000bec                HAL_ETH_Init
 .text.HAL_ETH_Start
                0x0000000008000de0       0x7c Drivers/STM32F7xx_HAL_Driver/Src/stm32f7xx_hal_eth.o
                0x0000000008000de0                HAL_ETH_Start
 .text.HAL_GPIO_Init
                0x0000000008000e5c      0x1d4 Drivers/STM32F7xx_HAL_Driver/Src/stm32f7xx_hal_gpio.o
                0x0000000008000e5c                HAL_GPIO_Init
 .text.HAL_GPIO_WritePin
                0x0000000008001030        0xa Drivers/STM32F7xx_HAL_Driver/Src/stm32f7xx_hal_gpio.o
                0x0000000008001030                HAL_GPIO_WritePin
 .text.HAL_GPIO_TogglePin
                0x000000000800103a        0x8 Drivers/STM32F7xx_HAL_Driver/Src/stm32f7xx_hal_gpio.o
                0x000000000800103a                HAL_GPIO_TogglePin
 .text.HAL_PCD_Init
                0x0000000008001042       0xe8 Drivers/STM32F7xx_HAL_Driver/Src/stm32f7xx_hal_pcd.o
                0x0000000008001042                HAL_PCD_Init
 .text.HAL_PCDEx_ActivateLPM
                0x000000000800112a       0x26 Drivers/STM32F7xx_HAL_Driver/Src/stm32f7xx_hal_pcd_ex.o
                0x000000000800112a                HAL_PCDEx_ActivateLPM
 .text.HAL_RCC_OscConfig
                0x0000000008001150      0x328 Drivers/STM32F7xx_HAL_Driver/Src/stm32f7xx_hal_rcc.o
                0x0000000008001150                HAL_RCC_OscConfig
 .text.HAL_RCC_GetSysClockFreq
                0x0000000008001478       0x5c Drivers/STM32F7xx_HAL_Driver/Src/stm32f7xx_hal_rcc.o
                0x0000000008001478                HAL_RCC_GetSysClockFreq
 .text.HAL_RCC_ClockConfig
                0x00000000080014d4      0x13c Drivers/STM32F7xx_HAL_Driver/Src/stm32f7xx_hal_rcc.o
                0x00000000080014d4                HAL_RCC_ClockConfig
 .text.HAL_RCC_GetHCLKFreq
                0x0000000008001610        0xc Drivers/STM32F7xx_HAL_Driver/Src/stm32f7xx_hal_rcc.o
                0x0000000008001610                HAL_RCC_GetHCLKFreq
 .text.HAL_RCC_GetPCLK1Freq
                0x000000000800161c       0x20 Drivers/STM32F7xx_HAL_Driver/Src/stm32f7xx_hal_rcc.o
                0x000000000800161c                HAL_RCC_GetPCLK1Freq
 .text.HAL_RCC_GetPCLK2Freq
                0x000000000800163c       0x20 Drivers/STM32F7xx_HAL_Driver/Src/stm32f7xx_hal_rcc.o
                0x000000000800163c                HAL_RCC_GetPCLK2Freq
 .text.HAL_RCC_GetClockConfig
                0x000000000800165c       0x3c Drivers/STM32F7xx_HAL_Driver/Src/stm32f7xx_hal_rcc.o
                0x000000000800165c                HAL_RCC_GetClockConfig
 .text.HAL_RCCEx_PeriphCLKConfig
                0x0000000008001698      0x514 Drivers/STM32F7xx_HAL_Driver/Src/stm32f7xx_hal_rcc_ex.o
                0x0000000008001698                HAL_RCCEx_PeriphCLKConfig
 .text.HAL_SPI_Init
                0x0000000008001bac       0xaa Drivers/STM32F7xx_HAL_Driver/Src/stm32f7xx_hal_spi.o
                0x0000000008001bac                HAL_SPI_Init
 .text.HAL_TIM_Base_MspInit
                0x0000000008001c56        0x2 Drivers/STM32F7xx_HAL_Driver/Src/stm32f7xx_hal_tim.o
                0x0000000008001c56                HAL_TIM_Base_MspInit
 .text.HAL_TIM_Base_Start_IT
                0x0000000008001c58       0x16 Drivers/STM32F7xx_HAL_Driver/Src/stm32f7xx_hal_tim.o
                0x0000000008001c58                HAL_TIM_Base_Start_IT
 .text.HAL_TIM_OC_DelayElapsedCallback
                0x0000000008001c6e        0x2 Drivers/STM32F7xx_HAL_Driver/Src/stm32f7xx_hal_tim.o
                0x0000000008001c6e                HAL_TIM_OC_DelayElapsedCallback
 .text.HAL_TIM_IC_CaptureCallback
                0x0000000008001c70        0x2 Drivers/STM32F7xx_HAL_Driver/Src/stm32f7xx_hal_tim.o
                0x0000000008001c70                HAL_TIM_IC_CaptureCallback
 .text.HAL_TIM_PWM_PulseFinishedCallback
                0x0000000008001c72        0x2 Drivers/STM32F7xx_HAL_Driver/Src/stm32f7xx_hal_tim.o
                0x0000000008001c72                HAL_TIM_PWM_PulseFinishedCallback
 .text.HAL_TIM_TriggerCallback
                0x0000000008001c74        0x2 Drivers/STM32F7xx_HAL_Driver/Src/stm32f7xx_hal_tim.o
                0x0000000008001c74                HAL_TIM_TriggerCallback
 .text.HAL_TIM_IRQHandler
                0x0000000008001c76      0x160 Drivers/STM32F7xx_HAL_Driver/Src/stm32f7xx_hal_tim.o
                0x0000000008001c76                HAL_TIM_IRQHandler
 *fill*         0x0000000008001dd6        0x2 
 .text.TIM_Base_SetConfig
                0x0000000008001dd8       0xd0 Drivers/STM32F7xx_HAL_Driver/Src/stm32f7xx_hal_tim.o
                0x0000000008001dd8                TIM_Base_SetConfig
 .text.HAL_TIM_Base_Init
                0x0000000008001ea8       0x34 Drivers/STM32F7xx_HAL_Driver/Src/stm32f7xx_hal_tim.o
                0x0000000008001ea8                HAL_TIM_Base_Init
 .text.HAL_TIMEx_CommutationCallback
                0x0000000008001edc        0x2 Drivers/STM32F7xx_HAL_Driver/Src/stm32f7xx_hal_tim_ex.o
                0x0000000008001edc                HAL_TIMEx_CommutationCallback
 .text.HAL_TIMEx_BreakCallback
                0x0000000008001ede        0x2 Drivers/STM32F7xx_HAL_Driver/Src/stm32f7xx_hal_tim_ex.o
                0x0000000008001ede                HAL_TIMEx_BreakCallback
 .text.UART_WaitOnFlagUntilTimeout
                0x0000000008001ee0       0x62 Drivers/STM32F7xx_HAL_Driver/Src/stm32f7xx_hal_uart.o
                0x0000000008001ee0                UART_WaitOnFlagUntilTimeout
 *fill*         0x0000000008001f42        0x2 
 .text.UART_SetConfig
                0x0000000008001f44      0x290 Drivers/STM32F7xx_HAL_Driver/Src/stm32f7xx_hal_uart.o
                0x0000000008001f44                UART_SetConfig
 .text.UART_AdvFeatureConfig
                0x00000000080021d4       0xaa Drivers/STM32F7xx_HAL_Driver/Src/stm32f7xx_hal_uart.o
                0x00000000080021d4                UART_AdvFeatureConfig
 .text.UART_CheckIdleState
                0x000000000800227e       0x44 Drivers/STM32F7xx_HAL_Driver/Src/stm32f7xx_hal_uart.o
                0x000000000800227e                UART_CheckIdleState
 .text.HAL_UART_Init
                0x00000000080022c2       0x64 Drivers/STM32F7xx_HAL_Driver/Src/stm32f7xx_hal_uart.o
                0x00000000080022c2                HAL_UART_Init
 *fill*         0x0000000008002326        0x2 
 .text.USB_CoreReset
                0x0000000008002328       0x30 Drivers/STM32F7xx_HAL_Driver/Src/stm32f7xx_ll_usb.o
 .text.USB_CoreInit
                0x0000000008002358       0x76 Drivers/STM32F7xx_HAL_Driver/Src/stm32f7xx_ll_usb.o
                0x0000000008002358                USB_CoreInit
 .text.USB_DisableGlobalInt
                0x00000000080023ce        0xc Drivers/STM32F7xx_HAL_Driver/Src/stm32f7xx_ll_usb.o
                0x00000000080023ce                USB_DisableGlobalInt
 .text.USB_SetCurrentMode
                0x00000000080023da       0x2e Drivers/STM32F7xx_HAL_Driver/Src/stm32f7xx_ll_usb.o
                0x00000000080023da                USB_SetCurrentMode
 .text.USB_FlushTxFifo
                0x0000000008002408       0x24 Drivers/STM32F7xx_HAL_Driver/Src/stm32f7xx_ll_usb.o
                0x0000000008002408                USB_FlushTxFifo
 .text.USB_FlushRxFifo
                0x000000000800242c       0x20 Drivers/STM32F7xx_HAL_Driver/Src/stm32f7xx_ll_usb.o
                0x000000000800242c                USB_FlushRxFifo
 .text.USB_SetDevSpeed
                0x000000000800244c        0xe Drivers/STM32F7xx_HAL_Driver/Src/stm32f7xx_ll_usb.o
                0x000000000800244c                USB_SetDevSpeed
 *fill*         0x000000000800245a        0x2 
 .text.USB_DevInit
                0x000000000800245c      0x170 Drivers/STM32F7xx_HAL_Driver/Src/stm32f7xx_ll_usb.o
                0x000000000800245c                USB_DevInit
 .text.USB_DevDisconnect
                0x00000000080025cc       0x18 Drivers/STM32F7xx_HAL_Driver/Src/stm32f7xx_ll_usb.o
                0x00000000080025cc                USB_DevDisconnect
 .text.osKernelStart
                0x00000000080025e4        0xa Middlewares/Third_Party/FreeRTOS/Source/CMSIS_RTOS/cmsis_os.o
                0x00000000080025e4                osKernelStart
 .text.osKernelSysTick
                0x00000000080025ee        0xe Middlewares/Third_Party/FreeRTOS/Source/CMSIS_RTOS/cmsis_os.o
                0x00000000080025ee                osKernelSysTick
 .text.osThreadCreate
                0x00000000080025fc       0x30 Middlewares/Third_Party/FreeRTOS/Source/CMSIS_RTOS/cmsis_os.o
                0x00000000080025fc                osThreadCreate
 .text.osDelay  0x000000000800262c       0x10 Middlewares/Third_Party/FreeRTOS/Source/CMSIS_RTOS/cmsis_os.o
                0x000000000800262c                osDelay
 .text.osMutexCreate
                0x000000000800263c        0x6 Middlewares/Third_Party/FreeRTOS/Source/CMSIS_RTOS/cmsis_os.o
                0x000000000800263c                osMutexCreate
 *fill*         0x0000000008002642        0x2 
 .text.osMutexWait
                0x0000000008002644       0x50 Middlewares/Third_Party/FreeRTOS/Source/CMSIS_RTOS/cmsis_os.o
                0x0000000008002644                osMutexWait
 .text.osSemaphoreCreate
                0x0000000008002694       0x26 Middlewares/Third_Party/FreeRTOS/Source/CMSIS_RTOS/cmsis_os.o
                0x0000000008002694                osSemaphoreCreate
 *fill*         0x00000000080026ba        0x2 
 .text.osSemaphoreWait
                0x00000000080026bc       0x50 Middlewares/Third_Party/FreeRTOS/Source/CMSIS_RTOS/cmsis_os.o
                0x00000000080026bc                osSemaphoreWait
 .text.osSemaphoreRelease
                0x000000000800270c       0x48 Middlewares/Third_Party/FreeRTOS/Source/CMSIS_RTOS/cmsis_os.o
                0x000000000800270c                osSemaphoreRelease
 .text.osMutexRelease
                0x0000000008002754        0x4 Middlewares/Third_Party/FreeRTOS/Source/CMSIS_RTOS/cmsis_os.o
                0x0000000008002754                osMutexRelease
 .text.osMessageCreate
                0x0000000008002758        0x8 Middlewares/Third_Party/FreeRTOS/Source/CMSIS_RTOS/cmsis_os.o
                0x0000000008002758                osMessageCreate
 .text.osMessagePut
                0x0000000008002760       0x50 Middlewares/Third_Party/FreeRTOS/Source/CMSIS_RTOS/cmsis_os.o
                0x0000000008002760                osMessagePut
 .text.osMessageGet
                0x00000000080027b0       0x74 Middlewares/Third_Party/FreeRTOS/Source/CMSIS_RTOS/cmsis_os.o
                0x00000000080027b0                osMessageGet
 .text.osSystickHandler
                0x0000000008002824       0x14 Middlewares/Third_Party/FreeRTOS/Source/CMSIS_RTOS/cmsis_os.o
                0x0000000008002824                osSystickHandler
 .text.vListInitialise
                0x0000000008002838       0x16 Middlewares/Third_Party/FreeRTOS/Source/list.o
                0x0000000008002838                vListInitialise
 .text.vListInitialiseItem
                0x000000000800284e        0x6 Middlewares/Third_Party/FreeRTOS/Source/list.o
                0x000000000800284e                vListInitialiseItem
 .text.vListInsertEnd
                0x0000000008002854       0x18 Middlewares/Third_Party/FreeRTOS/Source/list.o
                0x0000000008002854                vListInsertEnd
 .text.vListInsert
                0x000000000800286c       0x2e Middlewares/Third_Party/FreeRTOS/Source/list.o
                0x000000000800286c                vListInsert
 .text.uxListRemove
                0x000000000800289a       0x20 Middlewares/Third_Party/FreeRTOS/Source/list.o
                0x000000000800289a                uxListRemove
 *fill*         0x00000000080028ba        0x2 
 .text.prvTaskExitError
                0x00000000080028bc       0x38 Middlewares/Third_Party/FreeRTOS/Source/portable/GCC/ARM_CM7/r0p1/port.o
 .text.prvPortStartFirstTask
                0x00000000080028f4       0x20 Middlewares/Third_Party/FreeRTOS/Source/portable/GCC/ARM_CM7/r0p1/port.o
 .text.vPortEnableVFP
                0x0000000008002914       0x14 Middlewares/Third_Party/FreeRTOS/Source/portable/GCC/ARM_CM7/r0p1/port.o
 .text.pxPortInitialiseStack
                0x0000000008002928       0x24 Middlewares/Third_Party/FreeRTOS/Source/portable/GCC/ARM_CM7/r0p1/port.o
                0x0000000008002928                pxPortInitialiseStack
 *fill*         0x000000000800294c        0x4 
 .text.SVC_Handler
                0x0000000008002950       0x24 Middlewares/Third_Party/FreeRTOS/Source/portable/GCC/ARM_CM7/r0p1/port.o
                0x0000000008002950                SVC_Handler
 .text.vPortEnterCritical
                0x0000000008002974       0x4c Middlewares/Third_Party/FreeRTOS/Source/portable/GCC/ARM_CM7/r0p1/port.o
                0x0000000008002974                vPortEnterCritical
 .text.vPortExitCritical
                0x00000000080029c0       0x2c Middlewares/Third_Party/FreeRTOS/Source/portable/GCC/ARM_CM7/r0p1/port.o
                0x00000000080029c0                vPortExitCritical
 *fill*         0x00000000080029ec        0x4 
 .text.PendSV_Handler
                0x00000000080029f0       0x64 Middlewares/Third_Party/FreeRTOS/Source/portable/GCC/ARM_CM7/r0p1/port.o
                0x00000000080029f0                PendSV_Handler
 .text.xPortSysTickHandler
                0x0000000008002a54       0x30 Middlewares/Third_Party/FreeRTOS/Source/portable/GCC/ARM_CM7/r0p1/port.o
                0x0000000008002a54                xPortSysTickHandler
 .text.vPortSetupTimerInterrupt
                0x0000000008002a84       0x28 Middlewares/Third_Party/FreeRTOS/Source/portable/GCC/ARM_CM7/r0p1/port.o
                0x0000000008002a84                vPortSetupTimerInterrupt
 .text.xPortStartScheduler
                0x0000000008002aac       0xa8 Middlewares/Third_Party/FreeRTOS/Source/portable/GCC/ARM_CM7/r0p1/port.o
                0x0000000008002aac                xPortStartScheduler
 .text.vPortValidateInterruptPriority
                0x0000000008002b54       0x64 Middlewares/Third_Party/FreeRTOS/Source/portable/GCC/ARM_CM7/r0p1/port.o
                0x0000000008002b54                vPortValidateInterruptPriority
 .text.unlikely.prvInsertBlockIntoFreeList
                0x0000000008002bb8       0x48 Middlewares/Third_Party/FreeRTOS/Source/portable/MemMang/heap_4.o
 .text.pvPortMalloc
                0x0000000008002c00      0x124 Middlewares/Third_Party/FreeRTOS/Source/portable/MemMang/heap_4.o
                0x0000000008002c00                pvPortMalloc
 .text.vPortFree
                0x0000000008002d24       0x78 Middlewares/Third_Party/FreeRTOS/Source/portable/MemMang/heap_4.o
                0x0000000008002d24                vPortFree
 .text.unlikely.prvCopyDataToQueue
                0x0000000008002d9c       0x66 Middlewares/Third_Party/FreeRTOS/Source/queue.o
 .text.unlikely.prvCopyDataFromQueue
                0x0000000008002e02       0x2a Middlewares/Third_Party/FreeRTOS/Source/queue.o
 .text.prvUnlockQueue
                0x0000000008002e2c       0x70 Middlewares/Third_Party/FreeRTOS/Source/queue.o
 .text.xQueueGenericReset
                0x0000000008002e9c       0x84 Middlewares/Third_Party/FreeRTOS/Source/queue.o
                0x0000000008002e9c                xQueueGenericReset
 .text.xQueueGenericCreate
                0x0000000008002f20       0x46 Middlewares/Third_Party/FreeRTOS/Source/queue.o
                0x0000000008002f20                xQueueGenericCreate
 *fill*         0x0000000008002f66        0x2 
 .text.xQueueGenericSend
                0x0000000008002f68      0x17c Middlewares/Third_Party/FreeRTOS/Source/queue.o
                0x0000000008002f68                xQueueGenericSend
 .text.xQueueCreateMutex
                0x00000000080030e4       0x24 Middlewares/Third_Party/FreeRTOS/Source/queue.o
                0x00000000080030e4                xQueueCreateMutex
 .text.xQueueGenericSendFromISR
                0x0000000008003108       0xd4 Middlewares/Third_Party/FreeRTOS/Source/queue.o
                0x0000000008003108                xQueueGenericSendFromISR
 .text.xQueueGiveFromISR
                0x00000000080031dc       0xba Middlewares/Third_Party/FreeRTOS/Source/queue.o
                0x00000000080031dc                xQueueGiveFromISR
 *fill*         0x0000000008003296        0x2 
 .text.xQueueGenericReceive
                0x0000000008003298      0x194 Middlewares/Third_Party/FreeRTOS/Source/queue.o
                0x0000000008003298                xQueueGenericReceive
 .text.xQueueReceiveFromISR
                0x000000000800342c       0xac Middlewares/Third_Party/FreeRTOS/Source/queue.o
                0x000000000800342c                xQueueReceiveFromISR
 .text.prvResetNextTaskUnblockTime
                0x00000000080034d8       0x24 Middlewares/Third_Party/FreeRTOS/Source/tasks.o
 .text.prvAddCurrentTaskToDelayedList
                0x00000000080034fc       0x8c Middlewares/Third_Party/FreeRTOS/Source/tasks.o
 .text.vTaskSetTimeOutState.part.5
                0x0000000008003588       0x16 Middlewares/Third_Party/FreeRTOS/Source/tasks.o
 *fill*         0x000000000800359e        0x2 
 .text.xTaskCreate
                0x00000000080035a0      0x1a0 Middlewares/Third_Party/FreeRTOS/Source/tasks.o
                0x00000000080035a0                xTaskCreate
 .text.vTaskStartScheduler
                0x0000000008003740       0x80 Middlewares/Third_Party/FreeRTOS/Source/tasks.o
                0x0000000008003740                vTaskStartScheduler
 .text.vTaskSuspendAll
                0x00000000080037c0       0x10 Middlewares/Third_Party/FreeRTOS/Source/tasks.o
                0x00000000080037c0                vTaskSuspendAll
 .text.xTaskGetTickCount
                0x00000000080037d0        0xc Middlewares/Third_Party/FreeRTOS/Source/tasks.o
                0x00000000080037d0                xTaskGetTickCount
 .text.xTaskGetTickCountFromISR
                0x00000000080037dc       0x10 Middlewares/Third_Party/FreeRTOS/Source/tasks.o
                0x00000000080037dc                xTaskGetTickCountFromISR
 .text.xTaskIncrementTick
                0x00000000080037ec      0x128 Middlewares/Third_Party/FreeRTOS/Source/tasks.o
                0x00000000080037ec                xTaskIncrementTick
 .text.xTaskResumeAll
                0x0000000008003914       0xf4 Middlewares/Third_Party/FreeRTOS/Source/tasks.o
                0x0000000008003914                xTaskResumeAll
 .text.vTaskDelay
                0x0000000008003a08       0x4c Middlewares/Third_Party/FreeRTOS/Source/tasks.o
                0x0000000008003a08                vTaskDelay
 .text.prvIdleTask
                0x0000000008003a54       0x74 Middlewares/Third_Party/FreeRTOS/Source/tasks.o
 .text.vTaskSwitchContext
                0x0000000008003ac8       0x78 Middlewares/Third_Party/FreeRTOS/Source/tasks.o
                0x0000000008003ac8                vTaskSwitchContext
 .text.vTaskPlaceOnEventList
                0x0000000008003b40       0x38 Middlewares/Third_Party/FreeRTOS/Source/tasks.o
                0x0000000008003b40                vTaskPlaceOnEventList
 .text.xTaskRemoveFromEventList
                0x0000000008003b78       0x88 Middlewares/Third_Party/FreeRTOS/Source/tasks.o
                0x0000000008003b78                xTaskRemoveFromEventList
 .text.vTaskSetTimeOutState
                0x0000000008003c00       0x20 Middlewares/Third_Party/FreeRTOS/Source/tasks.o
                0x0000000008003c00                vTaskSetTimeOutState
 .text.xTaskCheckForTimeOut
                0x0000000008003c20       0x7c Middlewares/Third_Party/FreeRTOS/Source/tasks.o
                0x0000000008003c20                xTaskCheckForTimeOut
 .text.vTaskMissedYield
                0x0000000008003c9c        0xc Middlewares/Third_Party/FreeRTOS/Source/tasks.o
                0x0000000008003c9c                vTaskMissedYield
 .text.xTaskGetSchedulerState
                0x0000000008003ca8       0x20 Middlewares/Third_Party/FreeRTOS/Source/tasks.o
                0x0000000008003ca8                xTaskGetSchedulerState
 .text.vTaskPriorityInherit
                0x0000000008003cc8       0x8c Middlewares/Third_Party/FreeRTOS/Source/tasks.o
                0x0000000008003cc8                vTaskPriorityInherit
 .text.xTaskPriorityDisinherit
                0x0000000008003d54       0xa8 Middlewares/Third_Party/FreeRTOS/Source/tasks.o
                0x0000000008003d54                xTaskPriorityDisinherit
 .text.pvTaskIncrementMutexHeldCount
                0x0000000008003dfc       0x18 Middlewares/Third_Party/FreeRTOS/Source/tasks.o
                0x0000000008003dfc                pvTaskIncrementMutexHeldCount
 .text.tcpip_thread
                0x0000000008003e14       0x94 Middlewares/Third_Party/LwIP/src/api/tcpip.o
 .text.tcpip_inpkt
                0x0000000008003ea8       0x58 Middlewares/Third_Party/LwIP/src/api/tcpip.o
                0x0000000008003ea8                tcpip_inpkt
 .text.tcpip_input
                0x0000000008003f00       0x1c Middlewares/Third_Party/LwIP/src/api/tcpip.o
                0x0000000008003f00                tcpip_input
 .text.tcpip_callback_with_block
                0x0000000008003f1c       0x60 Middlewares/Third_Party/LwIP/src/api/tcpip.o
                0x0000000008003f1c                tcpip_callback_with_block
 .text.tcpip_init
                0x0000000008003f7c       0x80 Middlewares/Third_Party/LwIP/src/api/tcpip.o
                0x0000000008003f7c                tcpip_init
 .text.lwip_htons
                0x0000000008003ffc        0x6 Middlewares/Third_Party/LwIP/src/core/def.o
                0x0000000008003ffc                lwip_htons
 .text.lwip_htonl
                0x0000000008004002        0x4 Middlewares/Third_Party/LwIP/src/core/def.o
                0x0000000008004002                lwip_htonl
 .text.lwip_init
                0x0000000008004006       0x22 Middlewares/Third_Party/LwIP/src/core/init.o
                0x0000000008004006                lwip_init
 .text.dhcp_set_state
                0x0000000008004028       0x10 Middlewares/Third_Party/LwIP/src/core/ipv4/dhcp.o
 .text.dhcp_option_short
                0x0000000008004038       0x44 Middlewares/Third_Party/LwIP/src/core/ipv4/dhcp.o
 .text.dhcp_option
                0x000000000800407c       0x48 Middlewares/Third_Party/LwIP/src/core/ipv4/dhcp.o
 .text.dhcp_option_byte
                0x00000000080040c4       0x38 Middlewares/Third_Party/LwIP/src/core/ipv4/dhcp.o
 .text.dhcp_option_long
                0x00000000080040fc       0x5c Middlewares/Third_Party/LwIP/src/core/ipv4/dhcp.o
 .text.dhcp_create_msg
                0x0000000008004158      0x1b8 Middlewares/Third_Party/LwIP/src/core/ipv4/dhcp.o
 .text.dhcp_check
                0x0000000008004310       0x2a Middlewares/Third_Party/LwIP/src/core/ipv4/dhcp.o
 *fill*         0x000000000800433a        0x2 
 .text.dhcp_bind
                0x000000000800433c      0x100 Middlewares/Third_Party/LwIP/src/core/ipv4/dhcp.o
 .text.dhcp_inc_pcb_refcount
                0x000000000800443c       0x74 Middlewares/Third_Party/LwIP/src/core/ipv4/dhcp.o
 .text.dhcp_option_trailer
                0x00000000080044b0       0x78 Middlewares/Third_Party/LwIP/src/core/ipv4/dhcp.o
 .text.unlikely.dhcp_handle_ack.isra.1
                0x0000000008004528       0x6c Middlewares/Third_Party/LwIP/src/core/ipv4/dhcp.o
 .text.dhcp_delete_msg
                0x0000000008004594       0x60 Middlewares/Third_Party/LwIP/src/core/ipv4/dhcp.o
 .text.dhcp_discover
                0x00000000080045f4       0xbc Middlewares/Third_Party/LwIP/src/core/ipv4/dhcp.o
 .text.dhcp_select
                0x00000000080046b0       0xe8 Middlewares/Third_Party/LwIP/src/core/ipv4/dhcp.o
 .text.dhcp_reboot
                0x0000000008004798       0xd4 Middlewares/Third_Party/LwIP/src/core/ipv4/dhcp.o
 .text.dhcp_dec_pcb_refcount
                0x000000000800486c       0x40 Middlewares/Third_Party/LwIP/src/core/ipv4/dhcp.o
 .text.dhcp_recv
                0x00000000080048ac      0x40c Middlewares/Third_Party/LwIP/src/core/ipv4/dhcp.o
 .text.dhcp_arp_reply
                0x0000000008004cb8       0xb0 Middlewares/Third_Party/LwIP/src/core/ipv4/dhcp.o
                0x0000000008004cb8                dhcp_arp_reply
 .text.dhcp_renew
                0x0000000008004d68       0xb4 Middlewares/Third_Party/LwIP/src/core/ipv4/dhcp.o
                0x0000000008004d68                dhcp_renew
 .text.dhcp_stop
                0x0000000008004e1c       0x54 Middlewares/Third_Party/LwIP/src/core/ipv4/dhcp.o
                0x0000000008004e1c                dhcp_stop
 .text.dhcp_start
                0x0000000008004e70       0xbc Middlewares/Third_Party/LwIP/src/core/ipv4/dhcp.o
                0x0000000008004e70                dhcp_start
 .text.dhcp_supplied_address
                0x0000000008004f2c       0x1c Middlewares/Third_Party/LwIP/src/core/ipv4/dhcp.o
                0x0000000008004f2c                dhcp_supplied_address
 .text.dhcp_release
                0x0000000008004f48       0xac Middlewares/Third_Party/LwIP/src/core/ipv4/dhcp.o
                0x0000000008004f48                dhcp_release
 .text.dhcp_coarse_tmr
                0x0000000008004ff4      0x154 Middlewares/Third_Party/LwIP/src/core/ipv4/dhcp.o
                0x0000000008004ff4                dhcp_coarse_tmr
 .text.dhcp_fine_tmr
                0x0000000008005148       0x7c Middlewares/Third_Party/LwIP/src/core/ipv4/dhcp.o
                0x0000000008005148                dhcp_fine_tmr
 .text.etharp_free_entry
                0x00000000080051c4       0x28 Middlewares/Third_Party/LwIP/src/core/ipv4/etharp.o
 .text.etharp_raw
                0x00000000080051ec       0xd8 Middlewares/Third_Party/LwIP/src/core/ipv4/etharp.o
 .text.etharp_find_entry.isra.0
                0x00000000080052c4      0x114 Middlewares/Third_Party/LwIP/src/core/ipv4/etharp.o
 .text.etharp_cleanup_netif
                0x00000000080053d8       0x28 Middlewares/Third_Party/LwIP/src/core/ipv4/etharp.o
                0x00000000080053d8                etharp_cleanup_netif
 .text.etharp_input
                0x0000000008005400      0x14c Middlewares/Third_Party/LwIP/src/core/ipv4/etharp.o
                0x0000000008005400                etharp_input
 .text.etharp_request
                0x000000000800554c       0x2c Middlewares/Third_Party/LwIP/src/core/ipv4/etharp.o
                0x000000000800554c                etharp_request
 .text.etharp_tmr
                0x0000000008005578       0x54 Middlewares/Third_Party/LwIP/src/core/ipv4/etharp.o
                0x0000000008005578                etharp_tmr
 .text.etharp_output_to_arp_index
                0x00000000080055cc       0xb8 Middlewares/Third_Party/LwIP/src/core/ipv4/etharp.o
 .text.etharp_query
                0x0000000008005684      0x150 Middlewares/Third_Party/LwIP/src/core/ipv4/etharp.o
                0x0000000008005684                etharp_query
 .text.etharp_output
                0x00000000080057d4      0x128 Middlewares/Third_Party/LwIP/src/core/ipv4/etharp.o
                0x00000000080057d4                etharp_output
 .text.icmp_send_response.isra.0
                0x00000000080058fc       0x94 Middlewares/Third_Party/LwIP/src/core/ipv4/icmp.o
 .text.icmp_input
                0x0000000008005990      0x130 Middlewares/Third_Party/LwIP/src/core/ipv4/icmp.o
                0x0000000008005990                icmp_input
 .text.icmp_dest_unreach
                0x0000000008005ac0        0xa Middlewares/Third_Party/LwIP/src/core/ipv4/icmp.o
                0x0000000008005ac0                icmp_dest_unreach
 .text.icmp_time_exceeded
                0x0000000008005aca        0xa Middlewares/Third_Party/LwIP/src/core/ipv4/icmp.o
                0x0000000008005aca                icmp_time_exceeded
 .text.ip4_route
                0x0000000008005ad4       0x58 Middlewares/Third_Party/LwIP/src/core/ipv4/ip4.o
                0x0000000008005ad4                ip4_route
 .text.ip4_input
                0x0000000008005b2c      0x19c Middlewares/Third_Party/LwIP/src/core/ipv4/ip4.o
                0x0000000008005b2c                ip4_input
 .text.ip4_output_if_src
                0x0000000008005cc8       0xf0 Middlewares/Third_Party/LwIP/src/core/ipv4/ip4.o
                0x0000000008005cc8                ip4_output_if_src
 .text.ip4_output_if
                0x0000000008005db8       0x22 Middlewares/Third_Party/LwIP/src/core/ipv4/ip4.o
                0x0000000008005db8                ip4_output_if
 .text.ip4_addr_isbroadcast_u32
                0x0000000008005dda       0x32 Middlewares/Third_Party/LwIP/src/core/ipv4/ip4_addr.o
                0x0000000008005dda                ip4_addr_isbroadcast_u32
 .text.ip_reass_dequeue_datagram
                0x0000000008005e0c       0x44 Middlewares/Third_Party/LwIP/src/core/ipv4/ip4_frag.o
 .text.ip_reass_free_complete_datagram
                0x0000000008005e50       0xe8 Middlewares/Third_Party/LwIP/src/core/ipv4/ip4_frag.o
 .text.ip_reass_remove_oldest_datagram
                0x0000000008005f38       0x78 Middlewares/Third_Party/LwIP/src/core/ipv4/ip4_frag.o
 .text.ip_frag_free_pbuf_custom_ref
                0x0000000008005fb0       0x2c Middlewares/Third_Party/LwIP/src/core/ipv4/ip4_frag.o
 .text.ipfrag_free_pbuf_custom
                0x0000000008005fdc       0x34 Middlewares/Third_Party/LwIP/src/core/ipv4/ip4_frag.o
 .text.ip_reass_tmr
                0x0000000008006010       0x28 Middlewares/Third_Party/LwIP/src/core/ipv4/ip4_frag.o
                0x0000000008006010                ip_reass_tmr
 .text.ip4_reass
                0x0000000008006038      0x354 Middlewares/Third_Party/LwIP/src/core/ipv4/ip4_frag.o
                0x0000000008006038                ip4_reass
 .text.ip4_frag
                0x000000000800638c      0x1b4 Middlewares/Third_Party/LwIP/src/core/ipv4/ip4_frag.o
                0x000000000800638c                ip4_frag
 .text.mem_init
                0x0000000008006540       0x6c Middlewares/Third_Party/LwIP/src/core/mem.o
                0x0000000008006540                mem_init
 .text.mem_free
                0x00000000080065ac      0x174 Middlewares/Third_Party/LwIP/src/core/mem.o
                0x00000000080065ac                mem_free
 .text.mem_trim
                0x0000000008006720      0x118 Middlewares/Third_Party/LwIP/src/core/mem.o
                0x0000000008006720                mem_trim
 .text.mem_malloc
                0x0000000008006838      0x13c Middlewares/Third_Party/LwIP/src/core/mem.o
                0x0000000008006838                mem_malloc
 .text.do_memp_malloc_pool.isra.0
                0x0000000008006974       0x3c Middlewares/Third_Party/LwIP/src/core/memp.o
 .text.do_memp_free_pool.isra.1
                0x00000000080069b0       0x38 Middlewares/Third_Party/LwIP/src/core/memp.o
 .text.memp_init_pool
                0x00000000080069e8       0x26 Middlewares/Third_Party/LwIP/src/core/memp.o
                0x00000000080069e8                memp_init_pool
 *fill*         0x0000000008006a0e        0x2 
 .text.memp_init
                0x0000000008006a10       0x1c Middlewares/Third_Party/LwIP/src/core/memp.o
                0x0000000008006a10                memp_init
 .text.memp_malloc
                0x0000000008006a2c       0x38 Middlewares/Third_Party/LwIP/src/core/memp.o
                0x0000000008006a2c                memp_malloc
 .text.memp_free
                0x0000000008006a64       0x34 Middlewares/Third_Party/LwIP/src/core/memp.o
                0x0000000008006a64                memp_free
 .text.netif_issue_reports.part.0
                0x0000000008006a98       0x12 Middlewares/Third_Party/LwIP/src/core/netif.o
 .text.netif_init
                0x0000000008006aaa        0x2 Middlewares/Third_Party/LwIP/src/core/netif.o
                0x0000000008006aaa                netif_init
 .text.netif_set_ipaddr
                0x0000000008006aac       0x44 Middlewares/Third_Party/LwIP/src/core/netif.o
                0x0000000008006aac                netif_set_ipaddr
 .text.netif_set_addr
                0x0000000008006af0       0x38 Middlewares/Third_Party/LwIP/src/core/netif.o
                0x0000000008006af0                netif_set_addr
 .text.netif_add
                0x0000000008006b28       0x7c Middlewares/Third_Party/LwIP/src/core/netif.o
                0x0000000008006b28                netif_add
 .text.netif_set_default
                0x0000000008006ba4        0xc Middlewares/Third_Party/LwIP/src/core/netif.o
                0x0000000008006ba4                netif_set_default
 .text.netif_set_up
                0x0000000008006bb0       0x1e Middlewares/Third_Party/LwIP/src/core/netif.o
                0x0000000008006bb0                netif_set_up
 .text.netif_set_down
                0x0000000008006bce       0x1a Middlewares/Third_Party/LwIP/src/core/netif.o
                0x0000000008006bce                netif_set_down
 .text.pbuf_free_ooseq_callback
                0x0000000008006be8       0x34 Middlewares/Third_Party/LwIP/src/core/pbuf.o
 .text.pbuf_header_impl
                0x0000000008006c1c       0x9c Middlewares/Third_Party/LwIP/src/core/pbuf.o
 .text.pbuf_pool_is_empty
                0x0000000008006cb8       0x3c Middlewares/Third_Party/LwIP/src/core/pbuf.o
 .text.pbuf_alloced_custom
                0x0000000008006cf4       0x70 Middlewares/Third_Party/LwIP/src/core/pbuf.o
                0x0000000008006cf4                pbuf_alloced_custom
 .text.pbuf_header
                0x0000000008006d64        0x6 Middlewares/Third_Party/LwIP/src/core/pbuf.o
                0x0000000008006d64                pbuf_header
 .text.pbuf_header_force
                0x0000000008006d6a        0x6 Middlewares/Third_Party/LwIP/src/core/pbuf.o
                0x0000000008006d6a                pbuf_header_force
 .text.pbuf_free
                0x0000000008006d70       0xd4 Middlewares/Third_Party/LwIP/src/core/pbuf.o
                0x0000000008006d70                pbuf_free
 .text.pbuf_alloc
                0x0000000008006e44      0x1b8 Middlewares/Third_Party/LwIP/src/core/pbuf.o
                0x0000000008006e44                pbuf_alloc
 .text.pbuf_realloc
                0x0000000008006ffc       0xe0 Middlewares/Third_Party/LwIP/src/core/pbuf.o
                0x0000000008006ffc                pbuf_realloc
 .text.pbuf_clen
                0x00000000080070dc       0x10 Middlewares/Third_Party/LwIP/src/core/pbuf.o
                0x00000000080070dc                pbuf_clen
 .text.pbuf_ref
                0x00000000080070ec       0x38 Middlewares/Third_Party/LwIP/src/core/pbuf.o
                0x00000000080070ec                pbuf_ref
 .text.pbuf_cat
                0x0000000008007124       0x74 Middlewares/Third_Party/LwIP/src/core/pbuf.o
                0x0000000008007124                pbuf_cat
 .text.pbuf_chain
                0x0000000008007198       0x12 Middlewares/Third_Party/LwIP/src/core/pbuf.o
                0x0000000008007198                pbuf_chain
 *fill*         0x00000000080071aa        0x2 
 .text.pbuf_copy
                0x00000000080071ac      0x114 Middlewares/Third_Party/LwIP/src/core/pbuf.o
                0x00000000080071ac                pbuf_copy
 .text.pbuf_copy_partial
                0x00000000080072c0       0x8c Middlewares/Third_Party/LwIP/src/core/pbuf.o
                0x00000000080072c0                pbuf_copy_partial
 .text.tcp_close_shutdown_fin
                0x000000000800734c       0x60 Middlewares/Third_Party/LwIP/src/core/tcp.o
 .text.tcp_init
                0x00000000080073ac        0x2 Middlewares/Third_Party/LwIP/src/core/tcp.o
                0x00000000080073ac                tcp_init
 *fill*         0x00000000080073ae        0x2 
 .text.tcp_update_rcv_ann_wnd
                0x00000000080073b0       0x58 Middlewares/Third_Party/LwIP/src/core/tcp.o
                0x00000000080073b0                tcp_update_rcv_ann_wnd
 .text.tcp_recved
                0x0000000008007408       0x7c Middlewares/Third_Party/LwIP/src/core/tcp.o
                0x0000000008007408                tcp_recved
 .text.tcp_seg_free
                0x0000000008007484       0x1c Middlewares/Third_Party/LwIP/src/core/tcp.o
                0x0000000008007484                tcp_seg_free
 .text.tcp_segs_free
                0x00000000080074a0       0x10 Middlewares/Third_Party/LwIP/src/core/tcp.o
                0x00000000080074a0                tcp_segs_free
 .text.tcp_seg_copy
                0x00000000080074b0       0x2c Middlewares/Third_Party/LwIP/src/core/tcp.o
                0x00000000080074b0                tcp_seg_copy
 .text.tcp_pcb_purge
                0x00000000080074dc       0x40 Middlewares/Third_Party/LwIP/src/core/tcp.o
                0x00000000080074dc                tcp_pcb_purge
 .text.tcp_slowtmr
                0x000000000800751c      0x3c4 Middlewares/Third_Party/LwIP/src/core/tcp.o
                0x000000000800751c                tcp_slowtmr
 .text.tcp_pcb_remove
                0x00000000080078e0       0xa0 Middlewares/Third_Party/LwIP/src/core/tcp.o
                0x00000000080078e0                tcp_pcb_remove
 .text.tcp_close_shutdown
                0x0000000008007980      0x14c Middlewares/Third_Party/LwIP/src/core/tcp.o
 .text.tcp_close
                0x0000000008007acc       0x14 Middlewares/Third_Party/LwIP/src/core/tcp.o
                0x0000000008007acc                tcp_close
 .text.tcp_recv_null
                0x0000000008007ae0       0x24 Middlewares/Third_Party/LwIP/src/core/tcp.o
                0x0000000008007ae0                tcp_recv_null
 .text.tcp_process_refused_data
                0x0000000008007b04       0x66 Middlewares/Third_Party/LwIP/src/core/tcp.o
                0x0000000008007b04                tcp_process_refused_data
 *fill*         0x0000000008007b6a        0x2 
 .text.tcp_fasttmr
                0x0000000008007b6c       0x80 Middlewares/Third_Party/LwIP/src/core/tcp.o
                0x0000000008007b6c                tcp_fasttmr
 .text.tcp_tmr  0x0000000008007bec       0x24 Middlewares/Third_Party/LwIP/src/core/tcp.o
                0x0000000008007bec                tcp_tmr
 .text.tcp_abandon
                0x0000000008007c10       0xec Middlewares/Third_Party/LwIP/src/core/tcp.o
                0x0000000008007c10                tcp_abandon
 .text.tcp_abort
                0x0000000008007cfc        0x6 Middlewares/Third_Party/LwIP/src/core/tcp.o
                0x0000000008007cfc                tcp_abort
 .text.tcp_netif_ip_addr_changed_pcblist
                0x0000000008007d02       0x1c Middlewares/Third_Party/LwIP/src/core/tcp.o
 *fill*         0x0000000008007d1e        0x2 
 .text.tcp_kill_state
                0x0000000008007d20       0x60 Middlewares/Third_Party/LwIP/src/core/tcp.o
 .text.tcp_alloc
                0x0000000008007d80      0x110 Middlewares/Third_Party/LwIP/src/core/tcp.o
                0x0000000008007d80                tcp_alloc
 .text.tcp_next_iss
                0x0000000008007e90       0x18 Middlewares/Third_Party/LwIP/src/core/tcp.o
                0x0000000008007e90                tcp_next_iss
 .text.tcp_eff_send_mss_impl
                0x0000000008007ea8       0x1e Middlewares/Third_Party/LwIP/src/core/tcp.o
                0x0000000008007ea8                tcp_eff_send_mss_impl
 *fill*         0x0000000008007ec6        0x2 
 .text.tcp_netif_ip_addr_changed
                0x0000000008007ec8       0x4c Middlewares/Third_Party/LwIP/src/core/tcp.o
                0x0000000008007ec8                tcp_netif_ip_addr_changed
 .text.tcp_oos_insert_segment
                0x0000000008007f14       0x7c Middlewares/Third_Party/LwIP/src/core/tcp_in.o
 .text.tcp_receive
                0x0000000008007f90      0x9a8 Middlewares/Third_Party/LwIP/src/core/tcp_in.o
 .text.tcp_getoptbyte
                0x0000000008008938       0x40 Middlewares/Third_Party/LwIP/src/core/tcp_in.o
 .text.tcp_parseopt.isra.1.part.2
                0x0000000008008978       0x70 Middlewares/Third_Party/LwIP/src/core/tcp_in.o
 .text.tcp_input_delayed_close
                0x00000000080089e8       0x40 Middlewares/Third_Party/LwIP/src/core/tcp_in.o
 .text.tcp_input
                0x0000000008008a28      0x9fc Middlewares/Third_Party/LwIP/src/core/tcp_in.o
                0x0000000008008a28                tcp_input
 .text.tcp_trigger_input_pcb_close
                0x0000000008009424       0x10 Middlewares/Third_Party/LwIP/src/core/tcp_in.o
                0x0000000008009424                tcp_trigger_input_pcb_close
 .text.tcp_create_segment
                0x0000000008009434       0xcc Middlewares/Third_Party/LwIP/src/core/tcp_out.o
 .text.tcp_output_alloc_header.constprop.0
                0x0000000008009500       0x78 Middlewares/Third_Party/LwIP/src/core/tcp_out.o
 .text.tcp_enqueue_flags
                0x0000000008009578      0x12c Middlewares/Third_Party/LwIP/src/core/tcp_out.o
                0x0000000008009578                tcp_enqueue_flags
 .text.tcp_send_fin
                0x00000000080096a4       0x44 Middlewares/Third_Party/LwIP/src/core/tcp_out.o
                0x00000000080096a4                tcp_send_fin
 .text.tcp_send_empty_ack
                0x00000000080096e8       0x6a Middlewares/Third_Party/LwIP/src/core/tcp_out.o
                0x00000000080096e8                tcp_send_empty_ack
 *fill*         0x0000000008009752        0x2 
 .text.tcp_output
                0x0000000008009754      0x2fc Middlewares/Third_Party/LwIP/src/core/tcp_out.o
                0x0000000008009754                tcp_output
 .text.tcp_rst  0x0000000008009a50       0xb4 Middlewares/Third_Party/LwIP/src/core/tcp_out.o
                0x0000000008009a50                tcp_rst
 .text.tcp_rexmit_rto
                0x0000000008009b04       0x38 Middlewares/Third_Party/LwIP/src/core/tcp_out.o
                0x0000000008009b04                tcp_rexmit_rto
 .text.tcp_rexmit
                0x0000000008009b3c       0x52 Middlewares/Third_Party/LwIP/src/core/tcp_out.o
                0x0000000008009b3c                tcp_rexmit
 .text.tcp_rexmit_fast
                0x0000000008009b8e       0x4e Middlewares/Third_Party/LwIP/src/core/tcp_out.o
                0x0000000008009b8e                tcp_rexmit_fast
 .text.tcp_keepalive
                0x0000000008009bdc       0x54 Middlewares/Third_Party/LwIP/src/core/tcp_out.o
                0x0000000008009bdc                tcp_keepalive
 .text.tcp_zero_window_probe
                0x0000000008009c30       0xbe Middlewares/Third_Party/LwIP/src/core/tcp_out.o
                0x0000000008009c30                tcp_zero_window_probe
 *fill*         0x0000000008009cee        0x2 
 .text.sys_timeout
                0x0000000008009cf0       0xa4 Middlewares/Third_Party/LwIP/src/core/timeouts.o
                0x0000000008009cf0                sys_timeout
 .text.tcp_timer_needed
                0x0000000008009d94       0x34 Middlewares/Third_Party/LwIP/src/core/timeouts.o
                0x0000000008009d94                tcp_timer_needed
 .text.tcpip_tcp_timer
                0x0000000008009dc8       0x38 Middlewares/Third_Party/LwIP/src/core/timeouts.o
 .text.sys_timeouts_init
                0x0000000008009e00       0x54 Middlewares/Third_Party/LwIP/src/core/timeouts.o
                0x0000000008009e00                sys_timeouts_init
 .text.cyclic_timer
                0x0000000008009e54       0x1c Middlewares/Third_Party/LwIP/src/core/timeouts.o
 .text.sys_timeouts_mbox_fetch
                0x0000000008009e70       0xa4 Middlewares/Third_Party/LwIP/src/core/timeouts.o
                0x0000000008009e70                sys_timeouts_mbox_fetch
 .text.udp_init
                0x0000000008009f14        0x2 Middlewares/Third_Party/LwIP/src/core/udp.o
                0x0000000008009f14                udp_init
 *fill*         0x0000000008009f16        0x2 
 .text.udp_input
                0x0000000008009f18      0x130 Middlewares/Third_Party/LwIP/src/core/udp.o
                0x0000000008009f18                udp_input
 .text.udp_bind
                0x000000000800a048       0xa8 Middlewares/Third_Party/LwIP/src/core/udp.o
                0x000000000800a048                udp_bind
 .text.udp_sendto_if_src
                0x000000000800a0f0       0xcc Middlewares/Third_Party/LwIP/src/core/udp.o
                0x000000000800a0f0                udp_sendto_if_src
 .text.udp_sendto_if
                0x000000000800a1bc       0x38 Middlewares/Third_Party/LwIP/src/core/udp.o
                0x000000000800a1bc                udp_sendto_if
 .text.udp_connect
                0x000000000800a1f4       0x50 Middlewares/Third_Party/LwIP/src/core/udp.o
                0x000000000800a1f4                udp_connect
 .text.udp_recv
                0x000000000800a244        0x6 Middlewares/Third_Party/LwIP/src/core/udp.o
                0x000000000800a244                udp_recv
 *fill*         0x000000000800a24a        0x2 
 .text.udp_remove
                0x000000000800a24c       0x30 Middlewares/Third_Party/LwIP/src/core/udp.o
                0x000000000800a24c                udp_remove
 .text.udp_new  0x000000000800a27c       0x1c Middlewares/Third_Party/LwIP/src/core/udp.o
                0x000000000800a27c                udp_new
 .text.udp_netif_ip_addr_changed
                0x000000000800a298       0x2c Middlewares/Third_Party/LwIP/src/core/udp.o
                0x000000000800a298                udp_netif_ip_addr_changed
 .text.ethernet_input
                0x000000000800a2c4       0x98 Middlewares/Third_Party/LwIP/src/netif/ethernet.o
                0x000000000800a2c4                ethernet_input
 .text.ethernet_output
                0x000000000800a35c       0x70 Middlewares/Third_Party/LwIP/src/netif/ethernet.o
                0x000000000800a35c                ethernet_output
 .text.sys_mbox_new
                0x000000000800a3cc       0x20 Middlewares/Third_Party/LwIP/system/OS/sys_arch.o
                0x000000000800a3cc                sys_mbox_new
 .text.sys_mbox_post
                0x000000000800a3ec       0x18 Middlewares/Third_Party/LwIP/system/OS/sys_arch.o
                0x000000000800a3ec                sys_mbox_post
 .text.sys_mbox_trypost
                0x000000000800a404       0x14 Middlewares/Third_Party/LwIP/system/OS/sys_arch.o
                0x000000000800a404                sys_mbox_trypost
 .text.sys_arch_mbox_fetch
                0x000000000800a418       0x44 Middlewares/Third_Party/LwIP/system/OS/sys_arch.o
                0x000000000800a418                sys_arch_mbox_fetch
 .text.sys_mbox_valid
                0x000000000800a45c        0xa Middlewares/Third_Party/LwIP/system/OS/sys_arch.o
                0x000000000800a45c                sys_mbox_valid
 *fill*         0x000000000800a466        0x2 
 .text.sys_init
                0x000000000800a468       0x18 Middlewares/Third_Party/LwIP/system/OS/sys_arch.o
                0x000000000800a468                sys_init
 .text.sys_mutex_new
                0x000000000800a480       0x1e Middlewares/Third_Party/LwIP/system/OS/sys_arch.o
                0x000000000800a480                sys_mutex_new
 .text.sys_mutex_lock
                0x000000000800a49e        0xa Middlewares/Third_Party/LwIP/system/OS/sys_arch.o
                0x000000000800a49e                sys_mutex_lock
 .text.sys_mutex_unlock
                0x000000000800a4a8        0x6 Middlewares/Third_Party/LwIP/system/OS/sys_arch.o
                0x000000000800a4a8                sys_mutex_unlock
 .text.sys_thread_new
                0x000000000800a4ae       0x20 Middlewares/Third_Party/LwIP/system/OS/sys_arch.o
                0x000000000800a4ae                sys_thread_new
 *fill*         0x000000000800a4ce        0x2 
 .text.sys_arch_protect
                0x000000000800a4d0       0x18 Middlewares/Third_Party/LwIP/system/OS/sys_arch.o
                0x000000000800a4d0                sys_arch_protect
 .text.sys_arch_unprotect
                0x000000000800a4e8        0xc Middlewares/Third_Party/LwIP/system/OS/sys_arch.o
                0x000000000800a4e8                sys_arch_unprotect
 .text.debug_init
                0x000000000800a4f4        0xc Src/dbgu.o
                0x000000000800a4f4                debug_init
 .text.debug_chr
                0x000000000800a500       0x14 Src/dbgu.o
                0x000000000800a500                debug_chr
 .text.low_level_output
                0x000000000800a514       0xa0 Src/ethernetif.o
 .text.ethernetif_input
                0x000000000800a5b4       0xec Src/ethernetif.o
                0x000000000800a5b4                ethernetif_input
 .text.HAL_ETH_MspInit
                0x000000000800a6a0       0xcc Src/ethernetif.o
                0x000000000800a6a0                HAL_ETH_MspInit
 .text.HAL_ETH_RxCpltCallback
                0x000000000800a76c        0xc Src/ethernetif.o
                0x000000000800a76c                HAL_ETH_RxCpltCallback
 .text.ethernetif_init
                0x000000000800a778      0x158 Src/ethernetif.o
                0x000000000800a778                ethernetif_init
 .text.sys_now  0x000000000800a8d0        0x4 Src/ethernetif.o
                0x000000000800a8d0                sys_now
 .text.MX_LWIP_Init
                0x000000000800a8d4       0x6c Src/lwip.o
                0x000000000800a8d4                MX_LWIP_Init
 .text.StartDefaultTask
                0x000000000800a940       0x3c Src/main.o
                0x000000000800a940                StartDefaultTask
 .text.SystemClock_Config
                0x000000000800a97c       0xc0 Src/main.o
                0x000000000800a97c                SystemClock_Config
 .text.startup.main
                0x000000000800aa3c      0x1cc Src/main.o
                0x000000000800aa3c                main
 .text.HAL_TIM_PeriodElapsedCallback
                0x000000000800ac08       0x14 Src/main.o
                0x000000000800ac08                HAL_TIM_PeriodElapsedCallback
 .text.HAL_MspInit
                0x000000000800ac1c       0x8c Src/stm32f7xx_hal_msp.o
                0x000000000800ac1c                HAL_MspInit
 .text.HAL_SPI_MspInit
                0x000000000800aca8       0x64 Src/stm32f7xx_hal_msp.o
                0x000000000800aca8                HAL_SPI_MspInit
 .text.HAL_UART_MspInit
                0x000000000800ad0c       0x4c Src/stm32f7xx_hal_msp.o
                0x000000000800ad0c                HAL_UART_MspInit
 .text.HAL_PCD_MspInit
                0x000000000800ad58       0x70 Src/stm32f7xx_hal_msp.o
                0x000000000800ad58                HAL_PCD_MspInit
 .text.HAL_InitTick
                0x000000000800adc8       0x78 Src/stm32f7xx_hal_timebase_TIM.o
                0x000000000800adc8                HAL_InitTick
 .text.NMI_Handler
                0x000000000800ae40        0x2 Src/stm32f7xx_it.o
                0x000000000800ae40                NMI_Handler
 .text.HardFault_Handler
                0x000000000800ae42        0x2 Src/stm32f7xx_it.o
                0x000000000800ae42                HardFault_Handler
 .text.MemManage_Handler
                0x000000000800ae44        0x2 Src/stm32f7xx_it.o
                0x000000000800ae44                MemManage_Handler
 .text.BusFault_Handler
                0x000000000800ae46        0x2 Src/stm32f7xx_it.o
                0x000000000800ae46                BusFault_Handler
 .text.UsageFault_Handler
                0x000000000800ae48        0x2 Src/stm32f7xx_it.o
                0x000000000800ae48                UsageFault_Handler
 .text.DebugMon_Handler
                0x000000000800ae4a        0x2 Src/stm32f7xx_it.o
                0x000000000800ae4a                DebugMon_Handler
 .text.SysTick_Handler
                0x000000000800ae4c        0x4 Src/stm32f7xx_it.o
                0x000000000800ae4c                SysTick_Handler
 .text.TIM1_UP_TIM10_IRQHandler
                0x000000000800ae50        0xc Src/stm32f7xx_it.o
                0x000000000800ae50                TIM1_UP_TIM10_IRQHandler
 .text.ETH_IRQHandler
                0x000000000800ae5c        0xc Src/stm32f7xx_it.o
                0x000000000800ae5c                ETH_IRQHandler
 .text._sbrk    0x000000000800ae68       0x40 Src/syscalls.o
                0x000000000800ae68                _sbrk
 .text._write   0x000000000800aea8       0x1c Src/syscalls.o
                0x000000000800aea8                _write
 .text._close   0x000000000800aec4        0x6 Src/syscalls.o
                0x000000000800aec4                _close
 .text._fstat   0x000000000800aeca        0xa Src/syscalls.o
                0x000000000800aeca                _fstat
 .text._isatty  0x000000000800aed4        0x4 Src/syscalls.o
                0x000000000800aed4                _isatty
 .text._lseek   0x000000000800aed8        0x4 Src/syscalls.o
                0x000000000800aed8                _lseek
 .text._read    0x000000000800aedc       0x1c Src/syscalls.o
                0x000000000800aedc                _read
 .text.SystemInit
                0x000000000800aef8       0x4c Src/system_stm32f7xx.o
                0x000000000800aef8                SystemInit
 .text.xputs    0x000000000800af44       0x12 Src/term_io.o
                0x000000000800af44                xputs
 .text.xitoa    0x000000000800af56       0x92 Src/term_io.o
                0x000000000800af56                xitoa
 .text.xprintf  0x000000000800afe8       0xc6 Src/term_io.o
                0x000000000800afe8                xprintf
 *fill*         0x000000000800b0ae        0x2 
 .text.Reset_Handler
                0x000000000800b0b0       0x50 startup/startup_stm32f746xx.o
                0x000000000800b0b0                Reset_Handler
 .text.Default_Handler
                0x000000000800b100        0x2 startup/startup_stm32f746xx.o
                0x000000000800b100                RTC_Alarm_IRQHandler
                0x000000000800b100                EXTI2_IRQHandler
                0x000000000800b100                TIM8_CC_IRQHandler
                0x000000000800b100                UART8_IRQHandler
                0x000000000800b100                SPI4_IRQHandler
                0x000000000800b100                TIM1_CC_IRQHandler
                0x000000000800b100                DMA2_Stream5_IRQHandler
                0x000000000800b100                DMA1_Stream5_IRQHandler
                0x000000000800b100                PVD_IRQHandler
                0x000000000800b100                TAMP_STAMP_IRQHandler
                0x000000000800b100                CAN2_RX1_IRQHandler
                0x000000000800b100                EXTI3_IRQHandler
                0x000000000800b100                TIM8_TRG_COM_TIM14_IRQHandler
                0x000000000800b100                TIM8_UP_TIM13_IRQHandler
                0x000000000800b100                I2C3_ER_IRQHandler
                0x000000000800b100                EXTI0_IRQHandler
                0x000000000800b100                I2C2_EV_IRQHandler
                0x000000000800b100                DMA1_Stream2_IRQHandler
                0x000000000800b100                CAN1_RX0_IRQHandler
                0x000000000800b100                FPU_IRQHandler
                0x000000000800b100                OTG_HS_WKUP_IRQHandler
                0x000000000800b100                LTDC_ER_IRQHandler
                0x000000000800b100                CAN2_SCE_IRQHandler
                0x000000000800b100                DMA2_Stream2_IRQHandler
                0x000000000800b100                SPI1_IRQHandler
                0x000000000800b100                TIM6_DAC_IRQHandler
                0x000000000800b100                TIM1_BRK_TIM9_IRQHandler
                0x000000000800b100                DCMI_IRQHandler
                0x000000000800b100                CAN2_RX0_IRQHandler
                0x000000000800b100                DMA2_Stream3_IRQHandler
                0x000000000800b100                SAI2_IRQHandler
                0x000000000800b100                USART6_IRQHandler
                0x000000000800b100                USART3_IRQHandler
                0x000000000800b100                CAN1_RX1_IRQHandler
                0x000000000800b100                UART5_IRQHandler
                0x000000000800b100                DMA2_Stream0_IRQHandler
                0x000000000800b100                TIM4_IRQHandler
                0x000000000800b100                QUADSPI_IRQHandler
                0x000000000800b100                I2C1_EV_IRQHandler
                0x000000000800b100                DMA1_Stream6_IRQHandler
                0x000000000800b100                DMA1_Stream1_IRQHandler
                0x000000000800b100                UART4_IRQHandler
                0x000000000800b100                TIM3_IRQHandler
                0x000000000800b100                RCC_IRQHandler
                0x000000000800b100                TIM8_BRK_TIM12_IRQHandler
                0x000000000800b100                Default_Handler
                0x000000000800b100                CEC_IRQHandler
                0x000000000800b100                EXTI15_10_IRQHandler
                0x000000000800b100                ADC_IRQHandler
                0x000000000800b100                DMA1_Stream7_IRQHandler
                0x000000000800b100                SPI5_IRQHandler
                0x000000000800b100                TIM7_IRQHandler
                0x000000000800b100                SDMMC1_IRQHandler
                0x000000000800b100                CAN2_TX_IRQHandler
                0x000000000800b100                TIM5_IRQHandler
                0x000000000800b100                DMA2_Stream7_IRQHandler
                0x000000000800b100                I2C3_EV_IRQHandler
                0x000000000800b100                EXTI9_5_IRQHandler
                0x000000000800b100                RTC_WKUP_IRQHandler
                0x000000000800b100                LTDC_IRQHandler
                0x000000000800b100                ETH_WKUP_IRQHandler
                0x000000000800b100                SPDIF_RX_IRQHandler
                0x000000000800b100                SPI2_IRQHandler
                0x000000000800b100                OTG_HS_EP1_IN_IRQHandler
                0x000000000800b100                DMA1_Stream0_IRQHandler
                0x000000000800b100                CAN1_TX_IRQHandler
                0x000000000800b100                EXTI4_IRQHandler
                0x000000000800b100                RNG_IRQHandler
                0x000000000800b100                OTG_HS_EP1_OUT_IRQHandler
                0x000000000800b100                WWDG_IRQHandler
                0x000000000800b100                SPI6_IRQHandler
                0x000000000800b100                I2C4_EV_IRQHandler
                0x000000000800b100                TIM2_IRQHandler
                0x000000000800b100                OTG_FS_WKUP_IRQHandler
                0x000000000800b100                TIM1_TRG_COM_TIM11_IRQHandler
                0x000000000800b100                OTG_HS_IRQHandler
                0x000000000800b100                DMA2D_IRQHandler
                0x000000000800b100                EXTI1_IRQHandler
                0x000000000800b100                UART7_IRQHandler
                0x000000000800b100                USART2_IRQHandler
                0x000000000800b100                I2C2_ER_IRQHandler
                0x000000000800b100                DMA2_Stream1_IRQHandler
                0x000000000800b100                CAN1_SCE_IRQHandler
                0x000000000800b100                FLASH_IRQHandler
                0x000000000800b100                DMA2_Stream4_IRQHandler
                0x000000000800b100                USART1_IRQHandler
                0x000000000800b100                OTG_FS_IRQHandler
                0x000000000800b100                SPI3_IRQHandler
                0x000000000800b100                DMA1_Stream4_IRQHandler
                0x000000000800b100                I2C1_ER_IRQHandler
                0x000000000800b100                FMC_IRQHandler
                0x000000000800b100                LPTIM1_IRQHandler
                0x000000000800b100                I2C4_ER_IRQHandler
                0x000000000800b100                DMA2_Stream6_IRQHandler
                0x000000000800b100                SAI1_IRQHandler
                0x000000000800b100                DMA1_Stream3_IRQHandler
 *fill*         0x000000000800b102        0x2 
 .text.__libc_init_array
                0x000000000800b104       0x48 /opt/Atollic_TrueSTUDIO_for_STM32_x86_64_9.2.0/ARMTools/bin/../lib/gcc/arm-atollic-eabi/6.3.1/../../../../arm-atollic-eabi/lib/armv7e-m/fpu/fpv5-sp-d16/libc_nano.a(lib_a-init.o)
                0x000000000800b104                __libc_init_array
 .text.memcmp   0x000000000800b14c       0x1e /opt/Atollic_TrueSTUDIO_for_STM32_x86_64_9.2.0/ARMTools/bin/../lib/gcc/arm-atollic-eabi/6.3.1/../../../../arm-atollic-eabi/lib/armv7e-m/fpu/fpv5-sp-d16/libc_nano.a(lib_a-memcmp.o)
                0x000000000800b14c                memcmp
 .text.memcpy   0x000000000800b16a       0x16 /opt/Atollic_TrueSTUDIO_for_STM32_x86_64_9.2.0/ARMTools/bin/../lib/gcc/arm-atollic-eabi/6.3.1/../../../../arm-atollic-eabi/lib/armv7e-m/fpu/fpv5-sp-d16/libc_nano.a(lib_a-memcpy-stub.o)
                0x000000000800b16a                memcpy
 .text.memset   0x000000000800b180       0x10 /opt/Atollic_TrueSTUDIO_for_STM32_x86_64_9.2.0/ARMTools/bin/../lib/gcc/arm-atollic-eabi/6.3.1/../../../../arm-atollic-eabi/lib/armv7e-m/fpu/fpv5-sp-d16/libc_nano.a(lib_a-memset.o)
                0x000000000800b180                memset
 .text.printf   0x000000000800b190       0x30 /opt/Atollic_TrueSTUDIO_for_STM32_x86_64_9.2.0/ARMTools/bin/../lib/gcc/arm-atollic-eabi/6.3.1/../../../../arm-atollic-eabi/lib/armv7e-m/fpu/fpv5-sp-d16/libc_nano.a(lib_a-printf.o)
                0x000000000800b190                printf
                0x000000000800b190                iprintf
 .text.rand     0x000000000800b1c0       0x74 /opt/Atollic_TrueSTUDIO_for_STM32_x86_64_9.2.0/ARMTools/bin/../lib/gcc/arm-atollic-eabi/6.3.1/../../../../arm-atollic-eabi/lib/armv7e-m/fpu/fpv5-sp-d16/libc_nano.a(lib_a-rand.o)
                0x000000000800b1c0                rand
 .text._cleanup_r
                0x000000000800b234        0xc /opt/Atollic_TrueSTUDIO_for_STM32_x86_64_9.2.0/ARMTools/bin/../lib/gcc/arm-atollic-eabi/6.3.1/../../../../arm-atollic-eabi/lib/armv7e-m/fpu/fpv5-sp-d16/libc_nano.a(lib_a-findfp.o)
                0x000000000800b234                _cleanup_r
 .text.std.isra.0
                0x000000000800b240       0x48 /opt/Atollic_TrueSTUDIO_for_STM32_x86_64_9.2.0/ARMTools/bin/../lib/gcc/arm-atollic-eabi/6.3.1/../../../../arm-atollic-eabi/lib/armv7e-m/fpu/fpv5-sp-d16/libc_nano.a(lib_a-findfp.o)
 .text.__sfmoreglue
                0x000000000800b288       0x2c /opt/Atollic_TrueSTUDIO_for_STM32_x86_64_9.2.0/ARMTools/bin/../lib/gcc/arm-atollic-eabi/6.3.1/../../../../arm-atollic-eabi/lib/armv7e-m/fpu/fpv5-sp-d16/libc_nano.a(lib_a-findfp.o)
                0x000000000800b288                __sfmoreglue
 .text.__sinit  0x000000000800b2b4       0x60 /opt/Atollic_TrueSTUDIO_for_STM32_x86_64_9.2.0/ARMTools/bin/../lib/gcc/arm-atollic-eabi/6.3.1/../../../../arm-atollic-eabi/lib/armv7e-m/fpu/fpv5-sp-d16/libc_nano.a(lib_a-findfp.o)
                0x000000000800b2b4                __sinit
 .text.__sfp    0x000000000800b314       0x78 /opt/Atollic_TrueSTUDIO_for_STM32_x86_64_9.2.0/ARMTools/bin/../lib/gcc/arm-atollic-eabi/6.3.1/../../../../arm-atollic-eabi/lib/armv7e-m/fpu/fpv5-sp-d16/libc_nano.a(lib_a-findfp.o)
                0x000000000800b314                __sfp
 .text._fwalk_reent
                0x000000000800b38c       0x3c /opt/Atollic_TrueSTUDIO_for_STM32_x86_64_9.2.0/ARMTools/bin/../lib/gcc/arm-atollic-eabi/6.3.1/../../../../arm-atollic-eabi/lib/armv7e-m/fpu/fpv5-sp-d16/libc_nano.a(lib_a-fwalk.o)
                0x000000000800b38c                _fwalk_reent
 .text.malloc   0x000000000800b3c8       0x10 /opt/Atollic_TrueSTUDIO_for_STM32_x86_64_9.2.0/ARMTools/bin/../lib/gcc/arm-atollic-eabi/6.3.1/../../../../arm-atollic-eabi/lib/armv7e-m/fpu/fpv5-sp-d16/libc_nano.a(lib_a-malloc.o)
                0x000000000800b3c8                malloc
 .text._free_r  0x000000000800b3d8       0x9c /opt/Atollic_TrueSTUDIO_for_STM32_x86_64_9.2.0/ARMTools/bin/../lib/gcc/arm-atollic-eabi/6.3.1/../../../../arm-atollic-eabi/lib/armv7e-m/fpu/fpv5-sp-d16/libc_nano.a(lib_a-nano-freer.o)
                0x000000000800b3d8                _free_r
 .text._malloc_r
                0x000000000800b474       0xbc /opt/Atollic_TrueSTUDIO_for_STM32_x86_64_9.2.0/ARMTools/bin/../lib/gcc/arm-atollic-eabi/6.3.1/../../../../arm-atollic-eabi/lib/armv7e-m/fpu/fpv5-sp-d16/libc_nano.a(lib_a-nano-mallocr.o)
                0x000000000800b474                _malloc_r
 .text.__sfputc_r
                0x000000000800b530       0x30 /opt/Atollic_TrueSTUDIO_for_STM32_x86_64_9.2.0/ARMTools/bin/../lib/gcc/arm-atollic-eabi/6.3.1/../../../../arm-atollic-eabi/lib/armv7e-m/fpu/fpv5-sp-d16/libc_nano.a(lib_a-nano-vfprintf.o)
 .text.__sfputs_r
                0x000000000800b560       0x24 /opt/Atollic_TrueSTUDIO_for_STM32_x86_64_9.2.0/ARMTools/bin/../lib/gcc/arm-atollic-eabi/6.3.1/../../../../arm-atollic-eabi/lib/armv7e-m/fpu/fpv5-sp-d16/libc_nano.a(lib_a-nano-vfprintf.o)
                0x000000000800b560                __sfputs_r
 .text._vfprintf_r
                0x000000000800b584      0x22c /opt/Atollic_TrueSTUDIO_for_STM32_x86_64_9.2.0/ARMTools/bin/../lib/gcc/arm-atollic-eabi/6.3.1/../../../../arm-atollic-eabi/lib/armv7e-m/fpu/fpv5-sp-d16/libc_nano.a(lib_a-nano-vfprintf.o)
                0x000000000800b584                _vfiprintf_r
                0x000000000800b584                _vfprintf_r
 .text._printf_common
                0x000000000800b7b0       0xec /opt/Atollic_TrueSTUDIO_for_STM32_x86_64_9.2.0/ARMTools/bin/../lib/gcc/arm-atollic-eabi/6.3.1/../../../../arm-atollic-eabi/lib/armv7e-m/fpu/fpv5-sp-d16/libc_nano.a(lib_a-nano-vfprintf_i.o)
                0x000000000800b7b0                _printf_common
 .text._printf_i
                0x000000000800b89c      0x240 /opt/Atollic_TrueSTUDIO_for_STM32_x86_64_9.2.0/ARMTools/bin/../lib/gcc/arm-atollic-eabi/6.3.1/../../../../arm-atollic-eabi/lib/armv7e-m/fpu/fpv5-sp-d16/libc_nano.a(lib_a-nano-vfprintf_i.o)
                0x000000000800b89c                _printf_i
 .text._sbrk_r  0x000000000800badc       0x20 /opt/Atollic_TrueSTUDIO_for_STM32_x86_64_9.2.0/ARMTools/bin/../lib/gcc/arm-atollic-eabi/6.3.1/../../../../arm-atollic-eabi/lib/armv7e-m/fpu/fpv5-sp-d16/libc_nano.a(lib_a-sbrkr.o)
                0x000000000800badc                _sbrk_r
 .text.__sread  0x000000000800bafc       0x22 /opt/Atollic_TrueSTUDIO_for_STM32_x86_64_9.2.0/ARMTools/bin/../lib/gcc/arm-atollic-eabi/6.3.1/../../../../arm-atollic-eabi/lib/armv7e-m/fpu/fpv5-sp-d16/libc_nano.a(lib_a-stdio.o)
                0x000000000800bafc                __sread
 .text.__swrite
                0x000000000800bb1e       0x38 /opt/Atollic_TrueSTUDIO_for_STM32_x86_64_9.2.0/ARMTools/bin/../lib/gcc/arm-atollic-eabi/6.3.1/../../../../arm-atollic-eabi/lib/armv7e-m/fpu/fpv5-sp-d16/libc_nano.a(lib_a-stdio.o)
                0x000000000800bb1e                __swrite
 .text.__sseek  0x000000000800bb56       0x24 /opt/Atollic_TrueSTUDIO_for_STM32_x86_64_9.2.0/ARMTools/bin/../lib/gcc/arm-atollic-eabi/6.3.1/../../../../arm-atollic-eabi/lib/armv7e-m/fpu/fpv5-sp-d16/libc_nano.a(lib_a-stdio.o)
                0x000000000800bb56                __sseek
 .text.__sclose
                0x000000000800bb7a        0x8 /opt/Atollic_TrueSTUDIO_for_STM32_x86_64_9.2.0/ARMTools/bin/../lib/gcc/arm-atollic-eabi/6.3.1/../../../../arm-atollic-eabi/lib/armv7e-m/fpu/fpv5-sp-d16/libc_nano.a(lib_a-stdio.o)
                0x000000000800bb7a                __sclose
 *fill*         0x000000000800bb82        0x2 
 .text.__swbuf_r
                0x000000000800bb84       0xa4 /opt/Atollic_TrueSTUDIO_for_STM32_x86_64_9.2.0/ARMTools/bin/../lib/gcc/arm-atollic-eabi/6.3.1/../../../../arm-atollic-eabi/lib/armv7e-m/fpu/fpv5-sp-d16/libc_nano.a(lib_a-wbuf.o)
                0x000000000800bb84                __swbuf_r
 .text._write_r
                0x000000000800bc28       0x24 /opt/Atollic_TrueSTUDIO_for_STM32_x86_64_9.2.0/ARMTools/bin/../lib/gcc/arm-atollic-eabi/6.3.1/../../../../arm-atollic-eabi/lib/armv7e-m/fpu/fpv5-sp-d16/libc_nano.a(lib_a-writer.o)
                0x000000000800bc28                _write_r
 .text.__swsetup_r
                0x000000000800bc4c       0xdc /opt/Atollic_TrueSTUDIO_for_STM32_x86_64_9.2.0/ARMTools/bin/../lib/gcc/arm-atollic-eabi/6.3.1/../../../../arm-atollic-eabi/lib/armv7e-m/fpu/fpv5-sp-d16/libc_nano.a(lib_a-wsetup.o)
                0x000000000800bc4c                __swsetup_r
 .text._close_r
                0x000000000800bd28       0x20 /opt/Atollic_TrueSTUDIO_for_STM32_x86_64_9.2.0/ARMTools/bin/../lib/gcc/arm-atollic-eabi/6.3.1/../../../../arm-atollic-eabi/lib/armv7e-m/fpu/fpv5-sp-d16/libc_nano.a(lib_a-closer.o)
                0x000000000800bd28                _close_r
 .text.__sflush_r
                0x000000000800bd48      0x110 /opt/Atollic_TrueSTUDIO_for_STM32_x86_64_9.2.0/ARMTools/bin/../lib/gcc/arm-atollic-eabi/6.3.1/../../../../arm-atollic-eabi/lib/armv7e-m/fpu/fpv5-sp-d16/libc_nano.a(lib_a-fflush.o)
                0x000000000800bd48                __sflush_r
 .text._fflush_r
                0x000000000800be58       0x54 /opt/Atollic_TrueSTUDIO_for_STM32_x86_64_9.2.0/ARMTools/bin/../lib/gcc/arm-atollic-eabi/6.3.1/../../../../arm-atollic-eabi/lib/armv7e-m/fpu/fpv5-sp-d16/libc_nano.a(lib_a-fflush.o)
                0x000000000800be58                _fflush_r
 .text._lseek_r
                0x000000000800beac       0x24 /opt/Atollic_TrueSTUDIO_for_STM32_x86_64_9.2.0/ARMTools/bin/../lib/gcc/arm-atollic-eabi/6.3.1/../../../../arm-atollic-eabi/lib/armv7e-m/fpu/fpv5-sp-d16/libc_nano.a(lib_a-lseekr.o)
                0x000000000800beac                _lseek_r
 .text.__swhatbuf_r
                0x000000000800bed0       0x48 /opt/Atollic_TrueSTUDIO_for_STM32_x86_64_9.2.0/ARMTools/bin/../lib/gcc/arm-atollic-eabi/6.3.1/../../../../arm-atollic-eabi/lib/armv7e-m/fpu/fpv5-sp-d16/libc_nano.a(lib_a-makebuf.o)
                0x000000000800bed0                __swhatbuf_r
 .text.__smakebuf_r
                0x000000000800bf18       0x80 /opt/Atollic_TrueSTUDIO_for_STM32_x86_64_9.2.0/ARMTools/bin/../lib/gcc/arm-atollic-eabi/6.3.1/../../../../arm-atollic-eabi/lib/armv7e-m/fpu/fpv5-sp-d16/libc_nano.a(lib_a-makebuf.o)
                0x000000000800bf18                __smakebuf_r
 .text.__malloc_lock
                0x000000000800bf98        0x2 /opt/Atollic_TrueSTUDIO_for_STM32_x86_64_9.2.0/ARMTools/bin/../lib/gcc/arm-atollic-eabi/6.3.1/../../../../arm-atollic-eabi/lib/armv7e-m/fpu/fpv5-sp-d16/libc_nano.a(lib_a-mlock.o)
                0x000000000800bf98                __malloc_lock
 .text.__malloc_unlock
                0x000000000800bf9a        0x2 /opt/Atollic_TrueSTUDIO_for_STM32_x86_64_9.2.0/ARMTools/bin/../lib/gcc/arm-atollic-eabi/6.3.1/../../../../arm-atollic-eabi/lib/armv7e-m/fpu/fpv5-sp-d16/libc_nano.a(lib_a-mlock.o)
                0x000000000800bf9a                __malloc_unlock
 .text._read_r  0x000000000800bf9c       0x24 /opt/Atollic_TrueSTUDIO_for_STM32_x86_64_9.2.0/ARMTools/bin/../lib/gcc/arm-atollic-eabi/6.3.1/../../../../arm-atollic-eabi/lib/armv7e-m/fpu/fpv5-sp-d16/libc_nano.a(lib_a-readr.o)
                0x000000000800bf9c                _read_r
 .text._fstat_r
                0x000000000800bfc0       0x24 /opt/Atollic_TrueSTUDIO_for_STM32_x86_64_9.2.0/ARMTools/bin/../lib/gcc/arm-atollic-eabi/6.3.1/../../../../arm-atollic-eabi/lib/armv7e-m/fpu/fpv5-sp-d16/libc_nano.a(lib_a-fstatr.o)
                0x000000000800bfc0                _fstat_r
 .text._isatty_r
                0x000000000800bfe4       0x20 /opt/Atollic_TrueSTUDIO_for_STM32_x86_64_9.2.0/ARMTools/bin/../lib/gcc/arm-atollic-eabi/6.3.1/../../../../arm-atollic-eabi/lib/armv7e-m/fpu/fpv5-sp-d16/libc_nano.a(lib_a-isattyr.o)
                0x000000000800bfe4                _isatty_r
 *(.glue_7)
 .glue_7        0x000000000800c004        0x0 linker stubs
 *(.glue_7t)
 .glue_7t       0x000000000800c004        0x0 linker stubs
 *(.eh_frame)
 .eh_frame      0x000000000800c004        0x0 /opt/Atollic_TrueSTUDIO_for_STM32_x86_64_9.2.0/ARMTools/bin/../lib/gcc/arm-atollic-eabi/6.3.1/armv7e-m/fpu/fpv5-sp-d16/crtbegin.o
 *(.init)
 .init          0x000000000800c004        0x4 /opt/Atollic_TrueSTUDIO_for_STM32_x86_64_9.2.0/ARMTools/bin/../lib/gcc/arm-atollic-eabi/6.3.1/armv7e-m/fpu/fpv5-sp-d16/crti.o
                0x000000000800c004                _init
 .init          0x000000000800c008        0x8 /opt/Atollic_TrueSTUDIO_for_STM32_x86_64_9.2.0/ARMTools/bin/../lib/gcc/arm-atollic-eabi/6.3.1/armv7e-m/fpu/fpv5-sp-d16/crtn.o
 *(.fini)
 .fini          0x000000000800c010        0x4 /opt/Atollic_TrueSTUDIO_for_STM32_x86_64_9.2.0/ARMTools/bin/../lib/gcc/arm-atollic-eabi/6.3.1/armv7e-m/fpu/fpv5-sp-d16/crti.o
                0x000000000800c010                _fini
 .fini          0x000000000800c014        0x8 /opt/Atollic_TrueSTUDIO_for_STM32_x86_64_9.2.0/ARMTools/bin/../lib/gcc/arm-atollic-eabi/6.3.1/armv7e-m/fpu/fpv5-sp-d16/crtn.o
                0x000000000800c01c                . = ALIGN (0x4)
                0x000000000800c01c                _etext = .

.vfp11_veneer   0x000000000800c01c        0x0
 .vfp11_veneer  0x000000000800c01c        0x0 linker stubs

.v4_bx          0x000000000800c01c        0x0
 .v4_bx         0x000000000800c01c        0x0 linker stubs

.iplt           0x000000000800c01c        0x0
 .iplt          0x000000000800c01c        0x0 /opt/Atollic_TrueSTUDIO_for_STM32_x86_64_9.2.0/ARMTools/bin/../lib/gcc/arm-atollic-eabi/6.3.1/armv7e-m/fpu/fpv5-sp-d16/crtbegin.o

.rodata         0x000000000800c01c     0x1b00
                0x000000000800c01c                . = ALIGN (0x4)
 *(.rodata)
 .rodata        0x000000000800c01c       0x14 Src/ethernetif.o
 .rodata        0x000000000800c030       0x14 Src/main.o
 *(.rodata*)
 .rodata.CSWTCH.38
                0x000000000800c044        0x4 Drivers/STM32F7xx_HAL_Driver/Src/stm32f7xx_hal_uart.o
 .rodata.CSWTCH.39
                0x000000000800c048        0xd Drivers/STM32F7xx_HAL_Driver/Src/stm32f7xx_hal_uart.o
 .rodata.vTaskStartScheduler.str1.1
                0x000000000800c055        0x5 Middlewares/Third_Party/FreeRTOS/Source/tasks.o
 .rodata.tcpip_init.str1.1
                0x000000000800c05a       0x51 Middlewares/Third_Party/LwIP/src/api/tcpip.o
 .rodata.tcpip_inpkt.str1.1
                0x000000000800c0ab        0xd Middlewares/Third_Party/LwIP/src/api/tcpip.o
 .rodata.tcpip_thread.str1.1
                0x000000000800c0b8       0x76 Middlewares/Third_Party/LwIP/src/api/tcpip.o
 .rodata.dhcp_bind.str1.1
                0x000000000800c12e       0x31 Middlewares/Third_Party/LwIP/src/core/ipv4/dhcp.o
 .rodata.dhcp_create_msg.str1.1
                0x000000000800c15f       0xc9 Middlewares/Third_Party/LwIP/src/core/ipv4/dhcp.o
 .rodata.dhcp_dec_pcb_refcount.str1.1
                0x000000000800c228       0x24 Middlewares/Third_Party/LwIP/src/core/ipv4/dhcp.o
 .rodata.dhcp_delete_msg.str1.1
                0x000000000800c24c       0x6a Middlewares/Third_Party/LwIP/src/core/ipv4/dhcp.o
 .rodata.dhcp_inc_pcb_refcount.str1.1
                0x000000000800c2b6       0x25 Middlewares/Third_Party/LwIP/src/core/ipv4/dhcp.o
 .rodata.dhcp_option.str1.1
                0x000000000800c2db       0x48 Middlewares/Third_Party/LwIP/src/core/ipv4/dhcp.o
 .rodata.dhcp_option_byte.str1.1
                0x000000000800c323       0x3b Middlewares/Third_Party/LwIP/src/core/ipv4/dhcp.o
 .rodata.dhcp_option_long.str1.1
                0x000000000800c35e       0x40 Middlewares/Third_Party/LwIP/src/core/ipv4/dhcp.o
 .rodata.dhcp_option_short.str1.1
                0x000000000800c39e       0x76 Middlewares/Third_Party/LwIP/src/core/ipv4/dhcp.o
                                         0x9e (size before relaxing)
 .rodata.dhcp_option_trailer.str1.1
                0x000000000800c414       0x8d Middlewares/Third_Party/LwIP/src/core/ipv4/dhcp.o
 .rodata.dhcp_recv.str1.1
                0x000000000800c4a1       0x85 Middlewares/Third_Party/LwIP/src/core/ipv4/dhcp.o
 .rodata.dhcp_set_struct.str1.1
                0x000000000800c526       0x24 Middlewares/Third_Party/LwIP/src/core/ipv4/dhcp.o
                                         0x3f (size before relaxing)
 .rodata.dhcp_start.str1.1
                0x000000000800c54a       0x39 Middlewares/Third_Party/LwIP/src/core/ipv4/dhcp.o
 .rodata.dhcp_stop.str1.1
                0x000000000800c583       0x19 Middlewares/Third_Party/LwIP/src/core/ipv4/dhcp.o
 .rodata.etharp_find_entry.isra.0.str1.1
                0x000000000800c59c       0x40 Middlewares/Third_Party/LwIP/src/core/ipv4/etharp.o
 .rodata.etharp_get_entry.str1.1
                0x000000000800c5dc       0x1f Middlewares/Third_Party/LwIP/src/core/ipv4/etharp.o
 .rodata.etharp_input.str1.1
                0x000000000800c5fb       0x24 Middlewares/Third_Party/LwIP/src/core/ipv4/etharp.o
 .rodata.etharp_output.str1.1
                0x000000000800c61f       0x24 Middlewares/Third_Party/LwIP/src/core/ipv4/etharp.o
                                          0xa (size before relaxing)
 .rodata.etharp_output_to_arp_index.str1.1
                0x000000000800c61f       0x30 Middlewares/Third_Party/LwIP/src/core/ipv4/etharp.o
 .rodata.etharp_query.str1.1
                0x000000000800c64f       0x42 Middlewares/Third_Party/LwIP/src/core/ipv4/etharp.o
 .rodata.etharp_raw.str1.1
                0x000000000800c691       0xa9 Middlewares/Third_Party/LwIP/src/core/ipv4/etharp.o
                                         0xdf (size before relaxing)
 .rodata.icmp_input.str1.1
                0x000000000800c73a       0x67 Middlewares/Third_Party/LwIP/src/core/ipv4/icmp.o
 .rodata.icmp_send_response.isra.0.str1.1
                0x000000000800c7a1       0x61 Middlewares/Third_Party/LwIP/src/core/ipv4/icmp.o
                                         0x89 (size before relaxing)
 .rodata.ip4_output_if_src.str1.1
                0x000000000800c802       0x6d Middlewares/Third_Party/LwIP/src/core/ipv4/ip4.o
                                         0x95 (size before relaxing)
 *fill*         0x000000000800c86f        0x1 
 .rodata.ip_addr_any
                0x000000000800c870        0x4 Middlewares/Third_Party/LwIP/src/core/ipv4/ip4_addr.o
                0x000000000800c870                ip_addr_any
 .rodata.ip_addr_broadcast
                0x000000000800c874        0x4 Middlewares/Third_Party/LwIP/src/core/ipv4/ip4_addr.o
                0x000000000800c874                ip_addr_broadcast
 .rodata.ip4_frag.str1.1
                0x000000000800c878       0x61 Middlewares/Third_Party/LwIP/src/core/ipv4/ip4_frag.o
 .rodata.ip4_reass.str1.1
                0x000000000800c8d9       0x84 Middlewares/Third_Party/LwIP/src/core/ipv4/ip4_frag.o
 .rodata.ip_frag_free_pbuf_custom_ref.str1.1
                0x000000000800c95d       0x84 Middlewares/Third_Party/LwIP/src/core/ipv4/ip4_frag.o
                                          0xa (size before relaxing)
 .rodata.ip_reass_dequeue_datagram.str1.1
                0x000000000800c95d       0x52 Middlewares/Third_Party/LwIP/src/core/ipv4/ip4_frag.o
                                         0x7a (size before relaxing)
 .rodata.ip_reass_free_complete_datagram.str1.1
                0x000000000800c9af       0x56 Middlewares/Third_Party/LwIP/src/core/ipv4/ip4_frag.o
 .rodata.ipfrag_free_pbuf_custom.str1.1
                0x000000000800ca05        0xc Middlewares/Third_Party/LwIP/src/core/ipv4/ip4_frag.o
 .rodata.mem_free.str1.1
                0x000000000800ca11       0xc2 Middlewares/Third_Party/LwIP/src/core/mem.o
 .rodata.mem_init.str1.1
                0x000000000800cad3       0x4a Middlewares/Third_Party/LwIP/src/core/mem.o
                                         0x72 (size before relaxing)
 .rodata.mem_malloc.str1.1
                0x000000000800cb1d       0x9b Middlewares/Third_Party/LwIP/src/core/mem.o